abience 1 adience
ability 1 inability unfitness
abnormality 1 normalcy normality
abruptness 1 gentleness gradualness
absence 1 presence
absorbency 1 nonabsorbency
abstractness 1 concreteness
abundance 1 scarceness scarcity
acceleration 1 deceleration retardation slowing
acceptability 1 unacceptability unacceptableness
acceptance 1 rejection
accessibility 1 inaccessibility unavailability
accrual-basis 1 cash-basis
accuracy 1 inaccuracy
achiever 1 failure loser nonstarter unsuccessful-person
achromatic-color 1 chromatic-color chromatic-colour spectral-color spectral-colour
acidity 1 alkalinity
acquittal 1 conviction judgment-of-conviction sentence
acrocarp 1 pleurocarp pleurocarpous-moss
action 1 inaction inactiveness inactivity
activation 1 deactivation defusing
activator 1 inhibitor
active-trust 1 passive-trust
active-voice 1 passive passive-voice
activeness 1 inaction inactiveness inactivity inertia
activity 1 inaction inactiveness inactivity
actual-sin 1 original-sin
acuteness 1 obtuseness
adaptability 1 unadaptability
addition 1 deduction subtraction
adequacy 1 deficiency inadequacy inadequateness insufficiency
adience 1 abience
admissibility 1 inadmissibility
adult 1 juvenile juvenile-person
advantage 1 disadvantage
advisability 1 inadvisability
affectedness 1 unaffectedness
affinity 1 blood-kinship cognation consanguinity
affirmation 1 reversal
affirmative 1 negative
aged 1 young youth
agitation 1 calmness
agreeableness 1 disagreeableness
agreement 1 disagreement dissension
air-mail 1 surface-mail
alignment 1 nonalignment nonalinement
aliquant 1 aliquot aliquot-part
aliquot 1 aliquant aliquant-part
alkalinity 1 acidity
allogamy 1 autogamy
allopathy 1 homeopathy homoeopathy
alterability 1 unalterability
alternating-current 1 DC direct-current
altruism 1 egocentrism egoism self-centeredness self-concern self-interest
amateur 1 pro professional
ambiguity 1 unambiguity unequivocalness
anabolism 1 catabolism destructive-metabolism dissimilation katabolism
analysis 1 synthesis synthetic-thinking
anamorphism 1 katamorphism
anaphrodisia 1 aphrodisia
anapsid 1 diapsid diapsid-reptile
anastalsis 1 peristalsis vermiculation
ancestor 1 descendant descendent
anestrus 1 estrus heat oestrus rut
anglican 1 Nonconformist chapelgoer
anglophilia 1 Anglophobia
anglophobia 1 Anglophilia
angularity 1 roundness
animateness 1 inanimateness lifelessness
anovulation 1 ovulation
answer 1 enquiry inquiry query question
antapex 1 apex apex-of-the-sun's-way solar-apex
anteriority 1 posteriority
anticatalyst 1 accelerator catalyst
anticyclone 1 cyclone
antitype 1 type
aphelion 1 perihelion
aphrodisia 1 anaphrodisia
apogee 1 perigee
apojove 1 perijove
apolune 1 perilune periselene
aposelene 1 perilune periselene
appearance 1 disappearance disappearing
appetizingness 1 unappetizingness
applicability 1 inapplicability
appositeness 1 inappositeness inaptness
appreciation 1 depreciation
approachability 1 unapproachability
approbation 1 condemnation disapprobation
appropriateness 1 inappropriateness wrongness
approval 1 disapproval
aptitude 1 inaptitude
aptness 1 inappositeness inaptness
arabic-numeral 1 Roman-numeral
arianism 1 Athanasianism
armament 1 disarmament disarming
arming 1 disarmament disarming
artfulness 1 artlessness
artifact 1 natural-object
artificial-language 1 natural-language tongue
artlessness 1 artfulness
ascending-node 1 descending-node
ascent 1 decline declivity descent downslope fall
assembly 1 disassembly dismantlement dismantling
asset 1 financial-obligation indebtedness liability pecuniary-obligation
assortative-mating 1 disassortative-mating
astigmatism 1 stigmatism
asymmetry 1 balance correspondence symmetricalness symmetry
asynchronism 1 synchroneity synchronicity synchronisation synchronism synchronization synchronizing synchrony
asynchronous-operation 1 synchronous-operation
athanasianism 1 Arianism
atheism 1 theism
atonality 1 key tonality
atonicity 1 tone tonicity tonus
attendance 1 nonattendance
attention 1 inattention
attentiveness 1 heedlessness inattentiveness
attraction 1 repulsion repulsive-force
attractiveness 1 unattractiveness
atypicality 1 typicality
audibility 1 inaudibility inaudibleness
aunt 1 uncle
auspiciousness 1 inauspiciousness unpropitiousness
autocracy 1 commonwealth democracy republic
autogamy 1 allogamy
autumnal-equinox 1 March-equinox spring-equinox vernal-equinox
availability 1 inaccessibility unavailability
away-game 1 home-game
awkwardness 1 gracefulness
back 1 front
bad 1 good goodness
bad-guy 1 good-guy
bad-luck 1 good-fortune good-luck
bad-person 1 good-person
bad-weather 1 good-weather
badness 1 good goodness
balance 1 imbalance instability unbalance
bear 1 bull
beauty 1 ugliness
becomingness 1 unbecomingness
belief 1 disbelief unbelief
beneficence 1 balefulness maleficence mischief
benevolence 1 malevolence malignity
benignancy 1 malignance malignancy malignity
benignity 1 malignance malignancy malignity
best 1 worst
bigness 1 littleness smallness
birth 1 death decease demise dying
black 1 white whiteness
blunt-file 1 taper-file
boarding-school 1 day-school
boldness 1 timidity timorousness
borrower 1 lender loaner
bottom 1 top top-of-the-inning
boy 1 child daughter female-child girl little-girl
brave 1 cautious timid
breakableness 1 unbreakableness
brightness 1 dullness dulness
broad-mindedness 1 narrow-mindedness
brother 1 sis sister
bull 1 bear
cacodemon 1 eudaemon eudemon good-spirit
call-option 1 put put-option
calmness 1 agitation
capability 1 incapability incapableness
capableness 1 incapability incapableness
capacity 1 incapacity
capitalism 1 socialism socialist-economy
captor 1 liberator
carefulness 1 carelessness
carelessness 1 carefulness
carinate 1 flightless-bird ratite ratite-bird
cash 1 credit deferred-payment
cash-account 1 margin-account
cash-basis 1 accrual-basis
catabolism 1 anabolism constructive-metabolism
catalyst 1 anticatalyst
caution 1 incaution incautiousness
cenobite 1 eremite
cenogenesis 1 palingenesis recapitulation
centrality 1 marginality
centralization 1 decentralisation decentralization
centrifugal-force 1 centripetal-force
centripetal-force 1 centrifugal-force
ceremoniousness 1 unceremoniousness
certainty 1 doubt doubtfulness dubiety dubiousness incertitude uncertainness uncertainty
changeableness 1 changelessness unchangeability unchangeableness unchangingness
changelessness 1 changeability changeableness
cheerlessness 1 blitheness cheerfulness
chromatic-color 1 achromatic-color achromatic-colour
circumstantial-evidence 1 direct-evidence
cisc 1 RISC reduced-instruction-set-computer reduced-instruction-set-computing
citizen 1 alien foreigner noncitizen outlander
civil-law 1 international-law law-of-nations
civilian 1 man military-man military-personnel serviceman
civility 1 incivility
clarity 1 abstruseness obscureness obscurity opacity opaqueness reconditeness
classicism 1 romanticism
classicist 1 romantic romanticist
classification 1 declassification
cleanliness 1 uncleanliness
cleanness 1 dirtiness uncleanness
clearness 1 unclearness
clergy 1 laity temporalty
clergyman 1 layman layperson
closed-chain 1 open-chain
closed-circuit 1 open-circuit
closed-interval 1 open-interval unbounded-interval
closeness 1 openness
closing 1 opening
coherence 1 incoherence incoherency
cold-war 1 hot-war
coldness 1 heat high-temperature hotness
color 1 achromatism colorlessness
colorlessness 1 color coloring colour colouring
colors 1 achromatism colorlessness
comedy 1 tragedy
comfort 1 discomfort uncomfortableness
comforts 1 discomfort uncomfortableness
common-noun 1 proper-name proper-noun
commonality 1 individualism individuality
commonness 1 uncommonness
communicativeness 1 uncommunicativeness
compatibility 1 incompatibility
competence 1 incompetence incompetency
competition 1 cooperation
completeness 1 incompleteness
complex-instruction-set-computer 1 RISC reduced-instruction-set-computer reduced-instruction-set-computing
complex-instruction-set-computing 1 RISC reduced-instruction-set-computer reduced-instruction-set-computing
complexity 1 simpleness simplicity
compliance 1 disobedience noncompliance
composure 1 discomposure
comprehensibility 1 incomprehensibility
comprehension 1 incomprehension
compressibility 1 incompressibility
compression 1 decompressing decompression
con 1 pro
concave-polygon 1 convex-polygon
concentration 1 diluting dilution dispersion distribution
concentricity 1 eccentricity
conception 1 misconception
concern 1 unconcern
conclusiveness 1 inconclusiveness
concreteness 1 abstractness
conductor 1 dielectric insulator nonconductor
confidence 1 diffidence self-distrust self-doubt
conformist 1 nonconformist recusant
congeniality 1 uncongeniality
congruity 1 incongruity incongruousness
congruousness 1 incongruity incongruousness
connectedness 1 disconnectedness disconnection disjunction disjuncture unconnectedness
consanguinity 1 affinity kinship-by-marriage
conscientiousness 1 unconscientiousness
consciousness 1 unconsciousness
consequence 1 inconsequence
conservative 1 liberal progressive
consideration 1 inconsiderateness inconsideration thoughtlessness
consistency 1 inconsistency
consonant 1 vowel vowel-sound
conspicuousness 1 inconspicuousness
constancy 1 changefulness inconstancy
constructiveness 1 destructiveness
contamination 1 decontamination
contentment 1 discontent discontentedness discontentment
continuance 1 discontinuance discontinuation
continuant-consonant 1 occlusive plosive plosive-consonant plosive-speech-sound stop stop-consonant
continuation 1 discontinuance discontinuation
continuity 1 discontinuity
contraction 1 extension
convenience 1 inconvenience
conveniences 1 inconvenience
conventionality 1 unconventionality
convertibility 1 inconvertibility
convex-polygon 1 concave-polygon
conviction 1 acquittal
cooking-apple 1 dessert-apple eating-apple
cooperation 1 competition contention rivalry
coordination 1 incoordination
corporeality 1 immateriality incorporeality
corpuscular-theory 1 undulatory-theory wave-theory
correctness 1 incorrectness wrongness
corruptibility 1 incorruptibility
corruptness 1 incorruption incorruptness
counterfactuality 1 factuality factualness
courage 1 cowardice cowardliness
courtesy 1 discourtesy rudeness
cowardice 1 bravery courage courageousness
creativeness 1 uncreativeness
credibility 1 incredibility incredibleness
credit 1 cash debit debit-entry immediate-payment
creditor 1 debtor
crookedness 1 straightness
cross-fertilization 1 self-fertilisation self-fertilization
cross-pollination 1 self-pollination
cultivated-plant 1 weed
curability 1 incurability incurableness
curableness 1 incurability incurableness
curliness 1 straightness
curve 1 straight-line
cyclone 1 anticyclone
dabbling-duck 1 diving-duck
danger 1 safety
dangerousness 1 safeness
dark 1 light lighting
darkness 1 lightness
daughter 1 boy son
day 1 dark night nighttime
day-game 1 night-game
day-school 1 boarding-school night-school
days 1 dark night nighttime
deactivation 1 activation
dead 1 living
debit 1 credit credit-entry
debtor 1 creditor
deceleration 1 acceleration
decency 1 indecency
decentralization 1 centralisation centralization
deciduous-plant 1 evergreen evergreen-plant
decision 1 indecision indecisiveness
decisiveness 1 indecision indecisiveness
declassification 1 classification
decline 1 improvement
decompression 1 compressing compression
decontamination 1 contamination pollution
decorousness 1 indecorousness indecorum
decorum 1 indecorousness indecorum
decrease 1 growth increase increment step-up
decrement 1 growth increase increment
dedicated-file-server 1 non-dedicated-file-server
deepness 1 shallowness
defeat 1 triumph victory
defendant 1 complainant plaintiff
deflation 1 inflation rising-prices
demand 1 supply
demerit 1 merit virtue
demobilization 1 militarisation militarization mobilisation mobilization
democracy 1 autarchy autocracy
demonetization 1 monetisation monetization
demotion 1 promotion
denationalization 1 nationalisation nationalization
dependability 1 undependability undependableness unreliability unreliableness
dependableness 1 undependability undependableness unreliability unreliableness
depreciation 1 appreciation
depression 1 elation
descendant 1 ancestor antecedent ascendant ascendent
descendants 1 ancestor antecedent ascendant ascendent
descending-node 1 ascending-node
descent 1 acclivity ascent climb raise rise upgrade
desirability 1 undesirability
despair 1 hope
destructibility 1 indestructibility
destructiveness 1 constructiveness
desynchronization 1 synchroneity synchronicity synchronisation synchronism synchronization synchronizing synchrony
desynchronizing 1 synchroneity synchronicity synchronisation synchronism synchronization synchronizing synchrony
development 1 nondevelopment
diapsid 1 anapsid anapsid-reptile
difference 1 sameness
difficulty 1 ease easiness simplicity
digestibility 1 indigestibility indigestibleness
digitigrade-mammal 1 plantigrade-mammal
dilution 1 concentration
direct-current 1 AC alternating-current
direct-discourse 1 indirect-discourse
direct-evidence 1 circumstantial-evidence indirect-evidence
directness 1 indirectness
dirtiness 1 cleanness
disadvantage 1 advantage vantage
disagreeableness 1 agreeability agreeableness amenity
disagreement 1 accord agreement
disappearance 1 appearance
disapprobation 1 approbation
disapproval 1 approval approving blessing commendation
disarmament 1 armament arming equipping
disarming 1 armament arming equipping
disassembly 1 assemblage assembly gathering
disassortative-mating 1 assortative-mating
discipline 1 indiscipline undiscipline
discomfort 1 comfort comfortableness
discomposure 1 calm calmness composure equanimity
disconnectedness 1 connectedness connection link
discontentment 1 contentment
discontinuance 1 continuance continuation
discontinuation 1 continuance continuation
discontinuity 1 continuity
discouragement 1 encouragement
discourtesy 1 courtesy good-manners
disembarkation 1 boarding embarkation embarkment
disembarrassment 1 embarrassment
disenfranchisement 1 certification enfranchisement
disequilibrium 1 equilibrium
disesteem 1 esteem regard respect
dishonesty 1 honestness honesty
dishonor 1 honor honour laurels
dishonorableness 1 honorableness honourableness
disincentive 1 incentive inducement
disinclination 1 inclination
disinflation 1 inflation rising-prices
disingenuousness 1 ingenuousness
dislike 1 liking
disloyalty 1 loyalty
disorder 1 order orderliness
disorderliness 1 order orderliness
dispensability 1 indispensability indispensableness vitalness
dispensableness 1 indispensability indispensableness vitalness
disproportion 1 proportion symmetry
disreputability 1 reputability respectability
disrepute 1 reputation repute
disrespect 1 esteem regard respect
dissatisfaction 1 satisfaction
disservice 1 service
dissimilarity 1 similarity
dissimilitude 1 alikeness likeness similitude
dissonance 1 harmony
dissuasion 1 persuasion
distinctness 1 blurriness fogginess fuzziness indistinctness
distribution 1 compactness concentration denseness density
distrust 1 trust trustfulness trustingness
diving-duck 1 dabbler dabbling-duck
domain 1 range
domestic-flight 1 international-flight
dove 1 hawk war-hawk
dovishness 1 hawkishness
downtick 1 uptick
draftee 1 military-volunteer voluntary volunteer
driver 1 nondriver
drunkenness 1 soberness sobriety
dry-fly 1 wet-fly
dry-season 1 rainy-season
dryness 1 wetness
dullness 1 asperity brightness sharpness
dysgenics 1 eugenics
dystopia 1 utopia
earliness 1 lateness
earned-run 1 unearned-run
ease 1 difficultness difficulty
easy-money 1 tight-money
eating-apple 1 cooking-apple
ebbtide 1 flood-tide rising-tide
eccentricity 1 concentricity
ectropy 1 entropy
effectiveness 1 ineffectiveness ineffectuality ineffectualness
efficacy 1 inefficaciousness inefficacy
efficiency 1 inefficiency
efflux 1 inflow influx
effortfulness 1 effortlessness
effortlessness 1 effortfulness
egalitarian 1 elitist
egoism 1 altruism selflessness
elasticity 1 inelasticity
elation 1 depression
elegance 1 inelegance
eligibility 1 ineligibility
elitist 1 egalitarian equalitarian
embarkation 1 debarkation disembarkation disembarkment
embarrassment 1 disembarrassment
emotional-person 1 stoic unemotional-person
emotionality 1 emotionlessness unemotionality
employee 1 employer
employer 1 employee
employment 1 unemployment
emptiness 1 fullness
encouragement 1 discouragement
ending 1 beginning
enfranchisement 1 disenfranchisement
engagement 1 non-engagement non-involvement nonparticipation
enlightenment 1 unenlightenment
entropy 1 ectropy
equality 1 inequality
equilibrium 1 disequilibrium
equity 1 inequity unfairness
equivalence 1 nonequivalence
equivocalness 1 unambiguity unequivocalness
eremite 1 cenobite coenobite
errancy 1 inerrancy
essential 1 inessential nonessential
essentiality 1 inessentiality
esteem 1 disesteem
estrus 1 anestrum anestrus anoestrum anoestrus
eudemon 1 cacodaemon cacodemon
eugenics 1 cacogenics dysgenics
eukaryote 1 procaryote prokaryote
euphoria 1 dysphoria
even-toed-ungulate 1 odd-toed-ungulate perissodactyl perissodactyl-mammal
evenness 1 unevenness variability
evergreen-plant 1 deciduous-plant
evil 1 good goodness
evilness 1 good goodness
exactness 1 inexactitude inexactness
exchangeability 1 unexchangeability
exclusion 1 inclusion
existence 1 nonexistence
expectedness 1 surprisingness unexpectedness
expedience 1 inexpedience inexpediency
expediency 1 inexpedience inexpediency
expensiveness 1 inexpensiveness
experience 1 inexperience
explicitness 1 inexplicitness
export 1 import
extension 1 contraction
extensor 1 flexor flexor-muscle
extraordinariness 1 ordinariness
extrovert 1 introvert
factuality 1 counterfactuality
failing 1 pass passing qualifying
failure 1 success
faintheartedness 1 stoutheartedness
fair-ball 1 foul foul-ball
fairness 1 inequity unfairness
faithfulness 1 infidelity unfaithfulness
fall 1 ascension ascent rise rising
fallibility 1 infallibility
falls 1 ascension ascent rise rising
falsehood 1 true-statement truth
falsity 1 truth verity
fame 1 infamy opprobrium
familiarity 1 strangeness unfamiliarity
farness 1 closeness nearness
fast-lane 1 slow-lane
fat-person 1 skin-and-bones thin-person
father 1 female-parent mother
fatness 1 leanness thinness
fauna 1 flora vegetation
favorableness 1 unfavorableness unfavourableness
fear 1 bravery fearlessness
fearfulness 1 fearlessness
fearlessness 1 fear fearfulness fright
feasibility 1 infeasibility unfeasibility
felicity 1 infelicity
female 1 male male-person
female-aristocrat 1 male-aristocrat
female-child 1 boy child male-child
female-monarch 1 king male-monarch
female-offspring 1 male-offspring man-child
female-parent 1 begetter father male-parent
female-sibling 1 male-sibling
femaleness 1 maleness masculinity
femininity 1 masculinity
fertility 1 infertility sterility
fidelity 1 infidelity unfaithfulness
figure 1 ground
finish 1 beginning commencement start
finiteness 1 boundlessness infiniteness infinitude limitlessness unboundedness
fitness 1 bad-condition poor-shape unfitness
fixed-width-font 1 proportional-font
flexibility 1 inflexibility inflexibleness rigidity
flexor 1 extensor extensor-muscle
flood-tide 1 ebbtide
foe 1 ally confederate friend
follies 1 wisdom wiseness
follower 1 leader
followers 1 leader
folly 1 wisdom wiseness
foot 1 head
foreignness 1 nativeness
formalism 1 imitation
formalities 1 informality
formality 1 informality
former 1 latter
fresh-water 1 brine saltwater seawater
freshness 1 staleness
friend 1 enemy foe
friendliness 1 unfriendliness
frivolity 1 earnestness serious-mindedness seriousness sincerity
front 1 back back-end backside rear
fruitfulness 1 aridity barrenness fruitlessness
fruitlessness 1 fecundity fruitfulness
fullness 1 emptiness
future 1 past past-times yesteryear yore
futurity 1 pastness
gain 1 loss
general 1 particular specific
general-agent 1 special-agent
general-verdict 1 special-verdict
generalist 1 specialist specializer
generality 1 particularity
generosity 1 stinginess
genuineness 1 spuriousness
girl 1 boy child male-child son
godliness 1 godlessness ungodliness
good 1 bad badness evil evilness
good-fortune 1 bad-luck ill-luck misfortune
good-guy 1 bad-guy
good-health 1 health-problem ill-health unhealthiness
good-humor 1 ill-humor ill-humour
good-luck 1 bad-luck ill-luck misfortune
good-nature 1 ill-nature
good-part 1 soft-spot weak-part weak-spot
good-person 1 bad-person
good-weather 1 bad-weather inclemency inclementness
goodness 1 bad badness evil evilness
goods 1 bad badness evil evilness
gracefulness 1 awkwardness clumsiness
graciousness 1 ungraciousness
gradualness 1 abruptness precipitousness steepness
grand-larceny 1 petit-larceny petty-larceny
gratitude 1 ingratitude ungratefulness
gravity 1 levity
greenness 1 ripeness
ground 1 figure
ground-stroke 1 volley
grounds 1 figure
guilt 1 innocence
gutlessness 1 gutsiness pluck pluckiness
gutsiness 1 gutlessness
hairiness 1 hairlessness
hairlessness 1 hairiness
hand-mower 1 motor-mower power-mower
happiness 1 sadness unhappiness
hardball 1 softball softball-game
hardness 1 softness
hardware 1 software software-system
harmony 1 dissonance
hate 1 love
hawk 1 dove peacenik
hawkishness 1 dovishness
head 1 foot rear
healthfulness 1 unhealthfulness
heaven 1 Hell Inferno infernal-region nether-region perdition the-pit
heavens 1 Hell Inferno infernal-region nether-region perdition the-pit
heaviness 1 lightness weightlessness
heedfulness 1 heedlessness inadvertence inadvertency unmindfulness
heedlessness 1 heedfulness mindfulness
heir-apparent 1 heir-presumptive
heir-presumptive 1 heir-apparent
hell 1 Heaven
here 1 there
hereness 1 thereness
heterocercal-fin 1 homocercal-fin
heterodactyl-foot 1 zygodactyl-foot
heterogeneity 1 homogeneity homogeneousness
high 1 low
high-pitch 1 low-frequency low-pitch
high-quality 1 inferiority low-quality
high-relief 1 bas-relief basso-relievo low-relief
high-spirits 1 low-spirits
high-status 1 low-status
high-tide 1 low-tide low-water
highland 1 lowland
highlands 1 lowland
highness 1 lowness
holiness 1 unholiness
hollowness 1 solidity
home-game 1 away-game road-game
homeopathy 1 allopathy
homocercal-fin 1 heterocercal-fin
homogeneity 1 heterogeneity heterogeneousness
honesty 1 dishonesty
honor 1 dishonor dishonour
honorableness 1 dishonorableness dishonourableness
hope 1 despair
hopefulness 1 hopelessness
hopelessness 1 hopefulness
hospitableness 1 inhospitableness
host 1 parasite
hot-war 1 cold-war
hotness 1 cold coldness low-temperature
humaneness 1 inhumaneness inhumanity
humility 1 pride pridefulness
husband 1 married-woman wife
hypersomnia 1 insomnia
hyperthermia 1 hypothermia
hypothermia 1 hyperthermia hyperthermy
ill-being 1 upbeat welfare well-being
ill-health 1 good-health healthiness
ill-humor 1 amiability good-humor good-humour good-temper
ill-nature 1 good-nature
illegality 1 legality
illegibility 1 legibility readability
illegitimacy 1 legitimacy
illiberality 1 liberality liberalness
illicitness 1 licitness
illiteracy 1 literacy
illogicality 1 logicality logicalness
illogicalness 1 logicality logicalness
imbalance 1 balance
imitation 1 formalism
immateriality 1 corporeality materiality physicalness
immaturity 1 matureness maturity
immediacy 1 mediacy mediateness
immobility 1 mobility
immoderation 1 moderateness moderation
immodesty 1 modesty
immorality 1 morality
immortality 1 mortality
immotility 1 motility
immovability 1 movability movableness
immovableness 1 movability movableness
immutability 1 mutability mutableness
immutableness 1 mutability mutableness
impalpability 1 palpability tangibility tangibleness
impartiality 1 partiality partisanship
impatience 1 forbearance longanimity patience
impenetrability 1 penetrability perviousness
imperceptibility 1 perceptibility
imperfectibility 1 perfectability perfectibility
imperfection 1 flawlessness ne-plus-ultra perfection
impermanence 1 permanence permanency
impermeability 1 permeability permeableness
impermissibility 1 permissibility
imperviousness 1 penetrability perviousness
impiety 1 piety piousness
implausibility 1 plausibility plausibleness
impoliteness 1 niceness politeness
import 1 export
importance 1 unimportance
impossibility 1 possibility possibleness
impracticability 1 practicability practicableness
impracticableness 1 practicability practicableness
impracticality 1 practicality
impreciseness 1 preciseness precision
imprecision 1 preciseness precision
improbability 1 probability
improperness 1 correctitude properness propriety
impropriety 1 correctitude properness propriety
improvement 1 decline
improvidence 1 providence
imprudence 1 prudence
impurity 1 pureness purity
in-basket 1 out-basket out-tray
inability 1 ability power
inaccessibility 1 accessibility availability availableness handiness
inaccuracy 1 accuracy truth
inaction 1 action activeness activity
inactiveness 1 action activeness activity
inactivity 1 action activeness activity
inadequacy 1 adequacy adequateness sufficiency
inadmissibility 1 admissibility
inadvisability 1 advisability
inanimateness 1 aliveness animateness liveness
inapplicability 1 applicability pertinence pertinency
inappositeness 1 appositeness aptness
inappropriateness 1 appropriateness rightness
inaptitude 1 aptitude
inaptness 1 appositeness aptness
inattention 1 attending attention
inattentiveness 1 attentiveness heed paying-attention regard
inaudibility 1 audibility audibleness
inauspiciousness 1 auspiciousness propitiousness
incapability 1 capability capableness potentiality
incapableness 1 capability capableness
incapacity 1 capacity mental-ability
incaution 1 carefulness caution cautiousness
incentive 1 deterrence disincentive
incivility 1 civility
inclination 1 disinclination
inclusion 1 exclusion
incoherence 1 coherence coherency cohesion cohesiveness
income 1 expenditure outgo outlay
incompatibility 1 compatibility
incompetence 1 competence competency
incompleteness 1 completeness
incomprehensibility 1 comprehensibility understandability
incomprehension 1 comprehension
incompressibility 1 compressibility sponginess squeezability
inconclusiveness 1 conclusiveness decisiveness finality
incongruity 1 congruence congruity congruousness
incongruousness 1 congruence congruity congruousness
inconsequence 1 consequence import moment
inconsideration 1 considerateness consideration thoughtfulness
inconsistency 1 consistence consistency
inconspicuousness 1 conspicuousness
inconstancy 1 constancy stability
inconvenience 1 convenience
inconvertibility 1 convertibility
incoordination 1 coordination
incorporeality 1 corporeality materiality physicalness
incorrectness 1 correctness rightness
incorruptibility 1 corruptibility
incorruptness 1 corruption corruptness
increase 1 decrease decrement diminution drop-off lessening reduction step-down
incredibility 1 believability credibility credibleness
increment 1 decrease decrement
incurability 1 curability curableness
incurableness 1 curability curableness
indecency 1 decency
indecision 1 decision decisiveness
indecisiveness 1 decision decisiveness
indecorousness 1 decorousness decorum
indecorum 1 decorousness decorum
indestructibility 1 destructibility
indigestibility 1 digestibility digestibleness
indirect-discourse 1 direct-discourse direct-quotation
indirectness 1 directness straightness
indiscipline 1 discipline
indispensability 1 dispensability dispensableness
indispensableness 1 dispensability dispensableness
indistinctness 1 distinctness sharpness
individuality 1 commonality commonness
ineffectiveness 1 effectiveness effectivity effectuality effectualness
inefficacy 1 efficaciousness efficacy
inefficiency 1 efficiency
inelasticity 1 elasticity
inelegance 1 elegance
ineligibility 1 eligibility
inequality 1 equality
inequity 1 equity fairness
inerrancy 1 errancy
inessential 1 essential necessary necessity requirement requisite
inessentiality 1 essentiality essentialness
inexactness 1 exactitude exactness
inexpedience 1 expedience expediency
inexpediency 1 expedience expediency
inexpensiveness 1 expensiveness
inexperience 1 experience
inexplicitness 1 explicitness
infallibility 1 fallibility
infamy 1 celebrity fame renown
infeasibility 1 feasibility feasibleness
infelicity 1 felicitousness felicity
inferior 1 higher-up superior superordinate
inferiority 1 high-quality superiority
infertility 1 fecundity fertility
infidelity 1 faithfulness fidelity
infiniteness 1 boundedness finiteness finitude
inflexibility 1 flexibility flexibleness
inflow 1 effluence efflux outflow
influx 1 effluence efflux outflow
informality 1 formality formalness
ingenuousness 1 disingenuousness
ingratitude 1 gratitude
inhibitor 1 activator
inhospitableness 1 hospitableness
inhumaneness 1 humaneness
initiate 1 uninitiate
injudiciousness 1 judiciousness
injustice 1 justice justness
innocence 1 guilt guiltiness
inopportuneness 1 opportuneness patness timeliness
inpatient 1 outpatient
insalubriousness 1 salubriousness salubrity
insalubrity 1 salubriousness salubrity
insanity 1 saneness sanity
insecureness 1 secureness
insecurity 1 security
insensibility 1 sensibility
insensitiveness 1 sensitiveness sensitivity
insensitivity 1 sensitiveness sensitivity
insentience 1 sentience
inside 1 exterior outside
insignificance 1 significance
insincerity 1 sincerity
insolubility 1 solubility
insolvency 1 solvency
insomnia 1 hypersomnia
instability 1 stability stableness
insubordination 1 subordination
insubstantiality 1 substantiality substantialness
insufficiency 1 adequacy sufficiency
insulator 1 conductor
intangibility 1 palpability tangibility tangibleness
integration 1 segregation sequestration
intelligence 1 stupidity
intelligibility 1 unintelligibility
intemperance 1 moderation temperance
interestingness 1 uninterestingness
interference 1 noninterference nonintervention
international-flight 1 domestic-flight
international-law 1 civil-law
intervention 1 noninterference nonintervention
intolerance 1 tolerance
intractability 1 flexibility tractability tractableness
intransitivity 1 transitiveness transitivity
introvert 1 extravert extrovert
inutility 1 usefulness utility
invariability 1 unevenness variability variableness variance
invariableness 1 variability variableness variance
invisibility 1 visibility visibleness
involvement 1 non-engagement non-involvement nonparticipation
invulnerability 1 vulnerability
inwardness 1 externality outwardness
irregularity 1 regularity
irrelevance 1 relevance relevancy
irresoluteness 1 firmness resoluteness resolution resolve
irresponsibility 1 responsibility responsibleness
irreverence 1 reverence
irreversibility 1 reversibility
joy 1 sorrow
judgment-in-personam 1 judgement-in-rem judgment-in-rem
judgment-in-rem 1 judgement-in-personam judgment-in-personam personal-judgement personal-judgment
judiciousness 1 indiscreetness injudiciousness
justice 1 injustice unjustness
juvenile 1 adult grownup
katamorphism 1 anamorphism
kindness 1 unkindness
king 1 female-monarch queen queen-regnant
lady 1 lord noble nobleman
laity 1 clergy
larboard 1 starboard
largeness 1 littleness smallness
lateness 1 earliness
latter 1 former
lawfulness 1 unlawfulness
layman 1 clergyman man-of-the-cloth reverend
leader 1 follower
leaders 1 follower
leanness 1 avoirdupois fat fatness
leeward 1 windward
left 1 right
legality 1 illegality
legibility 1 illegibility
legitimacy 1 illegitimacy
lender 1 borrower
levity 1 gravity solemnity
liability 1 asset plus
liar 1 square-shooter straight-arrow
liberal 1 conservative conservativist
liberality 1 illiberality
liberator 1 captor
libertarian 1 necessitarian
licitness 1 illicitness
light 1 dark darkness
lightness 1 darkness heaviness weightiness
likelihood 1 unlikelihood unlikeliness
likeliness 1 unlikelihood unlikeliness
likeness 1 dissimilitude unlikeness
liking 1 dislike
listed-security 1 OTC-security over-the-counter-security unlisted-security
literacy 1 illiteracy
littleness 1 bigness largeness
live-birth 1 miscarriage spontaneous-abortion stillbirth
living 1 dead
loading 1 unloading
logicality 1 illogic illogicality illogicalness
logicalness 1 illogic illogicality illogicalness
longness 1 shortness
looseness 1 tautness tightness
loosening 1 tightening
lord 1 lady noblewoman peeress
loser 1 achiever success victor winner
losings 1 profits win winnings
loss 1 gain
losses 1 gain
loudness 1 softness
love 1 hate hatred
low 1 high
low-pitch 1 high-frequency high-pitch
low-quality 1 high-quality superiority
low-relief 1 alto-relievo high-relief
low-spirits 1 high high-spirits
low-status 1 high-status
low-tide 1 high-tide high-water highwater
lower-case 1 capital upper-case upper-case-letter
lowland 1 highland upland
lowness 1 highness loftiness
loyalty 1 disloyalty
major-surgery 1 minor-surgery
male 1 female female-person
male-aristocrat 1 female-aristocrat
male-child 1 child female-child girl little-girl
male-monarch 1 female-monarch queen queen-regnant
male-offspring 1 female-offspring
male-parent 1 female-parent mother
male-sibling 1 female-sibling
maleficence 1 beneficence
maleness 1 femaleness feminineness
malevolence 1 benevolence
malignancy 1 benignancy benignity graciousness
malignity 1 benignancy benignity graciousness
malleability 1 unmalleability
man 1 adult-female woman
margin-account 1 cash-account
marginality 1 centrality
market-economy 1 non-market-economy
masculinity 1 femininity
masochist 1 sadist
materiality 1 immateriality incorporeality
maturity 1 immatureness immaturity
maximization 1 minimisation minimization
maximum 1 lower-limit minimum
meaningfulness 1 meaninglessness
meaninglessness 1 meaningfulness
mediacy 1 immediacy immediateness
member 1 nonmember
men 1 adult-female woman
mendacity 1 veracity
mental-health 1 mental-disease mental-illness
mental-illness 1 mental-health
mercifulness 1 mercilessness unmercifulness
mercilessness 1 mercifulness mercy
merit 1 demerit fault
merit-system 1 spoils-system
mindfulness 1 heedlessness inadvertence inadvertency unmindfulness
minimization 1 maximisation maximization
minimum 1 maximum upper-limit
minor-surgery 1 major-surgery
minority 1 bulk legal-age majority
misconception 1 concept conception construct
misfortune 1 good-fortune good-luck
mixed-blood 1 thoroughbred
mobile 1 stabile
mobility 1 immobility
mobilization 1 demobilisation demobilization
moderation 1 immoderateness immoderation
modern 1 old-style old-style-font
modesty 1 immodesty
monetization 1 demonetisation demonetization
monosemy 1 polysemy
monotheism 1 pantheism polytheism
morality 1 immorality
mortal-sin 1 venial-sin
mortality 1 immortality
mother 1 begetter father male-parent
motility 1 immotility
motion 1 motionlessness stillness
motionlessness 1 motion
movability 1 immovability immovableness
movableness 1 immovability immovableness
multidimensional-language 1 one-dimensional-language
mushroom 1 toadstool
mutability 1 immutability immutableness
mutableness 1 immutability immutableness
naivete 1 sophistication worldliness
narrow-mindedness 1 broad-mindedness
narrowing 1 broadening widening
narrowness 1 broadness wideness
nastiness 1 niceness
nationalization 1 denationalisation denationalization
nativeness 1 curiousness foreignness strangeness
natural-depression 1 elevation natural-elevation
natural-elevation 1 depression natural-depression
natural-language 1 artificial-language
natural-object 1 artefact artifact
naturalness 1 unnaturalness
nay 1 yea
neap-tide 1 springtide
nearness 1 farawayness farness remoteness
necessitarian 1 libertarian
negative 1 affirmative
negative-charge 1 positive-charge
negativeness 1 positiveness
negativity 1 positivism positivity
neighborliness 1 unneighborliness
nephew 1 niece
neurotic-depression 1 psychotic-depression
newness 1 oldness
niceness 1 nastiness
niece 1 nephew
night 1 day daylight daytime
night-game 1 day-game
night-school 1 day-school
no 1 yes
nobleman 1 lady noblewoman peeress
noblewoman 1 lord noble nobleman
nominative 1 oblique oblique-case
non-dedicated-file-server 1 dedicated-file-server
non-engagement 1 engagement involvement participation
non-involvement 1 engagement involvement participation
non-market-economy 1 free-enterprise laissez-faire-economy market-economy
nonabsorbency 1 absorbency
nonalignment 1 alignment alinement alliance coalition
nonattendance 1 attendance attending
nonbeing 1 being beingness existence
noncitizen 1 citizen
noncompliance 1 abidance compliance conformation conformity
nonconformist 1 Anglican conformist
nonconformity 1 abidance compliance conformation conformism conformity
nondevelopment 1 development growing growth maturation ontogenesis ontogeny
nondriver 1 driver
nonequivalence 1 equivalence
nonexistence 1 being beingness existence
noninterference 1 interference intervention
nonintervention 1 interference intervention
nonmember 1 member
nonobservance 1 honoring observance
nonparticipation 1 engagement involvement participation
nonpayment 1 payment
nonreligious-person 1 religionist religious-person
nonsingular-matrix 1 singular-matrix
nonuniformity 1 uniformity uniformness
nonworker 1 worker
normality 1 abnormalcy abnormality
northernness 1 southernness
obedience 1 disobedience noncompliance
object-program 1 source-program
oblique 1 nominative nominative-case subject-case
oblique-angle 1 right-angle
oblique-triangle 1 right-triangle right-angled-triangle
obscurity 1 clarity clearness limpidity lucidity pellucidity prominence
observance 1 nonobservance
obtrusiveness 1 unobtrusiveness
obtuseness 1 acuteness
obverse 1 reverse verso
odd-toed-ungulate 1 artiodactyl artiodactyl-mammal even-toed-ungulate
offense 1 defence defending-team defense
old-style 1 Bodoni Bodoni-font modern modern-font
oldness 1 newness youngness
one-dimensional-language 1 multidimensional-language
opacity 1 clarity clearness transparence transparency uncloudedness
open-chain 1 closed-chain ring
open-circuit 1 closed-circuit loop
open-interval 1 bounded-interval closed-interval
opening 1 closing shutting
openness 1 closeness secretiveness
opportuneness 1 inopportuneness untimeliness
optimism 1 pessimism
optimist 1 pessimist
order 1 disorder disorderliness
orderliness 1 disorder disorderliness
ordinariness 1 extraordinariness
original-sin 1 actual-sin
originality 1 unoriginality
orthodoxy 1 heresy heterodoxy unorthodoxy
out-basket 1 in-basket in-tray
outfield 1 baseball-diamond diamond infield
outflow 1 inflow influx
outgo 1 income
outpatient 1 inmate inpatient
outside 1 inside interior
outwardness 1 inwardness
over-the-counter-drug 1 ethical-drug prescription prescription-drug prescription-medicien
overachievement 1 underachievement
overgarment 1 undergarment
overstatement 1 understatement
ovulation 1 anovulation
pain 1 pleasance pleasure
pains 1 pleasance pleasure
palatability 1 unpalatability unpalatableness
palingenesis 1 caenogenesis cainogenesis cenogenesis kainogenesis kenogenesis
palpability 1 impalpability intangibility intangibleness
parallel-operation 1 consecutive-operation sequential-operation serial-operation
parallelogram 1 trapezium
parasite 1 host
parent 1 child kid
partiality 1 impartiality nonpartisanship
participation 1 non-engagement non-involvement nonparticipation
particularity 1 generality
passing 1 failing
passive-trust 1 active-trust
passive-voice 1 active active-voice
past 1 future futurity hereafter time-to-come
pastness 1 nowness presentness
patience 1 impatience
payment 1 default nonpayment nonremittal
peace 1 state-of-war war
penetrability 1 impenetrability imperviousness
perceptibility 1 imperceptibility
perceptiveness 1 unperceptiveness
perfectibility 1 imperfectability imperfectibility
perfection 1 imperfection imperfectness
perigee 1 apogee
perihelion 1 aphelion
perijove 1 apojove
perilune 1 apolune aposelene
periselene 1 apolune aposelene
peristalsis 1 anastalsis
permanence 1 impermanence impermanency
permeability 1 impermeability impermeableness
permissibility 1 impermissibility
permissiveness 1 unpermissiveness
persuasion 1 dissuasion
persuasiveness 1 unpersuasiveness
perviousness 1 impenetrability imperviousness
pessimism 1 optimism
pessimist 1 optimist
petit-larceny 1 grand-larceny
piety 1 impiety impiousness
plaintiff 1 accused defendant suspect
plantigrade-mammal 1 digitigrade-mammal
plausibility 1 implausibility implausibleness
pleasantness 1 unpleasantness
pleasingness 1 unpleasingness
pleasure 1 pain painfulness
pleasure-principle 1 reality-principle
pleurocarp 1 acrocarp acrocarpous-moss
plural 1 singular singular-form
point-of-apoapsis 1 periapsis point-of-periapsis
point-of-periapsis 1 apoapsis point-of-apoapsis
pointedness 1 unpointedness
politeness 1 impoliteness
polysemy 1 monosemy
polytheism 1 monotheism
popularity 1 unpopularity
porosity 1 solidity solidness
positive-charge 1 negative-charge
positiveness 1 negativeness
positivity 1 negativism negativity
possibility 1 impossibility impossibleness
posteriority 1 antecedence antecedency anteriority precedence priority
poverty 1 wealth wealthiness
power 1 impotence impotency powerlessness
power-mower 1 hand-mower
powerlessness 1 potency power powerfulness
practicability 1 impracticability impracticableness
practicableness 1 impracticability impracticableness
practicality 1 impracticality
preciseness 1 impreciseness imprecision
precision 1 impreciseness imprecision
predictability 1 unpredictability
prescription-drug 1 over-the-counter-drug
presence 1 absence
pretentiousness 1 unpretentiousness
pride 1 humbleness humility
priority 1 posteriority subsequence subsequentness
pro 1 con
probability 1 improbability improbableness
productiveness 1 unproductiveness
professional 1 amateur
profitability 1 unprofitability unprofitableness
profitableness 1 unprofitability unprofitableness
profundity 1 shallowness superficiality
prokaryote 1 eucaryote eukaryote
prominence 1 obscurity
promotion 1 demotion
pronation 1 supination
proper-noun 1 common-noun
properness 1 improperness impropriety
propitiousness 1 inauspiciousness unpropitiousness
proportion 1 disproportion
proportional-font 1 constant-width-font fixed-width-font monospaced-font typewriter-font
propriety 1 improperness impropriety
prosecution 1 defence defense defense-lawyers defense-team demurrer denial
providence 1 improvidence shortsightedness
psychotic-depression 1 neurotic-depression
punctuality 1 tardiness
purity 1 impureness impurity
purposefulness 1 aimlessness purposelessness
purposelessness 1 purposefulness sense-of-purpose
put-option 1 call call-option
question 1 answer
radial-asymmetry 1 radial-symmetry
radial-symmetry 1 radial-asymmetry
rainy-season 1 dry-season
range 1 domain
ratite 1 carinate carinate-bird flying-bird
reality 1 irreality unreality
reality-principle 1 pleasure-principle pleasure-pain-principle pleasure-unpleasure-principle
rear 1 forepart front front-end head
recto 1 verso
reduced-instruction-set-computer 1 CISC complex-instruction-set-computer complex-instruction-set-computing
reduced-instruction-set-computing 1 CISC complex-instruction-set-computer complex-instruction-set-computing
reentrant-angle 1 salient-angle
regularity 1 irregularity unregularity
regulation-time 1 extra-time overtime
rejection 1 acceptance
relatedness 1 unrelatedness
relevance 1 irrelevance irrelevancy
reliability 1 undependability undependableness unreliability unreliableness
reliableness 1 undependability undependableness unreliability unreliableness
religious-person 1 nonreligious-person
repulsion 1 attraction attractive-force
reputability 1 disreputability disreputableness unrespectability
repute 1 discredit disrepute
resoluteness 1 irresoluteness irresolution
respect 1 disrespect
respectability 1 disreputability disreputableness unrespectability
respects 1 disrespect
responsibleness 1 irresponsibility irresponsibleness
rest-day 1 work-day workday working-day
restraint 1 unrestraint
retail 1 wholesale
reverence 1 irreverence
reversal 1 affirmation
reversibility 1 irreversibility
right 1 left wrong wrongfulness
right-angle 1 oblique-angle
right-triangle 1 oblique-triangle
righteousness 1 unrighteousness
rightfulness 1 wrong wrongfulness
rightness 1 incorrectness wrongness
ripeness 1 greenness
risc 1 CISC complex-instruction-set-computer complex-instruction-set-computing
rise 1 downfall fall
rising-trot 1 sitting-trot
roman-numeral 1 Arabic-numeral
romanticism 1 classicism
romanticist 1 classicist
roughness 1 smoothness
roundness 1 angularity
rural-area 1 urban-area
sadist 1 masochist
sadness 1 happiness
safeness 1 dangerousness
safety 1 danger
salient-angle 1 reentering-angle reentrant-angle
saltwater 1 fresh-water
salubriousness 1 insalubriousness insalubrity
salubrity 1 insalubriousness insalubrity
sameness 1 difference
sanitariness 1 unsanitariness
sanity 1 insanity
satisfaction 1 dissatisfaction
satisfactoriness 1 unsatisfactoriness
scarcity 1 abundance copiousness
scrupulousness 1 unscrupulousness
seasonableness 1 unseasonableness untimeliness
secured-bond 1 debenture debenture-bond unsecured-bond
secureness 1 insecureness
security 1 insecurity
seemliness 1 unseemliness
segregation 1 desegregation integrating integration
self-consciousness 1 unselfconsciousness
self-fertilization 1 cross-fertilisation cross-fertilization
self-pollination 1 cross-pollination
selfishness 1 unselfishness
sensibility 1 insensibility
sensitiveness 1 insensitiveness insensitivity
sensitivity 1 insensitiveness insensitivity
sentience 1 insentience
separation 1 union
serial-operation 1 parallel-operation simultaneous-operation
seriousness 1 frivolity frivolousness
service 1 disservice ill-service ill-turn
serviceman 1 civilian
services 1 disservice ill-service ill-turn
shallowness 1 deepness profoundness profundity
sharpness 1 bluntness dullness dulness
shortness 1 longness tallness
significance 1 insignificance
silence 1 sound
similarity 1 dissimilarity unsimilarity
similitude 1 dissimilitude unlikeness
simplicity 1 complexity complexness
sincerity 1 falseness insincerity
singular 1 plural plural-form
singular-matrix 1 nonsingular-matrix
sister 1 blood-brother brother
sitting-trot 1 rising-trot
skillfulness 1 unskillfulness
skim-milk 1 whole-milk
sleepiness 1 sleeplessness wakefulness
sleeping 1 waking
slow-lane 1 fast-lane
smallness 1 bigness largeness
smoothness 1 roughness
soberness 1 drunkenness inebriation inebriety intoxication tipsiness
sociability 1 unsociability unsociableness
socialism 1 capitalism capitalist-economy
soft-finned-fish 1 acanthopterygian spiny-finned-fish
softball 1 hardball
softness 1 hardness intensity loudness volume
software 1 computer-hardware hardware
solidity 1 hollowness porosity porousness
solubility 1 insolubility
solvency 1 insolvency
son 1 daughter girl
sophistication 1 naiveness naivete naivety
sorrow 1 joy joyfulness joyousness
sound 1 quiet silence
soundness 1 unsoundness
source-program 1 object-program target-program
southernness 1 northernness
special-agent 1 general-agent universal-agent
special-verdict 1 general-verdict
specialist 1 Renaissance-man generalist
specific 1 general
spiny-finned-fish 1 malacopterygian soft-finned-fish
split-ticket 1 straight-ticket
spoils-system 1 merit-system
springtide 1 neap neap-tide
spuriousness 1 genuineness
square-shooter 1 liar prevaricator
stabile 1 mobile
stability 1 instability unstableness
stableness 1 instability unstableness
staleness 1 freshness
starboard 1 larboard port
start 1 finish finishing
steadiness 1 unsteadiness
stigmatism 1 astigmatism astigmia
stillbirth 1 live-birth
stinginess 1 generosity generousness
stop-consonant 1 continuant continuant-consonant
stoutheartedness 1 faintheartedness
straight-line 1 curve curved-shape
straight-ticket 1 split-ticket
straightness 1 crookedness curliness
stratified-language 1 unstratified-language
strength 1 weakness
strengthening 1 weakening
strong-point 1 weak-point
stupidity 1 intelligence
submersible 1 surface-ship
subordination 1 insubordination
subscript 1 superior superscript
substantiality 1 insubstantiality
subtraction 1 addition
success 1 failure
sufficiency 1 deficiency inadequacy insufficiency
suitability 1 ineptness unsuitability unsuitableness
suitableness 1 ineptness unsuitability unsuitableness
sunrise 1 sundown sunset
sunset 1 aurora break-of-day break-of-the-day cockcrow dawn dawning daybreak dayspring first-light morning sunrise sunup
superficiality 1 profoundness profundity
superior 1 inferior
superiority 1 inferiority low-quality
superscript 1 inferior subscript
supination 1 pronation
supplies 1 demand
supply 1 demand
surface-mail 1 air-mail
surface-ship 1 submersible
susceptibility 1 immunity unsusceptibility
symmetry 1 asymmetry imbalance
synchronism 1 asynchronism asynchrony desynchronisation desynchronization desynchronizing
synchronization 1 asynchronism asynchrony desynchronisation desynchronization desynchronizing
synchronizing 1 asynchronism asynchrony desynchronisation desynchronization desynchronizing
synchronous-operation 1 asynchronous-operation asynchronous-working
synthesis 1 analysis analytic-thinking
tactfulness 1 tactlessness
tactlessness 1 tact tactfulness
tallness 1 shortness
tameness 1 wildness
tangibility 1 impalpability intangibility intangibleness
taper-file 1 blunt-file
tardiness 1 promptness punctuality
tastefulness 1 tastelessness
tastelessness 1 tastefulness
terseness 1 verboseness verbosity
text-edition 1 trade-book trade-edition
theism 1 atheism godlessness
there 1 here
thereness 1 hereness
thickness 1 slenderness tenuity thinness
thin-person 1 fat-person fatso fatty roly-poly
thinness 1 thickness
thoroughbred 1 mixed-blood
thoughtfulness 1 inconsiderateness inconsideration thoughtlessness unthoughtfulness
thoughtlessness 1 considerateness consideration thoughtfulness
tidiness 1 messiness untidiness
tight-money 1 easy-money
tightening 1 loosening
tightness 1 looseness play
time-off 1 work-time
timeliness 1 unseasonableness untimeliness
timid 1 brave
timidity 1 boldness daring hardihood
toadstool 1 mushroom
tolerance 1 intolerance
tonality 1 atonalism atonality
tonicity 1 amyotonia atonia atonicity atony
top 1 bottom bottom-of-the-inning
tractability 1 intractability intractableness
trade-edition 1 school-text schoolbook text text-edition textbook
tragedy 1 comedy
transitivity 1 intransitiveness intransitivity
transparency 1 opacity opaqueness
trapezium 1 parallelogram
trust 1 distrust distrustfulness mistrust
trustiness 1 untrustiness untrustworthiness
trustworthiness 1 untrustiness untrustworthiness
truth 1 false-statement falsehood falseness falsity untruth
truthfulness 1 untruthfulness
type 1 antitype
typicality 1 atypicality untypicality
ugliness 1 beauty
unacceptability 1 acceptability acceptableness
unadaptability 1 adaptability
unaffectedness 1 affectedness
unalterability 1 alterability
unambiguity 1 ambiguity equivocalness
unappetizingness 1 appetizingness
unapproachability 1 accessibility approachability
unattractiveness 1 attractiveness
unavailability 1 accessibility availability availableness handiness
unbecomingness 1 becomingness
unbelief 1 belief
unbreakableness 1 breakableness
unceremoniousness 1 ceremoniousness
uncertainty 1 certainty
uncheerfulness 1 cheer cheerfulness
uncle 1 aunt auntie aunty
uncleanliness 1 cleanliness
unclearness 1 clarity clearness limpidity lucidity pellucidity
uncommonness 1 commonness commonplaceness everydayness
uncommunicativeness 1 communicativeness
unconcern 1 concern
uncongeniality 1 congeniality
unconnectedness 1 connectedness connection connexion
unconscientiousness 1 conscientiousness painstakingness
unconsciousness 1 consciousness
unconventionality 1 convention conventionalism conventionality
uncreativeness 1 creativeness creativity
undependability 1 dependability dependableness reliability reliableness
undependableness 1 dependability dependableness reliability reliableness
underachievement 1 overachievement
undergarment 1 outer-garment overgarment
understatement 1 exaggeration magnification overstatement
undesirability 1 desirability desirableness
unearned-run 1 earned-run
unemotional-person 1 emotional-person
unemotionality 1 emotionalism emotionality
unemployment 1 employ employment
unenlightenment 1 enlightenment
unequivocalness 1 ambiguity equivocalness
unevenness 1 evenness invariability
unexchangeability 1 exchangeability interchangeability interchangeableness
unexpectedness 1 expectedness
unfairness 1 candor candour equity fair-mindedness fairness
unfaithfulness 1 faithfulness fidelity
unfamiliarity 1 familiarity
unfavorableness 1 advantageousness favorableness favourableness
unfitness 1 fitness fittingness good-condition good-shape physical-fitness
unfriendliness 1 friendliness
ungodliness 1 godliness
ungraciousness 1 graciousness
unhappiness 1 felicity happiness
unhealthfulness 1 healthfulness
unholiness 1 holiness sanctity
uniformity 1 nonuniformity
unimportance 1 importance
uninitiate 1 enlightened initiate
unintelligibility 1 intelligibility
uninterestingness 1 interest interestingness
union 1 separation
unkindness 1 kindness
unlawfulness 1 lawfulness
unlikelihood 1 likelihood likeliness odds
unlikeliness 1 likelihood likeliness odds
unlikeness 1 alikeness likeness similitude
unlisted-security 1 listed-security
unloading 1 loading
unmalleability 1 malleability plasticity
unmindfulness 1 heedfulness mindfulness
unnaturalness 1 naturalness
unneighborliness 1 good-neighborliness good-neighbourliness neighborliness neighbourliness
unobtrusiveness 1 obtrusiveness
unoriginality 1 originality
unorthodoxy 1 orthodoxy
unpalatability 1 palatability palatableness
unperceptiveness 1 perceptiveness
unpermissiveness 1 permissiveness tolerance
unpersuasiveness 1 persuasiveness strength
unpleasantness 1 pleasantness sweetness
unpleasingness 1 pleasingness
unpointedness 1 point pointedness
unpopularity 1 popularity
unpredictability 1 predictability
unpretentiousness 1 pretension pretentiousness
unproductiveness 1 productiveness productivity
unprofitability 1 profitability profitableness
unprofitableness 1 profitability profitableness
unpropitiousness 1 auspiciousness propitiousness
unreality 1 realism reality realness
unrelatedness 1 relatedness
unreliability 1 dependability dependableness reliability reliableness
unreliableness 1 dependability dependableness reliability reliableness
unrespectability 1 reputability respectability
unrestraint 1 control restraint
unrighteousness 1 righteousness
unsanitariness 1 sanitariness
unsatisfactoriness 1 satisfactoriness
unscrupulousness 1 scrupulousness
unseasonableness 1 seasonableness timeliness
unsecured-bond 1 secured-bond
unseemliness 1 grace seemliness
unselfconsciousness 1 self-consciousness
unselfishness 1 selfishness
unskillfulness 1 skillfulness
unsociability 1 sociability sociableness
unsoundness 1 soundness
unstableness 1 stability stableness
unsteadiness 1 firmness steadiness
unstratified-language 1 stratified-language
unsuitability 1 suitability suitableness
unsuitableness 1 suitability suitableness
unsusceptibility 1 susceptibility susceptibleness
unthoughtfulness 1 thoughtfulness
untidiness 1 neatness tidiness
untimeliness 1 seasonableness timeliness
untrustiness 1 trustiness trustworthiness
untrustworthiness 1 trustiness trustworthiness
untruthfulness 1 truthfulness
unusualness 1 usualness
unvariedness 1 variational variedness
unwariness 1 chariness wariness
unwholesomeness 1 wholesomeness
unwillingness 1 willingness
unworthiness 1 worthiness
upper-case 1 lower-case lower-case-letter small-letter
uptick 1 downtick
urban-area 1 country rural-area
usefulness 1 inutility unusefulness uselessness
uselessness 1 usefulness utility
usualness 1 unusualness
utility 1 inutility unusefulness uselessness
utopia 1 dystopia
variability 1 evenness invariability invariableness invariance
variableness 1 invariability invariableness invariance
variedness 1 unvariedness
venial-sin 1 deadly-sin mortal-sin
veracity 1 mendacity
verboseness 1 terseness
vernal-equinox 1 September-equinox autumnal-equinox fall-equinox
verso 1 recto
victory 1 defeat licking
visibility 1 invisibility invisibleness
volley 1 ground-stroke
volunteer 1 conscript draftee
vowel 1 consonant
vulnerability 1 invulnerability
wakefulness 1 drowsiness sleepiness somnolence
waking 1 sleeping
war 1 peace
wariness 1 unwariness
weak-part 1 good-part
weak-point 1 forte long-suit metier speciality specialty strength strong-point
weakening 1 strengthening
weakness 1 strength
wealth 1 impoverishment poorness poverty
weed 1 cultivated-plant
weeds 1 cultivated-plant
well-being 1 ill-being
wet-fly 1 dry-fly
wetness 1 dryness waterlessness
white 1 black blackness
whole-milk 1 skim-milk skimmed-milk
wholesale 1 retail
wholesomeness 1 morbidity morbidness unwholesomeness
wideness 1 narrowness
widening 1 narrowing
wife 1 hubby husband married-man
wildness 1 domestication tameness
willingness 1 unwillingness
windward 1 leeward
winner 1 also-ran loser
winter-solstice 1 June-21 midsummer summer-solstice
wisdom 1 folly foolishness unwiseness
woman 1 adult-male man
work-time 1 time-off
workday 1 day-of-rest rest-day
worker 1 nonworker
worst 1 best
worth 1 worthlessness
worthiness 1 unworthiness
worthlessness 1 worth
wrong 1 right rightfulness
wrongfulness 1 right rightfulness
wrongness 1 correctness rightness
yea 1 nay
yes 1 no
young 1 aged
youngness 1 oldness
zygodactyl-foot 1 heterodactyl-foot
abduct 2 adduct
abolish 2 establish found launch set-up
absolve 2 blame fault
absorb 2 emit give-off give-out
abstain 2 consume have ingest take take-in
accelerate 2 decelerate retard slow slow-down slow-up
acidify 2 alkalify alkalize basify
act 2 forbear forebear refrain
activate 2 deactivate inactivate
add 2 deduct subtract take-away take-off take-out
adduct 2 abduct
admit 2 deny exclude keep-out refuse reject shut shut-out turn-away turn-down
advance 2 back fall-back recede retire
advantage 2 disadvantage disfavor disfavour
affirm 2 contradict negate
aggrade 2 degrade
agitate 2 calm calm-down lull quiet quieten still tranquilize tranquillize
agree 2 differ disaccord disagree discord take-issue
align 2 skew
alkalize 2 acetify acidify
allow 2 deny disallow forbid interdict prohibit proscribe refuse veto
analyze 2 synthesise synthesize
anesthetize 2 bring-around bring-back bring-round bring-to
appear 2 disappear go-away vanish
applaud 2 boo hiss
approbate 2 reprobate
approve 2 disapprove reject
arise 2 sit sit-down
arm 2 demilitarise demilitarize disarm
arrange 2 disarrange
arrive 2 go-away go-forth leave
ascend 2 come-down descend fall go-down
assemble 2 break-apart break-up disassemble dismantle take-apart
assimilate 2 dissimilate
associate 2 dissociate
attend-to 2 drop leave-out miss neglect omit overleap overlook
attract 2 beat-back drive force-back push-back repel repulse
avoid 2 confront face face-up
avow 2 disavow
awaken 2 cause-to-sleep
back 2 advance bring-forward face front look
background 2 foreground highlight play-up spotlight
balance 2 unbalance
bar 2 unbar
be-active 2 repose rest
be-born 2 decease die exit expire go pass-away perish
be-full 2 hunger starve
be-well 2 hurt suffer
beautify 2 uglify
begin 2 cease end finish terminate
begrudge 2 wish wish-well
behave 2 misbehave misdemean
believe 2 disbelieve discredit
belt 2 unbelt
bend 2 straighten unbend
bequeath 2 disinherit disown
better 2 aggravate decline exacerbate exasperate worsen
bind 2 unbind
blacken 2 white whiten
blame 2 absolve free justify
bless 2 anathemize bedamn beshrew curse damn imprecate maledict
block 2 free release unblock unfreeze
blow-up 2 reduce scale-down
boil 2 freeze
bolt 2 unbolt
boo 2 acclaim applaud clap spat
borrow 2 lend loan
bottlefeed 2 breastfeed give-suck lactate nurse suck suckle wet-nurse
bounce 2 clear
bound 2 unbind
box 2 unbox
boycott 2 buy-at frequent patronize shop shop-at sponsor
braid 2 unbraid
break 2 bushel doctor fix furbish-up make mend repair restore touch-on
break-even 2 profit
breastfeed 2 bottlefeed
bring 2 bear-away bear-off carry-away carry-off take-away
bring-to 2 anaesthetize anesthetize put-out put-to-sleep put-under
buckle 2 unbuckle
burden 2 disburden unburden
button 2 unbutton
calcify 2 decalcify
calm 2 agitate charge charge-up commove excite rouse
carry-to-term 2 miscarry
cause-to-sleep 2 arouse awaken rouse wake-up waken
centralize 2 decentralise decentralize deconcentrate
certify 2 decertify derecognize
chain 2 unchain
charge 2 discharge pay-cash
check-in 2 check-out
check-out 2 check-in sign-in
cheer 2 complain kick kvetch plain quetch sound-off
clarify 2 bedim blur confuse obfuscate obscure overcloud
clasp 2 unclasp
classify 2 declassify
clean 2 begrime bemire colly dirty grime soil
clear 2 bounce
clear-up 2 cloud overcast
clip 2 unclip
clock-in 2 clock-off clock-out punch-out
clock-out 2 clock-in clock-on punch-in
clog 2 unclog
close-up 2 open-up
clutter 2 clear unclutter
coil 2 uncoil
colonize 2 decolonize
color 2 discolor
come 2 depart go go-away
come-in 2 go-out
come-to 2 black-out lose-consciousness pass-out zonk-out
communicate 2 curse excommunicate
complain 2 cheer cheer-up chirk-up
complicate 2 simplify
concentrate 2 decentralise decentralize deconcentrate
confine 2 free liberate loose release unloose
conform 2 depart deviate diverge vary
conform-to 2 break go-against violate
confront 2 avoid
confuse 2 clarify clear clear-up crystallize elucidate enlighten illuminate shed-light-on sort-out straighten-out
connect 2 disconnect
consecrate 2 deconsecrate desecrate
conserve 2 blow squander waste
consume 2 abstain desist refrain
contaminate 2 decontaminate
content 2 discontent
continue 2 cease discontinue give-up lay-off quit stop
contract-in 2 contract-out
contract-out 2 contract-in
contraindicate 2 indicate
convict 2 acquit assoil clear discharge exculpate exonerate
cool 2 heat heat-up hot-up
cork 2 uncork
correct 2 falsify
couple 2 uncouple
cover 2 expose uncover
crate 2 uncrate
credit 2 debit
crescendo 2 decrescendo
criminalize 2 decriminalize legalize legitimate legitimatize legitimize
cross 2 uncross
cry 2 express-joy express-mirth laugh
curdle 2 homogenize
curse 2 bless
darken 2 brighten lighten lighten-up
de-energize 2 arouse brace energise energize perk-up stimulate
de-escalate 2 escalate intensify step-up
de-iodinate 2 iodinate
de-ionate 2 ionate
deaden 2 animate enliven invigorate liven liven-up
debit 2 credit
decalcify 2 calcify
deceive 2 undeceive
decelerate 2 accelerate quicken speed speed-up
decentralize 2 centralize concentrate
decertify 2 certify licence license
declassify 2 classify
decode 2 cipher code cypher encipher encode encrypt inscribe write-in-code
decolonize 2 colonize
deconcentrate 2 centralize concentrate
decontaminate 2 contaminate
decrease 2 increase
decrescendo 2 crescendo
decriminalize 2 criminalize illegalize outlaw
deemphasize 2 accent accentuate bring-out emphasize set-off stress
default 2 ante-up pay pay-up
defend 2 assail attack prosecute
deflate 2 blow-up inflate
deform 2 form
defuse 2 fuse
defy 2 apply lend-oneself
deglycerolize 2 glycerolize
degrade 2 aggrade
dehumanize 2 humanise humanize
dehumidify 2 humidify moisturize
dehydrate 2 hydrate
dehydrogenate 2 hydrogenate
delay 2 hurry rush
demagnetize 2 magnetize
dematerialize 2 happen materialize
demilitarize 2 militarize
demobilize 2 mobilize
demote 2 advance elevate kick-upstairs promote raise upgrade
demystify 2 mystify
demythologize 2 mythologize
denationalize 2 nationalize
denaturalize 2 naturalize
denazify 2 Nazify
denitrify 2 nitrify
deny 2 acknowledge admit allow grant
deodorize 2 odorize scent
deoxidize 2 oxidise oxidize
depart 2 stay
depersonalize 2 individualise individualize personalize
deposit 2 draw take-out withdraw
depress 2 elate intoxicate lift-up pick-up uplift
depressurize 2 pressurize
deprive 2 enrich
deregulate 2 govern order regularize regulate
derequisition 2 requisition
derestrict 2 limit restrict
desalinate 2 salinate
desecrate 2 bless consecrate hallow sanctify
desegregate 2 segregate
desensitize 2 sensibilize sensify sensitize
despair 2 hope
desynchronize 2 sync synchronize
detach 2 attach
deteriorate 2 convalesce recover recuperate
dethrone 2 enthrone throne
detransitivize 2 transitivize
deviate 2 conform
devitalize 2 vitalise vitalize
devoice 2 sound vocalize voice
differ 2 be equal
differentiate 2 integrate
dirty 2 clean make-clean
disable 2 enable
disadvantage 2 advantage
disagree 2 agree check concur correspond fit gibe jibe match tally
disallow 2 allow countenance let permit
disappear 2 appear come-along
disapprove 2 approve ok okay sanction
disarm 2 arm build-up fortify gird
disarrange 2 arrange set-up
disassemble 2 assemble piece put-together set-up
disavow 2 avouch avow
disbelieve 2 believe
discharge 2 charge draft enlist muster-in
disclaim 2 claim take
discolor 2 color
disconnect 2 connect link tie
discontent 2 content
discontinue 2 bear-on carry-on continue go-along go-on keep keep-on preserve proceed uphold
discourage 2 encourage
disembark 2 embark
disenchant 2 delight enchant enrapture enthral enthrall ravish transport
disenfranchise 2 enfranchise enfranchize
disengage 2 engage lock mesh operate
disentangle 2 entangle mat snarl tangle
disesteem 2 esteem prise prize respect value
dishearten 2 cheer embolden hearten recreate
dishonor 2 honor honour reward
disincarnate 2 incarnate
disinfect 2 infect taint
disinherit 2 bequeath leave will
disintegrate 2 incorporate integrate
disjoin 2 bring-together conjoin join
dislike 2 like
dislodge 2 deposit lodge stick wedge
disobey 2 obey
disoblige 2 accommodate oblige
disorder 2 order
disorganize 2 organize
disorient 2 orient orientate
disparage 2 blandish flatter
displease 2 delight please
dispose 2 disincline indispose
disprove 2 demonstrate establish prove shew show
disqualify 2 dispose qualify
disrespect 2 abide-by esteem honor honour observe prise prize respect value
dissatisfy 2 gratify satisfy
dissent 2 accede acquiesce assent comply
dissimilate 2 assimilate
dissociate 2 associate connect link relate tie-in
dissuade 2 persuade
distrust 2 bank rely swear trust
disunify 2 merge unify unite
diverge 2 converge meet
diversify 2 narrow narrow-down specialize
divest 2 commit enthrone invest place put vest
divide 2 multiply unify unite
dock 2 undock
downgrade 2 upgrade
download 2 upload
dress-down 2 attire deck-out deck-up dress-up fancy-up fig-out fig-up get-up gussy-up overdress prink rig-out tog-out tog-up trick-out trick-up
dress-up 2 dress-down underdress
drop-out 2 enter participate
dull 2 sharpen
eat-in 2 dine-out eat-out
eat-out 2 dine-in eat-in
ebb 2 surge tide
elate 2 cast-down deject demoralize depress dismay dispirit get-down
embark 2 debark disembark set-down
emit 2 absorb take-in
emphasize 2 deemphasize destress
empty 2 fill fill-up make-full
enable 2 disable disenable incapacitate
enchant 2 disenchant disillusion
encode 2 decode
end 2 begin commence get lead-off set-about set-out start start-out
energize 2 de-energize
enforce 2 exempt free relieve
enfranchise 2 disenfranchise disfranchise
engage 2 disengage withdraw
enjoy 2 endure suffer
enlist 2 discharge muster-out
enliven 2 blunt deaden
enrich 2 deprive impoverish
entangle 2 disentangle straighten-out unsnarl
enter 2 chuck-up-the-sponge drop-out exit get-out give-up go-out leave quit throw-in throw-in-the-towel
enthrone 2 dethrone
equal 2 differ
erase 2 record tape
escalate 2 de-escalate step-down weaken
establish 2 abolish get-rid-of
esteem 2 disesteem disrespect
estivate 2 hibernate hole-up
exclude 2 admit include let-in
excommunicate 2 communicate
exempt 2 apply enforce implement
exhale 2 breathe-in inhale
exit 2 come-in enter get-in get-into go-in go-into move-into
expatriate 2 repatriate
explode 2 go-off implode
export 2 import
extinguish 2 ignite light
fall 2 arise come-up go-up lift move-up rise
fall-asleep 2 arouse awake awaken come-alive wake wake-up waken
fall-back 2 advance gain gain-ground get-ahead make-headway win
fall-short-of 2 fulfil fulfill live-up-to satisfy
falsify 2 correct right
fell 2 arise come-up go-up lift move-up rise
file-in 2 file-out
file-out 2 file-in
find 2 lose
fire 2 employ engage hire
flatten 2 sharpen
flatter 2 belittle disparage find-fault-with pick-at
float 2 go-down go-under settle sink
fold 2 open spread spread-out unfold
follow 2 lead precede
forbid 2 allow countenance let permit
foreground 2 background play-down
forfeit 2 arrogate claim lay-claim
forget 2 bear-in-mind call-back call-up mind recall recollect remember remind retrieve think think-of
form 2 deform
found 2 lose
free 2 block close-up confine detain impede jam obstruct occlude
front 2 back
function 2 malfunction misfunction
fuse 2 defuse
gain 2 drop-off fall-back fall-behind lose lose-weight melt-off recede reduce slenderize slim slim-down thin
gather 2 distribute spread
generalize 2 particularize specialize specify
get-off 2 board get-on
get-up 2 crawl-in get-into-bed go-to-bed go-to-sleep hit-the-hay hit-the-sack kip-down retire sack-out turn-in
get-well 2 get-worse relapse
get-worse 2 bounce-back get-over get-well pull-round
gladden 2 sad sadden
glycerolize 2 deglycerolize
go 2 come come-up
go-off 2 come-on come-up go-on
go-on 2 go-off
go-out 2 come-in
go-to-bed 2 arise get-up rise turn-out
gorge 2 munch nibble
handwash 2 machine-wash
harness 2 unharness
hate 2 love
have 2 lack miss
hearten 2 dishearten put-off
heat 2 chill cool cool-down
hibernate 2 aestivate estivate
hide 2 show
hire 2 can dismiss fire force-out give-notice give-the-axe sack send-away terminate
hitch 2 unhitch
hold 2 let-go let-go-of release
homogenize 2 clabber clot curdle
honor 2 attaint disgrace dishonor dishonour shame
hook 2 unhook
hop-on 2 get-off hop-out
hop-out 2 bestride climb-on get-on hop-on jump-on mount mount-up
hope 2 despair
humanize 2 dehumanize
humidify 2 dehumidify
hydrate 2 dehydrate desicate dessicate dry-up
hydrogenate 2 dehydrogenate
idle 2 run work
ignite 2 extinguish obliterate
ignore 2 cognize know mark note notice
implode 2 burst explode
import 2 export
impoverish 2 enrich
inactivate 2 activate
incarnate 2 disincarnate
include 2 except exclude leave-off leave-out omit take-out
increase 2 decrease diminish fall lessen minify
indispose 2 dispose incline
infect 2 disinfect
inflate 2 deflate
inhale 2 breathe-out exhale expire
integrate 2 differentiate disintegrate
interest 2 bore tire
invalidate 2 formalize validate
invest 2 divest
iodinate 2 de-iodinate
ionate 2 de-ionate
irritate 2 soothe
issue 2 recall
join 2 disjoin disjoint
keep 2 lose
keep-down 2 barf be-sick cast cat chuck disgorge honk puke regorge regurgitate retch sick spew spue throw-up upchuck vomit vomit-up
knot 2 unknot unpick unravel unscramble untangle
know 2 ignore
lash 2 unlash
laugh 2 cry weep
lay 2 stand stand-up
lay-down 2 arise get-up rise stand-up
leave 2 arrive change come get
leave-office 2 take-office
legalize 2 criminalize illegalize outlaw
lend 2 borrow
lend-oneself 2 defy refuse resist
let 2 keep prevent
let-go-of 2 hold take-hold
let-out 2 take-in
level 2 erect put-up raise rear set-up
lie 2 stand stand-up
lie-down 2 arise get-up rise stand-up
lighten 2 weigh-down weigh-on
like 2 dislike
linger 2 belt-along bucket-along cannonball-along hasten hie hotfoot pelt-along race rush rush-along speed
literalize 2 spiritualize
live-in 2 live-out sleep-out
live-out 2 live-in sleep-in
load 2 unload
lock 2 unlock
log-in 2 log-off log-out
log-out 2 log-in log-on login
lose 2 find gain hold-on keep profit regain win
lose-consciousness 2 come-to revive
love 2 detest hate
lower 2 bring-up elevate get-up lift raise
machine-wash 2 handwash
magnetize 2 degauss demagnetize
make 2 break undo unmake
make-peace 2 war
malfunction 2 function go operate run work
manage 2 fail
mark-down 2 mark-up
mark-up 2 mark-down
mask 2 unmask
materialize 2 dematerialize
maximize 2 minimize
may 2 may-not must-not
might 2 may-not must-not
militarize 2 demilitarise demilitarize
mind 2 forget
minimize 2 maximize
misbehave 2 behave comport
miscarry 2 carry-to-term
miss 2 attend collide-with feature go-to have hit impinge-on run-into strike
mobilize 2 demob demobilize
move 2 stand-still stay stay-put stick stick-around
move-in 2 move-out
move-out 2 move-in
multiply 2 divide fraction
must-not 2 can get may
mystify 2 demystify
mythologize 2 demythologize
narrow 2 widen
nationalize 2 denationalize
nazify 2 cleanse denazify
necessitate 2 eliminate obviate rid-of
negate 2 affirm confirm corroborate substantiate support sustain
neglect 2 attend-to take-to-heart
nibble 2 binge englut engorge glut gorge gormandise gormandize gourmandize ingurgitate overeat overgorge overindulge pig-out satiate scarf-out stuff
nitrify 2 denitrify
notice 2 ignore
obey 2 disobey
obfuscate 2 clarify clear-up elucidate
oblige 2 disoblige
obscure 2 clarify
obstruct 2 disengage free
obviate 2 ask call-for demand involve necessitate need require take
occidentalize 2 orientalize
open 2 close close-down fold shut shut-down
open-up 2 be-quiet belt-up button-up clam-up close-up dummy-up keep-mum shut-up
order 2 disarray disorder
organize 2 disorganize
orient 2 disorient disorientate
orientalize 2 Westernize occidentalize westernize
outbid 2 underbid
outlaw 2 decriminalize legalize legitimate legitimatize legitimize
overact 2 underact underplay
overbid 2 underbid
overcast 2 brighten clear clear-up light-up
overestimate 2 underestimate underrate undervalue
overexpose 2 underexpose
overpay 2 underpay
overspend 2 underspend
overstate 2 minimize understate
overstock 2 understock
overvalue 2 underestimate undervalue
oxidize 2 deoxidise deoxidize reduce
pack 2 take-out unpack
patronize 2 boycott
pay-cash 2 charge
pay-up 2 default default-on
permit 2 disallow forbid interdict prohibit proscribe veto
personalize 2 depersonalize
persuade 2 deter dissuade
phase-in 2 phase-out
phase-out 2 phase-in
pin 2 unpin
play-down 2 foreground highlight play-up spotlight
play-up 2 background play-down
plug-in 2 disconnect unplug
pop-in 2 pop-out
pop-out 2 pop-in
postdate 2 antecede antedate foredate forego precede predate
praise 2 criticise criticize pick-apart
precede 2 come-after follow succeed
predate 2 follow postdate
prefix 2 suffix
pressurize 2 decompress depressurize
prevent 2 allow let permit
progress 2 regress retrograde retrogress
promote 2 break bump demote kick-downstairs relegate
prosecute 2 defend represent
prove 2 confute disprove
pull 2 force push
pull-in 2 get-out pull-out
pull-out 2 draw-in get-in move-in pull-in
punch-in 2 clock-off clock-out punch-out
punch-out 2 clock-in clock-on punch-in
punish 2 reward
purge 2 rehabilitate
qualify 2 disqualify indispose unfit
raise 2 bring-down dismantle get-down let-down level lower pull-down rase raze take-down tear-down
ravel 2 unknot unpick unravel unscramble untangle
reassure 2 worry
recall 2 issue supply
recede 2 advance go-on march-on move-on pass-on progress
record 2 delete erase
recuperate 2 degenerate deteriorate drop
reduce 2 blow-up enlarge gain magnify put-on
refrain 2 act move
refresh 2 fag fag-out fatigue jade outwear tire tire-out wear wear-down wear-out wear-upon weary
refuse 2 accept consent go-for have take
regress 2 advance come-along come-on get-along get-on progress shape-up
regulate 2 deregulate
rehabilitate 2 purge
reject 2 accept admit allow-in let-in
rejuvenate 2 age get-on
relax 2 strain tense tense-up
remember 2 blank-out block bury draw-a-blank forget
repair 2 break bust
repatriate 2 deport exile expatriate
repel 2 appeal attract draw-in pull pull-in
reprobate 2 approbate
requisition 2 derequisition
resist 2 give-up surrender
respect 2 disesteem disrespect
rest 2 be-active move
restrict 2 derestrict
retail 2 wholesale
reward 2 penalize punish
ride 2 walk
rise 2 come-down descend drop drop-down fall go-down go-under set sink
roll-up 2 unfurl unroll
roughen 2 smooth smoothen
run 2 idle
rush 2 dawdle delay detain hold-up linger
sadden 2 gladden joy
saddle 2 offsaddle unsaddle
salinate 2 desalinate desalinize desalt
satisfy 2 dissatisfy fall-short-of
save 2 blow squander
say-farewell 2 receive welcome
scramble 2 unscramble
sedate 2 arouse brace energise energize perk-up stimulate
segregate 2 desegregate integrate mix
sell 2 buy purchase
sensitize 2 desensitize
set 2 come-up rise
sharpen 2 blunt drop dull flatten soften
sheathe 2 unsheathe
shout 2 whisper
show 2 conceal hide
shrink 2 stretch
side 2 straddle
simplify 2 complicate perplex
sink 2 float rise straighten swim
sit 2 stand stand-up
sit-down 2 arise get-up rise stand-up
skew 2 adjust align aline line-up
sleep 2 wake
slip-off 2 slip-on
slip-on 2 slip-off
snarl 2 disentangle straighten-out unsnarl
soothe 2 irritate
sour 2 dulcify dulcorate edulcorate sweeten
specialize 2 branch-out broaden diversify
specify 2 generalise generalize
spell 2 unspell
spiritualize 2 literalize
spread 2 collect garner gather pull-together
squander 2 lay-aside save save-up
stabilize 2 destabilize
stand-still 2 move
staple 2 unstaple
start 2 halt stop
starve 2 be-full feed give grub
stay 2 change depart move quit take-leave
stay-in-place 2 go locomote move travel
stiffen 2 loose loosen relax
stifle 2 excite stimulate
stimulate 2 calm dampen sedate stifle tranquilize tranquillize
stop 2 get-going go start start-up
straddle 2 go-with side
straighten 2 bend flex
strain 2 loosen-up make-relaxed relax unlax unstrain unwind
strap 2 unstrap
stretch 2 contract shrink
string 2 unstring
stuff 2 loosen-up unstuff
subtract 2 add add-together
succeed 2 come-before fail go-wrong miscarry precede
succumb 2 come-through make-it pull-through survive
suffer 2 be-well enjoy
suffix 2 prefix
summerize 2 winterize
surrender 2 hold-out resist stand-firm withstand
survive 2 succumb yield
sweeten 2 acetify acidify acidulate sour
switch-off 2 switch-on turn-on
switch-on 2 cut switch-off turn-off turn-out
synchronize 2 desynchronize
synthesize 2 analyse analyze break-down dissect take-apart
take 2 give
take-away 2 add bring convey fetch get
take-in 2 let-out widen
take-office 2 leave-office quit step-down
talk-into 2 talk-out-of
talk-out-of 2 talk-into
tense 2 decompress loosen-up make-relaxed relax slow-down unbend unlax unstrain unwind
tide 2 ebb
tie 2 unbrace unlace untie
tire 2 freshen refresh refreshen
transitivize 2 detransitivize intransitivize
trust 2 distrust mistrust suspect
tune 2 untune
turn-in 2 arise get-up rise turn-out
turn-out 2 crawl-in get-into-bed go-to-bed go-to-sleep hit-the-hay hit-the-sack kip-down retire sack-out turn-in
twine 2 untwine
twist 2 untwist
uglify 2 beautify embellish prettify
unbalance 2 balance equilibrate equilibrize
unbelt 2 belt
unbend 2 bend deform twist
unbind 2 bind
unblock 2 block freeze immobilize
unbox 2 box package
unbraid 2 braid pleach
unbuckle 2 buckle clasp
unburden 2 burden burthen weight weight-down
unbutton 2 button
unchain 2 chain
unclip 2 clip
unclog 2 back-up choke choke-off clog clog-up congest foul
uncoil 2 coil curl loop
uncork 2 cork cork-up
uncouple 2 couple couple-on couple-up
uncover 2 cover
uncrate 2 crate
uncross 2 cross
undeceive 2 betray deceive lead-astray
underact 2 ham overact overplay
underbid 2 outbid overbid
undercharge 2 fleece gazump hook overcharge pluck plume rob soak surcharge
underestimate 2 overestimate overrate overvalue
underexpose 2 overexpose
underpay 2 overpay
underspend 2 overspend
understate 2 amplify exaggerate hyperbolize magnify overdraw overstate
understock 2 overstock
undervalue 2 overestimate overvalue
undock 2 dock
undress 2 apparel clothe dress enclothe fit-out garb garment habilitate raiment tog
unfasten 2 fasten fix secure
unfold 2 fold fold-up turn-up
unfreeze 2 block freeze immobilize
unfurl 2 roll-up wrap-up
unharness 2 harness
unhitch 2 catch hitch
unhook 2 hook
unify 2 break-apart disunify
unite 2 carve-up dissever divide separate split split-up
unknot 2 knot ravel tangle
unlash 2 lash
unload 2 load
unlock 2 lock
unmake 2 do make
unmask 2 mask
unpack 2 pack
unpin 2 pin
unplug 2 connect plug-in
unravel 2 knot ravel tangle
unsaddle 2 saddle
unscramble 2 scramble
unseal 2 seal
unsheathe 2 sheathe
unsnarl 2 entangle mat snarl tangle
unspell 2 spell
unstaple 2 staple
unstrain 2 strain tense tense-up
unstrap 2 strap
unstring 2 string
unstuff 2 block choke-up lug stuff
untie 2 bind tie
untune 2 tune tune-up
untwine 2 enlace entwine interlace intertwine lace twine
untwist 2 distort twist
unveil 2 veil
unweave 2 interweave weave
unwind 2 roll wind wrap
unwire 2 wire
unwrap 2 wrap wrap-up
unyoke 2 yoke
unzip 2 zip zip-up zipper
upgrade 2 downgrade
upload 2 download
validate 2 annul avoid invalidate nullify quash vitiate void
violate 2 comply conform-to
vitalize 2 devitalise devitalize
voice 2 devoice
vomit 2 keep-down
wake 2 catch-some-Z's kip log-Z's sleep slumber
wake-up 2 dope-off doze-off drift-off drop-off drowse-off fall-asleep flake-out nod-off
wane 2 climb full mount rise wax
war 2 make-peace
waste 2 conserve economise economize husband
wax 2 wane
weaken 2 beef-up fortify strengthen
weave 2 unweave
weigh-down 2 buoy-up lighten
welcome 2 say-farewell
wet 2 dry dry-out
whisper 2 shout
whiten 2 black blacken melanize nigrify
wholesale 2 retail
widen 2 contract narrow
win 2 lose
wind 2 unroll unwind wind-off
winterize 2 summerize
wire 2 unwire
wish 2 begrudge resent
withdraw 2 bank deposit
work 2 idle laze stagnate
worry 2 assure reassure
worsen 2 ameliorate amend better improve meliorate
wound 2 unroll unwind wind-off
wrap 2 unwrap
wrong 2 compensate correct redress right
yield 2 remain-firm stand
yoke 2 unyoke
zip-up 2 unzip
a-la-carte 3 prix-fixe table-d'hote
