a.i.d.s 1 a.i.d.
a.i.d.s 2 a.i.d.
aids 1 aid
aids 2 aid
am 2 be
abandoned 2 abandon
abolitionists 1 abolitionist
aborigines 1 aborigine
absorbing 2 absorb
according 2 accord
accords 1 accord
accords 2 accord
actors 1 actor
adams 1 adam
admirals 1 admiral
adventures 1 adventure
adventures 2 adventure
african-americans 1 african-american
africans 1 african
ages 1 age
ages 2 age
aires 1 aire
aires 2 air
airlines 1 airline
airways 1 airway
allied 2 ally
allies 1 ally
allies 2 ally
almanacs 1 almanac
alps 1 alp
amateurs 1 amateur
amazing 2 amaze
amazons 1 amazon
amendments 1 amendment
americans 1 american
americas 1 america
anas 1 ana
anchors 1 anchor
andrews 1 andrew
angels 1 angel
apes 1 ape
apostles 1 apostle
appeals 1 appeal
arabians 1 arabian
arabs 1 arab
archer 3 arch
archives 1 archive
archives 2 archive
are 2 be
argonauts 1 argonaut
armenians 1 armenian
arms 1 arm
arms 2 arm
articles 1 article
articles 2 article
artists 1 artist
arts 1 art
assistants 1 assistant
associated 2 associate
associates 1 associate
assyrians 1 assyrian
athenians 1 athenian
australians 1 australian
avengers 1 avenger
averages 1 average
awaiting 2 await
awards 1 award
awards 2 award
aztecs 1 aztec
bbs 1 bb
bandaged 2 bandage
banks 1 bank
banks 2 bank
baptists 1 baptist
bars 1 bar
bates 2 bate
baths 1 bath
baths 2 bath
bayer 3 bay
beads 1 bead
beads 2 bead
beagles 1 beagle
bears 1 bear
bears 2 bear
beatitudes 1 beatitude
beats 1 beat
beats 2 beat
becomes 2 become
beers 1 beer
bells 1 bell
bellworts 1 bellwort
berets 1 beret
best 4 well
better 4 well
bibles 1 bible
biggest 3 big
billings 1 billing
bills 1 bill
bing 2 be
birds 1 bird
birds 2 bird
blinks 1 blink
blues 1 blue
blues 2 blue
boards 1 board
boards 2 board
boers 1 boer
bombers 1 bomber
bonds 1 bond
bonds 2 bond
books 1 book
boots 1 boot
born 2 bear
bound 2 bind
bowls 1 bowl
bowls 2 bowl
boxing 2 box
boys 1 boy
brands 1 brand
braves 1 brave
braves 2 brave
breathed 2 breathe
breezing 2 breeze
brethren 1 brother
brewers 1 brewer
bridges 1 bridge
bridges 2 bridge
broadcasting 2 broadcast
broken 2 break
broncos 1 bronco
brooks 1 brook
brooks 2 brook
brothers 1 brother
browning 2 brown
browns 1 brown
buddhists 1 buddhist
buds 1 bud
bugaboos 1 bugaboo
bugs 1 bug
bugs 2 bug
building 2 build
bulldogs 1 bulldog
bulls 1 bull
bulls 2 bull
burghers 1 burgher
burns 1 burn
burns 2 burn
butcher 3 butch
cds 1 cd
caesars 1 caesar
cakes 1 cake
cambodians 1 cambodian
came 2 come
canadians 1 canadian
capricorns 1 capricorn
cardinals 1 cardinal
cards 1 card
carmen 1 carman
carpenters 1 carpenter
carpetbaggers 1 carpetbagger
caspers 1 casper
catholics 1 catholic
caverns 1 cavern
caverns 2 cavern
celtics 1 celtic
certified 2 certify
challengers 1 challenger
champions 1 champion
champions 2 champion
champs 1 champ
champs 2 champ
charades 1 charade
checkers 1 checker
cheerios 1 cheerio
cheerleaders 1 cheerleader
cheers 1 cheer
chiefs 1 chief
chiffons 1 chiffon
children 1 child
chimes 1 chime
chimes 2 chime
chinamen 1 chinaman
chipmunks 1 chipmunk
chipping 2 chip
chips 1 chip
christians 1 christian
chronicles 1 chronicle
chuckles 1 chuckle
chuckles 2 chuckle
churches 1 church
cities 1 city
claws 1 claw
claws 2 claw
cliffs 1 cliff
clios 1 clio
closed 2 close
clouds 1 cloud
clues 1 clue
clues 2 clue
codes 1 code
coins 1 coin
cola 1 colon
collectors 1 collector
combined 2 combine
combing 2 comb
comes 2 come
comics 1 comic
coming 2 come
commandments 1 commandment
commandos 1 commando
commercials 1 commercial
commodores 1 commodore
commons 1 common
composers 1 composer
computers 1 computer
concertos 1 concerto
conditioned 2 condition
congressmen 1 congressman
consultants 1 consultant
contemplating 2 contemplate
cooking 2 cook
cooler 3 cool
corners 1 corner
corps 1 corp
cos 1 co
countries 1 country
couples 1 couple
couples 2 couple
cowboys 1 cowboy
cracker 3 crack
crackers 1 cracker
craps 1 crap
crawlers 1 crawler
crayons 1 crayon
crayons 2 crayon
created 2 create
creepers 1 creeper
crises 1 crisis
crisps 1 crisp
croats 1 croat
crossroads 1 crossroad
crows 1 crow
crusaders 1 crusader
crusades 1 crusade
cubs 1 cub
cubs 2 cub
dakotas 1 dakota
dances 1 dance
dancing 2 dance
daniels 1 daniel
danseuses 1 danseuse
das 1 da
data 1 datum
days 1 day
dealer 3 deal
debs 1 deb
defenders 1 defender
democrats 1 democrat
deutschmarks 1 deutschmark
developing 2 develop
devils 1 devil
devils 2 devil
diamonds 1 diamond
diaries 1 diary
died 2 die
dirks 1 dirk
disabilities 1 disability
distinguished 2 distinguish
dithers 1 dither
dodgers 1 dodger
dogs 1 dog
dogs 2 dog
dolls 1 doll
dolomites 1 dolomite
dolphins 1 dolphin
doors 1 door
dos 1 do
downing 2 down
downs 1 down
downs 2 down
dragons 1 dragon
drakes 1 drake
drapers 1 draper
dreams 1 dream
drew 2 draw
drinks 1 drink
drinks 2 drink
drivers 1 driver
drunk 2 drink
ducks 1 duck
dukes 1 duke
dulles 2 dull
duras 1 dura
dwarfs 1 dwarf
dwarfs 2 dwarf
dynamos 1 dynamo
e-s 1 e-
eagles 1 eagle
ears 1 ear
earthlings 1 earthling
easter 3 east
eaters 1 eater
eating 2 eat
educating 2 educate
eggs 1 egg
eggs 2 egg
egyptians 1 egyptian
elements 1 element
ellis 1 elli
elongated 2 elongate
emirates 1 emirate
enchanted 2 enchant
encounters 1 encounter
engineering 2 engineer
englishmen 1 englishman
eurodollars 1 eurodollar
europeans 1 european
evening 2 even
events 1 event
ewes 1 ewe
exciting 2 excite
exercises 1 exercise
exercises 2 exercise
expectations 1 expectation
expos 1 expo
expositions 1 exposition
eyes 1 eye
eyes 2 eye
friends 1 friend
faber 3 fab
fabians 1 fabian
faces 1 face
faces 2 face
falconers 1 falconer
fallen 2 fall
falls 1 fall
falls 2 fall
farmer 3 farm
fastest 3 fast
fathers 1 father
fats 1 fat
favoured 2 favour
fields 1 field
fields 2 field
fighting 2 fight
files 1 file
fingers 1 finger
fins 1 fin
fins 2 fin
flats 1 flat
flats 2 flat
flavored 2 flavor
flew 2 fly
flies 1 fly
flies 2 fly
flights 1 flight
flintstones 1 flintstone
flowers 1 flower
flying 2 fly
folks 1 folk
follies 1 folly
fools 1 fool
forbidden 2 forbid
forces 1 force
forces 2 force
forests 1 forest
forgotten 2 forget
forties 1 forty
fowles 2 fowl
frances 1 france
freed 2 free
freedoms 1 freedom
freemasons 1 freemason
fried 2 fry
friends 1 friend
frogs 1 frog
fuller 3 full
funnies 1 funny
g-men 1 g-man
galloping 2 gallop
games 1 game
games 2 game
ganges 2 gang
gardens 1 garden
gardens 2 garden
gates 1 gate
gates 2 gate
gathering 2 gather
gauls 1 gaul
generals 1 general
generals 2 general
gentlemen 1 gentleman
georges 1 george
germans 1 german
giants 1 giant
gifted 2 gift
gilded 2 gild
girls 1 girl
globetrotters 1 globetrotter
gnostics 1 gnostic
gods 1 god
goes 1 go
goes 2 go
going 2 go
golfers 1 golfer
gone 2 go
gophers 1 gopher
gorges 1 gorge
gorges 2 gorge
gorgons 1 gorgon
goring 2 gore
gospels 1 gospel
got 2 get
graffiti 1 graffito
grapes 1 grape
graves 1 grave
graves 2 grave
grays 1 gray
greater 3 great
greatest 3 great
greeks 1 greek
grilled 2 grill
ground 2 grind
growers 1 grower
grows 2 grow
guardians 1 guardian
guns 1 gun
guts 1 gut
highest 3 high
habsburgs 1 habsburg
halls 1 hall
hamburgers 1 hamburger
hamed 2 ham
hanks 1 hank
happened 2 happen
harpers 1 harper
hatches 1 hatch
haunted 2 haunt
hawks 1 hawk
hawks 2 hawk
hays 1 hay
heard 2 hear
hearts 1 heart
hebrews 1 hebrew
heights 1 height
helens 1 helen
hellenes 1 hellene
helps 1 help
hermits 1 hermit
heroes 1 hero
hicks 1 hick
highlanders 1 highlander
highlands 1 highland
highways 1 highway
hillbillies 1 hillbilly
hills 1 hill
hills 2 hill
his 1 hi
hohenzollerns 1 hohenzollern
holidays 1 holiday
homer 3 home
honeymooners 1 honeymooner
hooters 1 hooter
hoppers 1 hopper
horned 2 horn
horrors 1 horror
hours 1 hour
howling 2 howl
hugging 2 hug
humanities 1 humanity
huns 1 hun
hunting 2 hunt
huntingtons 1 huntington
hurts 1 hurt
illustrated 2 illustrate
impossibles 1 impossible
incas 1 inca
indians 1 indian
individuals 1 individual
invaders 1 invader
inventors 1 inventor
iranians 1 iranian
ironsides 1 ironside
is 2 be
ischia 1 ischium
islands 1 island
isles 1 isle
italians 1 italian
jamborees 1 jamboree
james 2 jam
jaws 1 jaw
jaws 2 jaw
jets 1 jet
jets 2 jet
jewels 1 jewel
jewels 2 jewel
jews 1 jew
jilting 2 jilt
johns 1 john
jordanians 1 jordanian
jordans 1 jordan
julies 1 july
juniors 1 junior
justices 1 justice
kansas 1 kansa
kent 2 ken
keyes 2 key
keys 1 key
kicking 2 kick
kids 1 kid
kids 2 kid
kingdoms 1 kingdom
kings 1 king
kinks 1 kink
kinks 2 kink
kisses 1 kiss
kissing 2 kiss
kiwis 1 kiwi
knights 1 knight
knights 2 knight
knows 2 know
kuwaits 1 kuwait
led 2 lead
leds 1 led
ladders 1 ladder
ladders 2 ladder
ladies 1 lady
lakes 1 lake
landing 2 land
laos 1 lao
las 1 la
lassies 1 lassie
laws 1 law
leaning 2 lean
learning 2 learn
leaving 2 leave
led 2 lead
legionnaires 1 legionnaire
legs 1 leg
lei 1 leu
leos 1 leo
les 1 le
lies 1 lie
lies 2 lie
lights 1 light
lights 2 light
lilies 1 lily
lincolns 1 lincoln
lines 1 line
lions 1 lion
lips 1 lip
liquors 1 liquor
lives 1 life
living 2 live
locked-in 2 lock-in
lofting 2 loft
logs 1 log
looking 2 look
lords 1 lord
lords 2 lord
lost 2 lose
loved 2 love
lovers 1 lover
lower 3 low
lowlands 1 lowland
lydians 1 lydian
lyons 1 lyon
m.g.s 1 m.g.
mormons 1 mormon
mvs 1 mv
macedonians 1 macedonian
machines 1 machine
machines 2 machine
madding 2 mad
magi 1 magus
mamas 1 mama
mans 1 man
maples 1 maple
marbles 1 marble
mariner 3 marine
marines 1 marine
maris 1 mari
married 2 marry
mars 1 mar
mars 2 mar
marshmallows 1 marshmallow
martens 1 marten
martians 1 martian
masons 1 mason
masters 1 master
masters 2 master
matthews 1 matthew
mauis 1 maui
mayans 1 mayan
meanies 1 meanie
measurements 1 measurement
medals 1 medal
medicated 2 medicate
melodies 1 melody
memories 1 memory
men 1 man
mexicans 1 mexican
mice 1 mouse
miles 1 mile
mills 1 mill
mills 2 mill
mining 2 mine
minoans 1 minoan
minutes 1 minute
miracles 1 miracle
mirrors 1 mirror
missionaries 1 missionary
mohicans 1 mohican
monarchs 1 monarch
mondays 1 monday
monkeys 1 monkey
mons 1 mon
mormons 1 mormon
moslems 1 moslem
moslims 1 moslem
mothers 1 mother
mothers 2 mother
motorcycles 1 motorcycle
mountains 1 mountain
mourning 2 mourn
movies 1 movie
mules 1 mule
murderers 1 murderer
murders 1 murder
muses 1 muse
muses 2 muse
musketeers 1 musketeer
muslims 1 muslim
mutants 1 mutant
named 2 name
napkins 1 napkin
nations 1 nation
nazis 1 nazi
networking 2 network
newtons 1 newton
nights 1 night
normans 1 norman
norwegians 1 norwegian
number 3 numb
numerals 1 numeral
nuts 1 nut
oats 1 oat
oliver 3 olive
ones 1 one
opens 1 open
opens 2 open
orphans 1 orphan
orphans 2 orphan
oscars 1 oscar
ottomans 1 othman
outer 3 out
outsider 3 outside
outsiders 1 outsider
oxfords 1 oxford
pcs 1 pc
packers 1 packer
padres 1 padre
pajamas 1 pajama
papers 1 paper
papers 2 paper
parking 2 park
parks 1 park
parks 2 park
pars 1 par
patriots 1 patriot
peaks 1 peak
peaks 2 peak
peanuts 1 peanut
pebbles 1 pebble
peepers 1 peeper
peeping 2 peep
peter 3 pet
peters 1 peter
petrified 2 petrify
pharaohs 1 pharaoh
philippines 1 philippine
philistines 1 philistine
physics 1 physic
pickles 1 pickle
pickles 2 pickle
pictures 1 picture
pictures 2 picture
pied 2 pie
pigs 1 pig
pigs 2 pig
pilgrims 1 pilgrim
pillars 1 pillar
pirates 1 pirate
pirates 2 pirate
pis 1 pi
plains 1 plain
plains 2 plain
plating 2 plate
player 3 play
players 1 player
poles 1 pole
poles 2 pole
pops 1 pop
pops 2 pop
porter 3 port
posadas 1 posada
powers 1 power
presidents 1 president
prizes 1 prize
prizes 2 prize
professionals 1 professional
profiles 1 profile
promised 2 promise
pumpkins 1 pumpkin
puritans 1 puritan
purloined 2 purloin
pushing 2 push
pussycats 1 pussycat
putters 1 putter
pyramids 1 pyramid
quaaludes 1 quaalude
quarrymen 1 quarryman
queens 1 queen
queens 2 queen
quintuplets 1 quintuplet
quotations 1 quotation
racers 1 racer
races 1 race
raging 2 rage
raiders 1 raider
rainier 3 rainy
raised 2 raise
rams 1 ram
rangers 1 ranger
rapids 1 rapid
rascals 1 rascal
reading 2 read
records 1 record
records 2 record
reflections 1 reflection
reflexes 1 reflex
representatives 1 representative
republicans 1 republican
republics 1 republic
researches 1 research
restorations 1 restoration
rests 1 rest
rider 3 rid
riders 1 rider
riding 2 ride
rifles 1 rifle
rights 1 right
rights 2 right
rings 1 ring
rings 2 ring
riots 1 riot
rises 1 rise
rising 2 rise
rivers 1 river
roaring 2 roar
robins 1 robin
rolling 2 roll
rolls 1 roll
roma 1 rom
romanovs 1 romanov
romans 1 roman
romes 1 rome
roots 1 root
rose 2 rise
roses 1 rose
rules 1 rule
running 2 run
russians 1 russian
russias 1 russia
s.o.s 1 s.o.
seals 1 seal
seals 2 seal
sos 1 so
said 2 say
sampling 2 sample
sanders 1 sander
sands 1 sand
satanists 1 satanist
saving 2 save
savings 1 saving
scientists 1 scientist
scopes 1 scope
scouts 1 scout
scrambled 2 scramble
sears 2 sear
seas 1 sea
seasons 1 season
secretaries 1 secretary
sellers 1 seller
seminoles 1 seminole
senators 1 senator
serbians 1 serbian
serbs 1 serb
services 1 service
services 2 service
severs 2 sever
shaken 2 shake
sharks 1 shark
sharks 2 shark
shields 1 shield
shoes 1 shoe
shooting 2 shoot
shores 1 shore
shorts 1 short
shot 2 shoot
showers 1 shower
sighs 1 sigh
sills 1 sill
silvers 1 silver
silvers 2 silver
silversmiths 1 silversmith
simpsons 1 simpson
singing 2 sing
sings 2 sing
sisters 1 sister
sites 1 site
sitting 2 sit
skates 1 skate
skills 1 skill
slavics 1 slavic
sleeping 2 sleep
slickers 1 slicker
slovenians 1 slovenian
slowest 3 slow
smashing 2 smash
smiling 2 smile
smothers 1 smother
snakes 1 snake
snakes 2 snake
sniffles 1 sniffle
soldiers 1 soldier
songs 1 song
sons 1 son
souls 1 soul
southerners 1 southerner
soviets 1 soviet
spangled 2 spangle
spartans 1 spartan
spears 1 spear
spelling 2 spell
spies 1 spy
sports 1 sport
sports 2 sport
sprained 2 sprain
springer 3 spring
springs 1 spring
sprockets 1 sprocket
squares 1 square
squares 2 square
stakes 1 stake
stammering 2 stammer
stars 1 star
states 1 state
states 2 state
statutes 1 statute
steamrollers 1 steamroller
steps 1 step
stockyards 1 stockyard
stones 1 stone
stones 2 stone
stooges 1 stooge
stooges 2 stooge
stories 1 story
stranger 3 strange
strikes 1 strike
strikes 2 strike
strings 1 string
stripes 1 stripe
stripes 2 stripe
studios 1 studio
studs 1 stud
styles 1 style
sub-mariner 3 sub-marine
sumerians 1 sumerian
sunflowers 1 sunflower
supporters 1 supporter
sweets 1 sweet
swimming 2 swim
syndics 1 syndic
t.s 1 t.
tailors 1 tailor
taken 2 take
taking 2 take
tales 1 tale
talks 1 talk
taming 2 tame
tangerines 1 tangerine
tangier 3 tangy
tapas 1 tapa
tartars 1 tartar
teachers 1 teacher
tears 1 tear
tears 2 tear
terrified 2 terrify
territories 1 territory
tests 1 test
tests 2 test
texans 1 texan
thanks 2 thank
thebes 1 thebe
theses 1 thesis
thieves 1 thief
thieves 2 thieve
things 1 thing
thunderbirds 1 thunderbird
times 1 time
times 2 time
titans 1 titan
tots 1 tot
touched 2 touch
tours 1 tour
tours 2 tour
towels 1 towel
towers 1 tower
towers 2 tower
travelers 1 traveler
travels 1 travel
travels 2 travel
trees 1 tree
trees 2 tree
treetops 1 treetop
triers 1 trier
tropics 1 tropic
trucks 1 truck
trucks 2 truck
tumbleweeds 1 tumbleweed
tunes 1 tune
turks 1 turk
turn-ons 1 turn-on
turners 1 turner
twins 1 twin
twittering 2 twitter
tyroleans 1 tyrolean
u.s 1 u.
ufos 1 ufo
ukrainians 1 ukrainian
united 2 unite
untouchables 1 untouchable
uplands 1 upland
uprising 2 uprise
vcrs 1 vcr
vegas 1 vega
vehicles 1 vehicle
verbs 1 verb
veterans 1 veteran
vikings 1 viking
virgins 1 virgin
volunteers 1 volunteer
wagners 1 wagner
wailing 2 wail
wales 1 wale
walking 2 walk
walks 1 walk
wanted 2 want
wars 1 war
wars 2 war
was 2 be
watering 2 water
waters 1 water
watts 1 watt
ways 1 way
weavers 1 weaver
welles 2 well
wells 1 well
wells 2 well
were 2 be
wheels 1 wheel
wheels 2 wheel
wilder 3 wild
wills 1 will
windows 1 window
winds 1 wind
wines 1 wine
winters 1 winter
winters 2 winter
witnesses 1 witness
wives 1 wife
women 1 woman
wonders 1 wonder
wonders 2 wonder
woods 1 wood
workers 1 worker
worlds 1 world
yankees 1 yankee
years 1 year
yesterdays 1 yesterday
younger 3 young
youngsters 1 youngster
yugoslavians 1 yugoslavian
zealanders 1 zealander
abandoned 2 abandon
abbreviated 2 abbreviate
abbreviations 1 abbreviation
abducted 2 abduct
abilities 1 ability
abolished 2 abolish
abs 1 ab
absorbed 2 absorb
accents 1 accent
accepted 2 accept
accessories 1 accessory
accidents 1 accident
accompanied 2 accompany
accompanying 2 accompany
accomplished 2 accomplish
accomplishments 1 accomplishment
according 2 accord
accounts 1 account
accredited 2 accredit
accused 2 accuse
aces 1 ace
aces 2 ace
achievements 1 achievement
achieves 2 achieve
aching 2 ache
acids 1 acid
acknowledged 2 acknowledge
acorns 1 acorn
acquitted 2 acquit
acres 1 acre
acronyms 1 acronym
acted 2 act
acting 2 act
actions 1 action
activated 2 activate
activates 2 activate
activities 1 activity
actors 1 actor
actresses 1 actress
acts 1 act
adams 1 adam
added 2 add
adding 2 add
addressed 2 address
addresses 1 address
addresses 2 address
addressing 2 address
adds 2 add
adjoining 2 adjoin
adjusting 2 adjust
administered 2 administer
administers 2 administer
administrations 1 administration
admitted 2 admit
adopted 2 adopt
adopts 2 adopt
adorns 2 adorn
ads 1 ad
adults 1 adult
advanced 2 advance
advantages 1 advantage
advantages 2 advantage
adventured 2 adventure
adventures 1 adventure
adventures 2 adventure
adventuring 2 adventure
adverbs 1 adverb
advertised 2 advertise
advertisements 1 advertisement
advertising 2 advertise
advertizing 2 advertize
advised 2 advise
advises 2 advise
affairs 1 affair
affected 2 affect
affiliations 1 affiliation
afflicts 2 afflict
aged 2 age
agencies 1 agency
agents 1 agent
ages 1 age
aging 2 age
aided 2 aid
aids 1 aid
aimed 2 aim
aims 1 aim
aired 2 air
airliners 1 airliner
airlines 1 airline
airplanes 1 airplane
airports 1 airport
alarms 1 alarm
albums 1 album
aliens 1 alien
aliens 2 alien
alleged 2 allege
allergens 1 allergen
allergies 1 allergy
allergists 1 allergist
allowed 2 allow
allows 2 allow
almonds 1 almond
altitudes 1 altitude
alveoli 1 alveolus
am 2 be
amateurs 1 amateur
amazing 2 amaze
ambassadors 1 ambassador
ambulances 1 ambulance
amendments 1 amendment
amounts 1 amount
amphibians 1 amphibian
amputated 2 amputate
amputees 1 amputee
ancestors 1 ancestor
anchors 1 anchor
angles 1 angle
animals 1 animal
animated 2 animate
annotated 2 annotate
announced 2 announce
annoyed 2 annoy
answered 2 answer
answering 2 answer
answers 1 answer
answers 2 answer
antacids 1 antacid
anthropologists 1 anthropologist
antlers 1 antler
ants 1 ant
apartments 1 apartment
apes 1 ape
aphids 1 aphid
appearances 1 appearance
appeared 2 appear
appearing 2 appear
appears 2 appear
apples 1 apple
appliances 1 appliance
applications 1 application
applied 2 apply
applies 2 apply
appointed 2 appoint
appointing 2 appoint
appointments 1 appointment
approaches 1 approach
approaching 2 approach
appropriates 2 appropriate
approved 2 approve
archer 3 arch
arches 1 arch
arches 2 arch
architects 1 architect
are 2 be
areas 1 area
ares 1 are
argued 2 argue
arguing 2 argue
arguments 1 argument
armadillos 1 armadillo
armed 2 arm
armies 1 army
armored 2 armor
armpits 1 armpit
arms 1 arm
arms 2 arm
arranged 2 arrange
arranging 2 arrange
arrested 2 arrest
arrests 1 arrest
arrests 2 arrest
arrived 2 arrive
arrives 2 arrive
arriving 2 arrive
arrows 1 arrow
arteries 1 artery
arthropods 1 arthropod
artichokes 1 artichoke
articles 1 article
articles 2 article
artists 1 artist
arts 1 art
ashes 1 ash
asked 2 ask
asks 2 ask
aspiring 2 aspire
assassinated 2 assassinate
assassinations 1 assassination
assets 1 asset
assigned 2 assign
assistants 1 assistant
assisted 2 assist
associated 2 associate
assorted 2 assort
assumed 2 assume
asteroids 1 asteroid
astronauts 1 astronaut
ate 2 eat
atheists 1 atheist
athletes 1 athlete
atoms 1 atom
attached 2 attach
attacked 2 attack
attacking 2 attack
attacks 1 attack
attempted 2 attempt
attempts 1 attempt
attempts 2 attempt
attended 2 attend
attends 2 attend
attorneys 1 attorney
attractions 1 attraction
attracts 2 attract
auctioneering 2 auctioneer
audiences 1 audience
authors 1 author
autobahns 1 autobahn
autographs 1 autograph
autographs 2 autograph
automobiles 1 automobile
automobiles 2 automobile
autos 1 auto
avenues 1 avenue
averted 2 avert
awaiting 2 await
awakened 2 awaken
awarded 2 award
awards 1 award
awards 2 award
babies 1 baby
babies 2 baby
backbones 1 backbone
backed 2 back
bagels 1 bagel
bags 1 bag
bags 2 bag
bails 1 bail
bails 2 bail
baked 2 bake
baking 2 bake
balding 2 bald
ballots 1 ballot
ballots 2 ballot
balls 1 ball
balls 2 ball
bamboozled 2 bamboozle
bananas 1 banana
bandages 1 bandage
bandages 2 bandage
bands 1 band
bands 2 band
bangers 1 banger
banjos 1 banjo
banking 2 bank
banks 1 bank
banks 2 bank
banned 2 ban
baptized 2 baptize
barns 1 barn
barnstorming 2 barnstorm
barred 2 bar
barrels 1 barrel
bars 1 bar
bars 2 bar
baseballs 1 baseball
based 2 base
bases 1 base
bases 2 base
basics 1 basic
basidiomycetes 1 basidiomycete
bathing 2 bathe
bathrooms 1 bathroom
bats 1 bat
bats 2 bat
batteries 1 battery
batting 2 bat
battled 2 battle
battles 1 battle
beaches 1 beach
beaches 2 beach
beads 1 bead
beads 2 bead
beagles 1 beagle
beaming 2 beam
beans 1 bean
beards 1 beard
beards 2 beard
bearing 2 bear
bears 1 bear
beaten 2 beat
beating 2 beat
beats 1 beat
beats 2 beat
beavers 1 beaver
becalmed 2 becalm
became 2 become
becomes 2 become
becoming 2 become
bedposts 1 bedpost
beds 1 bed
beds 2 bed
been 2 be
beers 1 beer
bees 1 bee
bees 2 be
befriended 2 befriend
began 2 begin
beginning 2 begin
begins 2 begin
begun 2 begin
beheaded 2 behead
being 2 be
beings 1 being
beliefs 1 belief
believed 2 believe
belles 1 belle
belles 2 bell
bells 1 bell
bells 2 bell
belonged 2 belong
bends 1 bend
bends 2 bend
benefits 1 benefit
benefits 2 benefit
berries 1 berry
best 4 well
bestowed 2 bestow
betrayed 2 betray
betraying 2 betray
bets 1 bet
bets 2 bet
better 4 well
betting 2 bet
bi-planes 1 bi-plane
bibliographies 1 bibliography
bicuspids 1 bicuspid
bicycles 1 bicycle
bicycles 2 bicycle
bidding 2 bid
bigger 3 big
biggest 3 big
bikes 1 bike
billed 2 bill
bills 1 bill
bills 2 bill
bindings 1 binding
binoculars 1 binocular
birds 1 bird
birds 2 bird
birthdays 1 birthday
births 1 birth
births 2 birth
biscuits 1 biscuit
bit 2 bite
bites 1 bite
bites 2 bite
biting 2 bite
bitten 2 bite
bitters 1 bitter
blacklisting 2 blacklist
blacks 1 black
blacks 2 black
blanks 1 blank
blasted 2 blast
bleeding 2 bleed
bleeds 2 bleed
blessings 1 blessing
blimps 1 blimp
blinds 1 blind
blinds 2 blind
blinking 2 blink
blisters 1 blister
blitzed 2 blitz
blizzards 1 blizzard
blocked 2 block
blocks 1 block
blocks 2 block
blondes 1 blonde
bloodiest 3 bloody
blooms 1 bloom
blowing 2 blow
blown 2 blow
blows 1 blow
blows 2 blow
blues 1 blue
blues 2 blue
blushing 2 blush
boarding 2 board
boards 1 board
boasted 2 boast
boasts 1 boast
boasts 2 boast
boats 1 boat
boats 2 boat
bodies 1 body
bodies 2 body
bogs 1 bog
boiled 2 boil
boiling 2 boil
bombed 2 bomb
bombing 2 bomb
bombs 1 bomb
bombs 2 bomb
bonds 1 bond
bonds 2 bond
bones 1 bone
bones 2 bone
boogers 1 booger
booked 2 book
bookings 1 booking
books 1 book
books 2 book
boomerangs 1 boomerang
boosters 1 booster
boots 1 boot
bordered 2 border
bordering 2 border
borders 1 border
borders 2 border
born 2 bear
bothering 2 bother
bottled 2 bottle
bottled-up 2 bottle-up
bottles 1 bottle
bottles 2 bottle
bottling 2 bottle
bottoms 1 bottom
bought 2 buy
boulevards 1 boulevard
bounced 2 bounce
bounces 1 bounce
bouncing 2 bounce
bound 2 bind
bounded 2 bound
bounding 2 bound
bouts 1 bout
bowling 2 bowl
bows 1 bow
boxcars 1 boxcar
boxed 2 box
boxers 1 boxer
boxes 1 box
boxes 2 box
boxing 2 box
boycotted 2 boycott
boyfriends 1 boyfriend
boys 1 boy
braces 1 brace
braces 2 brace
brains 1 brain
brakes 1 brake
branches 1 branch
branded 2 brand
brands 1 brand
bras 1 bra
breakers 1 breaker
breaking 2 break
breaks 1 break
breasts 1 breast
breathing 2 breathe
breeders 1 breeder
breeding 2 breed
breeds 1 breed
breeds 2 breed
brewed 2 brew
brews 1 brew
brews 2 brew
bribing 2 bribe
bricks 1 brick
brides 1 bride
bridges 1 bridge
bridges 2 bridge
brightest 3 bright
brings 2 bring
broadcaster 3 broadcast
broadcasting 2 broadcast
broadcasts 1 broadcast
brochures 1 brochure
broiled 2 broil
broke 2 break
broken 2 break
broker 3 broke
brokers 1 broker
brokers 2 broker
brooding 2 brood
brothers 1 brother
brothers-in-law 1 brother-in-law
brought 2 bring
brownies 1 brownie
bruised 2 bruise
bruises 1 bruise
brunettes 1 brunette
brushes 1 brush
bubbles 1 bubble
bubbles 2 bubble
bucks 1 buck
buddies 1 buddy
buds 1 bud
buffer 3 buff
buffs 1 buff
buffs 2 buff
bugs 1 bug
bugs 2 bug
builders 1 builder
building 2 build
buildings 1 building
builds 1 build
built 2 build
bulbs 1 bulb
bullets 1 bullet
bullfighters 1 bullfighter
bullheads 1 bullhead
bulls 1 bull
bumbling 2 bumble
bumped 2 bump
bumpiest 3 bumpy
bums 1 bum
bunches 1 bunch
buns 1 bun
bunting 2 bunt
burdened 2 burden
burdens 1 burden
burglars 1 burglar
buried 2 bury
burned 2 burn
burning 2 burn
burns 1 burn
burnt 2 burn
burrs 1 burr
buses 1 bus
buses 2 bus
bushes 1 bush
busiest 3 busy
businesses 1 business
bustles 1 bustle
busts 1 bust
butcher 3 butch
butlers 1 butler
buttons 1 button
buttons 2 button
buyers 1 buyer
buying 2 buy
buys 1 buy
buys 2 buy
bytes 1 byte
cabinets 1 cabinet
cabled 2 cable
cables 1 cable
cables 2 cable
cabs 1 cab
cagers 1 cager
calculated 2 calculate
calculating 2 calculate
calculations 1 calculation
calendars 1 calendar
calendars 2 calendar
called 2 call
calls 1 call
calls 2 call
calluses 1 callus
calories 1 calorie
came 2 come
camels 1 camel
cameras 1 camera
campaigns 1 campaign
campaigns 2 campaign
camping 2 camp
camps 1 camp
campuses 1 campus
canals 1 canal
canals 2 canal
canceled 2 cancel
cancelled 2 cancel
cancers 1 cancer
candles 1 candle
candles 2 candle
canned 2 can
canning 2 can
cannons 1 cannon
cannons 2 cannon
canonized 2 canonize
cans 1 can
cans 2 can
cantilevered 2 cantilever
cantons 1 canton
canyons 1 canyon
capers 1 caper
capers 2 caper
capillaries 1 capillary
capita 1 caput
capitalized 2 capitalize
capitalizes 2 capitalize
capitals 1 capital
caps 1 cap
caps 2 cap
captained 2 captain
captains 1 captain
captains 2 captain
captured 2 capture
carats 1 carat
carbohydrates 1 carbohydrate
carbonated 2 carbonate
carcinogens 1 carcinogen
cards 1 card
cards 2 card
careers 1 career
carpets 1 carpet
carried 2 carry
carriers 1 carrier
carries 1 carry
carries 2 carry
carrying 2 carry
cars 1 car
cartoons 1 cartoon
cartoons 2 cartoon
carved 2 carve
carving 2 carve
cascading 2 cascade
cases 1 case
cases 2 case
casing 2 case
casinos 1 casino
castigated 2 castigate
casting 2 cast
castles 1 castle
castles 2 castle
castling 2 castle
castrated 2 castrate
casualties 1 casualty
catalogued 2 catalogue
catalogues 1 catalogue
catapulted 2 catapult
catchers 1 catcher
catches 1 catch
catching 2 catch
categories 1 category
categorized 2 categorize
cats 1 cat
cats 2 cat
caught 2 catch
caused 2 cause
causes 1 cause
causes 2 cause
causing 2 cause
cavities 1 cavity
cds 1 cd
ceded 2 cede
celebrated 2 celebrate
celebrates 2 celebrate
celebrating 2 celebrate
celebrations 1 celebration
celebrities 1 celebrity
cells 1 cell
centered 2 center
centers 1 center
centers 2 center
cents 1 cent
centuries 1 century
cereals 1 cereal
certificates 1 certificate
chained 2 chain
chains 1 chain
chairs 1 chair
chairs 2 chair
challenged 2 challenge
challenges 1 challenge
chambers 1 chamber
chambers 2 chamber
chameleons 1 chameleon
champions 1 champion
champions 2 champion
championships 1 championship
chances 1 chance
chances 2 chance
changed 2 change
changes 1 change
changes 2 change
changing 2 change
chapels 1 chapel
chapters 1 chapter
characteristics 1 characteristic
characterized 2 characterize
characters 1 character
characters 2 character
charged 2 charge
charges 1 charge
charges 2 charge
chartered 2 charter
charts 1 chart
charts 2 chart
chased 2 chase
chases 1 chase
chats 1 chat
chats 2 chat
chauffeurs 1 chauffeur
cheapest 3 cheap
cheating 2 cheat
cheats 1 cheat
checked 2 check
checkered 2 checker
checkers 1 checker
checkers 2 checker
checks 1 check
cheeks 1 cheek
cheetahs 1 cheetah
chefs 1 chef
chemicals 1 chemical
chemists 1 chemist
cherubim 1 cherub
cherubs 1 cherub
chewing 2 chew
chick-peas 1 chick-pea
chickenpoxs 1 chickenpox
chickens 1 chicken
chicks 1 chick
chiefs 1 chief
chihuahuas 1 chihuahua
children 1 child
chilled 2 chill
chills 1 chill
chips 1 chip
choking 2 choke
chops 1 chop
chops 2 chop
chords 1 chord
chords 2 chord
chosen 2 choose
chromosomes 1 chromosome
chronicled 2 chronicle
chronicles 1 chronicle
chronicles 2 chronicle
chukkers 1 chukker
churches 1 church
churches 2 church
churchyards 1 churchyard
cigarettes 1 cigarette
cigars 1 cigar
circles 1 circle
circles 2 circle
circulations 1 circulation
cirques 1 cirque
cities 1 city
citizens 1 citizen
civilians 1 civilian
civilized 2 civilize
claimed 2 claim
claiming 2 claim
claims 1 claim
claims 2 claim
clapping 2 clap
clasps 1 clasp
clasps 2 clasp
classed 2 class
classes 1 class
classes 2 class
classifications 1 classification
classified 2 classify
classifies 2 classify
clawing 2 claw
claws 1 claw
claws 2 claw
cleaned 2 clean
cleaner 3 clean
cleaning 2 clean
cleansing 2 cleanse
clearer 3 clear
cleats 1 cleat
clicked 2 click
clicks 1 click
clients 1 client
climbed 2 climb
climbing 2 climb
climbs 1 climb
clings 1 cling
clipping 2 clip
clocks 1 clock
clocks 2 clock
cloned 2 clone
cloning 2 clone
closed 2 close
closer 3 close
closest 3 close
closing 2 close
clothed 2 clothe
clothes 2 clothe
clothing 2 clothe
clouds 1 cloud
clouds 2 cloud
clovers 1 clover
clowns 1 clown
clubs 1 club
clues 1 clue
clues 2 clue
co-starred 2 co-star
coached 2 coach
coaches 1 coach
coaching 2 coach
coastlines 1 coastline
coasts 1 coast
cobras 1 cobra
cockroaches 1 cockroach
codes 1 code
codes 2 code
coefficients 1 coefficient
coined 2 coin
coins 1 coin
coins 2 coin
cola 1 colon
colder 3 cold
coldest 3 cold
colds 1 cold
collaborated 2 collaborate
collapses 1 collapse
collapses 2 collapse
colleagues 1 colleague
collected 2 collect
collects 1 collect
colleges 1 college
collided 2 collide
collier 3 colly
colonies 1 colony
colonists 1 colonist
colonized 2 colonize
colored 2 color
coloring 2 color
colorings 1 coloring
colors 1 color
colors 2 color
columnists 1 columnist
combined 2 combine
combines 1 combine
combines 2 combine
comedians 1 comedian
comedies 1 comedy
comes 2 come
comets 1 comet
comics 1 comic
coming 2 come
commanded 2 command
commanders 1 commander
commanding 2 command
commandments 1 commandment
commandos 1 commando
commercials 1 commercial
commissioned 2 commission
commits 2 commit
committed 2 commit
committing 2 commit
commonest 3 common
commonwealths 1 commonwealth
communications 1 communication
communists 1 communist
companies 1 company
companies 2 company
companions 1 companion
companions 2 companion
compared 2 compare
comparing 2 compare
comparisons 1 comparison
compartments 1 compartment
compelled 2 compel
competed 2 compete
competing 2 compete
competitors 1 competitor
compiled 2 compile
complemented 2 complement
complements 1 complement
completed 2 complete
complexes 1 complex
components 1 component
composed 2 compose
compounded 2 compound
compounds 1 compound
compounds 2 compound
compressed 2 compress
comprised 2 comprise
comprises 2 comprise
comprising 2 comprise
computerized 2 computerize
computers 1 computer
conceived 2 conceive
conceiving 2 conceive
concerned 2 concern
concerning 2 concern
concerns 1 concern
concerts 1 concert
condensed 2 condense
condiments 1 condiment
conditioning 2 condition
conditions 1 condition
conditions 2 condition
condoms 1 condom
conducted 2 conduct
conferences 1 conference
conflicts 1 conflict
confronted 2 confront
confronts 2 confront
congressmen 1 congressman
conjoined 2 conjoin
conjugations 1 conjugation
conjured 2 conjure
conkers 1 conker
connected 2 connect
connections 1 connection
connectors 1 connector
connects 2 connect
conquered 2 conquer
cons 1 con
considered 2 consider
consisted 2 consist
consisting 2 consist
consists 2 consist
conspiring 2 conspire
constants 1 constant
constellations 1 constellation
constitutes 2 constitute
constraints 1 constraint
consultants 1 consultant
consumed 2 consume
consumes 2 consume
contained 2 contain
containing 2 contain
contains 2 contain
contaminants 1 contaminant
contemplating 2 contemplate
contestants 1 contestant
continents 1 continent
continues 2 continue
contraceptives 1 contraceptive
contributed 2 contribute
contributes 2 contribute
contributions 1 contribution
contributors 1 contributor
controls 1 control
conventions 1 convention
converters 1 converter
convertibles 1 convertible
converting 2 convert
convicted 2 convict
convicts 1 convict
convicts 2 convict
convolutions 1 convolution
cooked 2 cook
cookers 1 cooker
cookies 1 cookie
cooking 2 cook
cooks 1 cook
cooks 2 cook
cooled 2 cool
cooler 3 cool
coolest 3 cool
cooling 2 cool
copies 1 copy
copies 2 copy
coping 2 cope
copped 2 cop
copyrighted 2 copyright
copyrights 1 copyright
copyrights 2 copyright
cords 1 cord
corned 2 corn
corners 1 corner
corners 2 corner
corporations 1 corporation
corps 1 corp
corpses 1 corpse
corpuscles 1 corpuscle
corralled 2 corral
corresponding 2 correspond
corresponds 2 correspond
corridors 1 corridor
corsairs 1 corsair
cosmetics 1 cosmetic
costs 1 cost
costumed 2 costume
costumes 1 costume
costumes 2 costume
counselled 2 counsel
counted 2 count
counties 1 county
counting 2 count
countries 1 country
coupled 2 couple
couples 1 couple
courses 1 course
court-martialled 2 court-martial
cousins 1 cousin
covered 2 cover
covering 2 cover
covers 1 cover
covers 2 cover
coveted 2 covet
cowboys 1 cowboy
cowpunchers 1 cowpuncher
cows 1 cow
cows 2 cow
coxed 2 cox
crabs 1 crab
crabs 2 crab
cracked 2 crack
cracker 3 crack
cracking 2 crack
cracks 1 crack
cramps 1 cramp
cramps 2 cramp
cranes 1 crane
crannies 1 cranny
craps 1 crap
craps 2 crap
crashed 2 crash
crashes 1 crash
crashes 2 crash
crawling 2 crawl
creams 1 cream
created 2 create
creates 2 create
creating 2 create
creations 1 creation
creatures 1 creature
credited 2 credit
credits 1 credit
credits 2 credit
cremated 2 cremate
crews 1 crew
crickets 1 cricket
crickets 2 cricket
crimes 1 crime
criminals 1 criminal
crippled 2 cripple
crisscrosses 1 crisscross
criticisms 1 criticism
criticizing 2 criticize
crocodiles 1 crocodile
crooked 2 crook
crops 1 crop
crops 2 crop
crossed 2 cross
crosses 1 crosse
crosses 2 cross
crossing 2 cross
crotches 1 crotch
crouching 2 crouch
crowds 1 crowd
crowned 2 crown
crows 1 crow
crows 2 crow
crucified 2 crucify
crumbling 2 crumble
cruzeiros 1 cruzeiro
crystals 1 crystal
cubed 2 cube
cubes 1 cube
cubicles 1 cubicle
cubits 1 cubit
cucumbers 1 cucumber
cultivated 2 cultivate
cults 1 cult
cupcakes 1 cupcake
cups 1 cup
cups 2 cup
curbs 1 curb
cured 2 cure
curling 2 curl
currants 1 currant
currents 1 current
curved 2 curve
curves 1 curve
cushions 1 cushion
cushions 2 cushion
customer 3 custom
customers 1 customer
customs 1 custom
cuts 1 cut
cutting 2 cut
cyclones 1 cyclone
czars 1 czar
dallied 2 dally
dams 1 dam
dams 2 dam
danced 2 dance
dancers 1 dancer
dances 1 dance
dances 2 dance
dancing 2 dance
dangers 1 danger
dangles 2 dangle
dangling 2 dangle
dappled 2 dapple
dared 2 dare
dares 1 dare
dares 2 dare
daring 2 dare
darning 2 darn
darts 1 dart
darts 2 dart
dashes 1 dash
data 1 datum
databases 1 database
dates 1 date
dates 2 date
dating 2 date
daughters 1 daughter
days 1 day
dazzled 2 dazzle
deadliest 3 deadly
dealer 3 deal
dealing 2 deal
deals 1 deal
deals 2 deal
dealt 2 deal
deaths 1 death
debates 1 debate
debates 2 debate
debating 2 debate
debts 1 debt
debuted 2 debut
deceased 2 decease
decided 2 decide
decks 1 deck
declared 2 declare
declaring 2 declare
declawed 2 declaw
decorated 2 decorate
decorating 2 decorate
decorations 1 decoration
decorators 1 decorator
dedicated 2 dedicate
deeds 1 deed
deeper 3 deep
deeper 4 deeply
deepest 3 deep
defeated 2 defeat
defeating 2 defeat
defecating 2 defecate
defected 2 defect
defended 2 defend
defending 2 defend
defied 2 defy
defined 2 define
definitions 1 definition
degrees 1 degree
delayed 2 delay
deleted 2 delete
delivered 2 deliver
delivers 2 deliver
demanding 2 demand
demographics 1 demographic
demolitions 1 demolition
demons 1 demon
demonstrated 2 demonstrate
denied 2 deny
denies 2 deny
denoted 2 denote
dentures 1 denture
denying 2 deny
departments 1 department
depicted 2 depict
depleted 2 deplete
deported 2 deport
deposed 2 depose
deprived 2 deprive
deputies 1 deputy
deranged 2 derange
derivations 1 derivation
derived 2 derive
derives 2 derive
descends 2 descend
described 2 describe
describes 2 describe
describing 2 describe
deserts 1 desert
deserts 2 desert
designated 2 designate
designations 1 designation
designed 2 design
designs 1 design
destined 2 destine
destroyed 2 destroy
destroyers 1 destroyer
destroying 2 destroy
detailed 2 detail
details 1 detail
details 2 detail
detected 2 detect
detectives 1 detective
detectors 1 detector
detered 2 deter
determined 2 determine
determines 2 determine
determining 2 determine
devastating 2 devastate
developed 2 develop
developers 1 developer
developing 2 develop
develops 2 develop
devices 1 device
deviled 2 devil
devils 1 devil
devils 2 devil
devised 2 devise
devoted 2 devote
devoured 2 devour
diagrams 1 diagram
dialects 1 dialect
dialing 2 dial
diamonds 1 diamond
diaries 1 diary
dictionaries 1 dictionary
did 2 do
die-casting 2 die-cast
died 2 die
dies 1 die
dies 2 die
dieting 2 diet
differences 1 difference
digging 2 dig
digits 1 digit
digs 1 dig
diluted 2 dilute
dimensions 1 dimension
dimensions 2 dimension
dimples 1 dimple
dined 2 dine
dingoes 1 dingo
dining 2 dine
dinners 1 dinner
dinosaurs 1 dinosaur
dipped 2 dip
directed 2 direct
directions 1 direction
directors 1 director
dirtiest 3 dirty
disadvantages 1 disadvantage
disappeared 2 disappear
disappearing 2 disappear
disasters 1 disaster
discharges 1 discharge
discharges 2 discharge
discontinued 2 discontinue
discourses 1 discourse
discovered 2 discover
discovering 2 discover
discs 1 disc
discussing 2 discuss
discussions 1 discussion
diseases 1 disease
disfigurements 1 disfigurement
disguised 2 disguise
disgusting 2 disgust
dishes 1 dish
dishes 2 dish
diskettes 1 diskette
disks 1 disk
dismissed 2 dismiss
disorders 1 disorder
dispatched 2 dispatch
dispersed 2 disperse
displayed 2 display
displays 1 display
dissented 2 dissent
dissipated 2 dissipate
dissolved 2 dissolve
distilled 2 distil
distilling 2 distil
distinguished 2 distinguish
distinguishes 2 distinguish
distinguishing 2 distinguish
distributions 1 distribution
districts 1 district
dive 1 diva
divers 1 diver
divided 2 divide
dividends 1 dividend
divides 1 divide
dividing 2 divide
diving 2 dive
divisions 1 division
divorces 1 divorce
docked 2 dock
doctoring 2 doctor
doctors 1 doctor
doctors 2 doctor
does 1 doe
does 2 do
dogs 1 dog
dogs 2 dog
doing 2 do
dollars 1 dollar
dolls 1 doll
dolphins 1 dolphin
domes 1 dome
domesticated 2 domesticate
dominates 2 dominate
dominations 1 domination
dominoes 1 domino
donated 2 donate
donating 2 donate
done 2 do
donkeys 1 donkey
donned 2 don
donors 1 donor
doomed 2 doom
doors 1 door
doped 2 dope
dots 1 dot
dots 2 dot
doubled 2 double
doubleheaders 1 doubleheader
doubles 1 double
doubles 2 double
doughnuts 1 doughnut
downed 2 down
downloads 2 download
drafted 2 draft
drafting 2 draft
drafts 1 draft
dragonflies 1 dragonfly
drained 2 drain
dramatized 2 dramatize
draped 2 drape
draping 2 drape
draughts 1 draught
drawing 2 draw
drawn 2 draw
dreaded 2 dread
dreamed 2 dream
dreams 1 dream
dreams 2 dream
dressed 2 dress
dressing 2 dress
dried 2 dry
driest 3 dry
drilled 2 drill
drilling 2 drill
drills 1 drill
drills 2 drill
drinking 2 drink
drinks 1 drink
drinks 2 drink
driven 2 drive
drivers 1 driver
drives 1 drive
drives 2 drive
driving 2 drive
dropped 2 drop
dropping 2 drop
drops 1 drop
drowned 2 drown
drugs 1 drug
drugs 2 drug
drumlins 1 drumlin
drummers 1 drummer
drums 1 drum
dryer 3 dry
dubbed 2 dub
ducats 1 ducat
dueling 2 duel
dug 2 dig
dukes 1 duke
dumbest 3 dumb
dumplings 1 dumpling
dunes 1 dune
dunes 2 dun
dunking 2 dunk
duplicating 2 duplicate
dusting 2 dust
duties 1 duty
dwellers 1 dweller
dyeing 2 dye
dying 2 die
earliest 3 early
earned 2 earn
earns 2 earn
earrings 1 earring
ears 1 ear
earthquakes 1 earthquake
earthworms 1 earthworm
earwigs 1 earwig
easier 3 easy
easiest 3 easy
eaten 2 eat
eating 2 eat
eats 2 eat
eclairs 1 eclair
economists 1 economist
edges 1 edge
edited 2 edit
edits 2 edit
eels 1 eel
effects 1 effect
effects 2 effect
efforts 1 effort
eggs 1 egg
eggs 2 egg
eights 1 eight
elbows 1 elbow
elders 1 elder
elected 2 elect
electing 2 elect
elections 1 election
electrons 1 electron
elements 1 element
elephants 1 elephant
elevations 1 elevation
elevators 1 elevator
eliminated 2 eliminate
eliminates 2 eliminate
elixirs 1 elixir
eloped 2 elope
elves 1 elf
emasculated 2 emasculate
embedded 2 embed
embezzled 2 embezzle
emblazoned 2 emblazon
embraces 1 embrace
embraces 2 embrace
embracing 2 embrace
emceed 2 emcee
emcees 1 emcee
emcees 2 emcee
emerged 2 emerge
emigrants 1 emigrant
emitters 1 emitter
emperors 1 emperor
employed 2 employ
employees 1 employee
employers 1 employer
employs 1 employ
employs 2 employ
ems 1 em
enchanted 2 enchant
encircling 2 encircle
enclosed 2 enclose
encoded 2 encode
encoding 2 encode
encountered 2 encounter
encounters 1 encounter
endangered 2 endanger
ended 2 end
ending 2 end
endorsed 2 endorse
endowed 2 endow
ends 1 end
ends 2 end
endured 2 endure
enemies 1 enemy
enforces 2 enforce
engineered 2 engineer
engineering 2 engineer
engineers 1 engineer
engines 1 engine
engraved 2 engrave
enjoyed 2 enjoy
enjoying 2 enjoy
enjoys 2 enjoy
enlarged 2 enlarge
enlivens 2 enliven
enraged 2 enrage
enrolled 2 enrol
entered 2 enter
entering 2 enter
enters 2 enter
entertainers 1 entertainer
entitled 2 entitle
entreaties 1 entreaty
enunciated 2 enunciate
envelopes 1 envelope
envelopes 2 envelop
envisioned 2 envision
enzymes 1 enzyme
episodes 1 episode
equals 1 equal
equations 1 equation
equinoxes 1 equinox
equipped 2 equip
erected 2 erect
erupted 2 erupt
erupts 2 erupt
escaped 2 escape
essentials 1 essential
established 2 establish
esteemed 2 esteem
estimated 2 estimate
etching 2 etch
ethics 1 ethic
etymologies 1 etymology
evangelists 1 evangelist
evening 2 even
events 1 event
evolved 2 evolve
examining 2 examine
examples 1 example
exams 1 exam
excavated 2 excavate
exceeded 2 exceed
exchanged 2 exchange
exchanges 1 exchange
exchanges 2 exchange
exclaiming 2 exclaim
excluding 2 exclude
executed 2 execute
exercises 1 exercise
exhumed 2 exhume
exiled 2 exile
existed 2 exist
existing 2 exist
exists 2 exist
expanding 2 expand
expands 2 expand
expected 2 expect
expeditions 1 expedition
expelled 2 expel
experienced 2 experience
experiences 1 experience
experimenting 2 experiment
experts 1 expert
explains 2 explain
explanations 1 explanation
explorations 1 exploration
explored 2 explore
explorers 1 explorer
exploring 2 explore
exported 2 export
exports 1 export
exports 2 export
exposed 2 expose
expressions 1 expression
extended 2 extend
extends 2 extend
extensions 1 extension
extracted 2 extract
extremes 1 extreme
extremities 1 extremity
eyebrows 1 eyebrow
eyed 2 eye
eyelashes 1 eyelash
eyes 1 eye
eyes 2 eye
fables 1 fable
fabrics 1 fabric
faces 1 face
facing 2 face
factions 1 faction
factors 1 factor
factors 2 factor
facts 1 fact
failed 2 fail
fairies 1 fairy
faking 2 fake
fallen 2 fall
falling 2 fall
falls 1 fall
falls 2 fall
families 1 family
fans 1 fan
fans 2 fan
farmed 2 farm
farmer 3 farm
farmers 1 farmer
farming 2 farm
farther 4 far
faster 3 fast
fastest 3 fast
fastest-growing 3 fast-growing
fasting 2 fast
fathered 2 father
fattened 2 fatten
fattest 3 fat
faults 1 fault
favored 2 favor
favorites 1 favorite
favors 1 favor
favors 2 favor
faxes 1 fax
feared 2 fear
fears 1 fear
fears 2 fear
feathered 2 feather
feathers 1 feather
feathers 2 feather
featured 2 feature
features 1 feature
features 2 feature
featuring 2 feature
feeding 2 feed
feeling 2 feel
feelings 1 feeling
feet 1 foot
fell 2 fall
felt 2 feel
females 1 female
fences 1 fence
ferns 1 fern
fewer 3 few
fewest 3 few
fiddlers 1 fiddler
fields 1 field
fields 2 field
fighting 2 fight
fights 1 fight
fights 2 fight
figure-skating 2 figure-skate
figured 2 figure
figures 1 figure
filed 2 file
files 1 file
files 2 file
filing 2 file
filled 2 fill
filling 2 fill
filmed 2 film
films 1 film
films 2 film
filters 1 filter
filters 2 filter
filthiest 3 filthy
financed 2 finance
finding 2 find
fined 2 fine
fingernails 1 fingernail
fingerprinting 2 fingerprint
fingerprints 1 fingerprint
fingerprints 2 fingerprint
fingers 1 finger
fingers 2 finger
fingertips 1 fingertip
finished 2 finish
finishes 1 finish
finishes 2 finish
finishing 2 finish
fins 1 fin
firebombed 2 firebomb
firecrackers 1 firecracker
fired 2 fire
fireflies 1 firefly
firehouses 1 firehouse
fires 1 fire
fireworks 1 firework
firing 2 fire
firms 1 firm
firms 2 firm
fished 2 fish
fishing 2 fish
fittest 3 fit
fixed 2 fix
fixing 2 fix
flags 1 flag
flags 2 flag
flamingos 1 flamingo
flares 1 flare
flashes 1 flash
flashing 2 flash
flasks 1 flask
flavoring 2 flavor
flavors 1 flavor
flew 2 fly
flies 1 fly
flies 2 fly
flights 1 flight
flights 2 flight
flipped 2 flip
floating 2 float
flogged 2 flog
flogging 2 flog
flooding 2 flood
flooring 2 floor
floors 1 floor
floors 2 floor
flopped 2 flop
flowered 2 flower
flowering 2 flower
flowers 1 flower
flowers 2 flower
flowing 2 flow
flown 2 fly
flows 1 flow
flows 2 flow
fluids 1 fluid
flushing 2 flush
flutes 1 flute
flyer 3 fly
flying 2 fly
focuses 1 focus
foes 1 foe
fogs 1 fog
folks 1 folk
followed 2 follow
followers 1 follower
following 2 follow
follows 2 follow
fondled 2 fondle
fonts 1 font
foods 1 food
fooled 2 fool
fools 1 fool
footballs 1 football
foothills 1 foothill
footnotes 1 footnote
footprints 1 footprint
fops 1 fop
forbidden 2 forbid
forced 2 force
forces 1 force
forces 2 force
forcing 2 force
forebears 1 forebear
forecasting 2 forecast
forecasts 1 forecast
foreigner 3 foreign
foresees 2 foresee
forests 1 forest
forests 2 forest
forfeited 2 forfeit
forged 2 forge
forks 1 fork
formalized 2 formalize
formats 1 format
formed 2 form
forms 1 form
forms 2 form
formulated 2 formulate
forwards 1 forward
forwards 2 forward
fossilized 2 fossilize
fossilizes 2 fossilize
fossils 1 fossil
fought 2 fight
found 2 find
founded 2 found
founder 3 found
founders 1 founder
founding 2 found
fountains 1 fountain
foursomes 1 foursome
fractals 1 fractal
fractions 1 fraction
framed 2 frame
frames 1 frame
frames 2 frame
freaks 1 freak
freckles 1 freckle
freed 2 free
freeze-drying 2 freeze-dry
freezing 2 freeze
frequencies 1 frequency
freshmen 1 freshman
fridges 1 fridge
fried 2 fry
friends 1 friend
fries 1 fry
fries 2 fry
frightens 2 frighten
frogs 1 frog
frogs 2 frog
frosting 2 frost
frozen 2 freeze
fruits 1 fruit
fruits 2 fruit
frustrated 2 frustrate
fucking 2 fuck
fuels 1 fuel
fuels 2 fuel
fumes 1 fume
funding 2 fund
funds 1 fund
furcula 1 furculum
furlongs 1 furlong
furnished 2 furnish
furs 1 fur
further 4 far
gaggles 1 gaggle
gaggles 2 gaggle
gained 2 gain
gaining 2 gain
galleries 1 gallery
gallons 1 gallon
galloped 2 gallop
gamblers 1 gambler
gambling 2 gamble
games 1 game
games 2 game
gaming 2 game
ganglia 1 ganglion
gangs 1 gang
gangsters 1 gangster
gargoyles 1 gargoyle
garments 1 garment
gases 1 gas
gases 2 gas
gasses 1 gas
gasses 2 gas
gathering 2 gather
gave 2 give
gays 1 gay
geese 1 goose
gems 1 gem
gemstones 1 gemstone
generals 1 general
generals 2 general
generated 2 generate
genes 1 gene
genies 1 genie
germs 1 germ
getaways 1 getaway
gets 2 get
getting 2 get
geysers 1 geyser
geysers 2 geyser
ghosts 1 ghost
ghosts 2 ghost
giants 1 giant
gifted 2 gift
gifts 1 gift
gifts 2 gift
gilded 2 gild
gills 1 gill
giraffes 1 giraffe
girls 1 girl
given 2 give
gives 1 give
gives 2 give
giving 2 give
glaciers 1 glacier
gladiators 1 gladiator
glands 1 gland
glasses 1 glass
glasses 2 glass
gliding 2 glide
glittering 2 glitter
glitters 1 glitter
glitters 2 glitter
gloves 1 glove
gnats 1 gnat
goals 1 goal
goaltenders 1 goaltender
gobbling 2 gobble
goddesses 1 goddess
godparents 1 godparent
gods 1 god
goes 1 go
goes 2 go
going 2 go
gold-plated 2 gold-plate
goldfinches 1 goldfinch
golfers 1 golfer
golfing 2 golf
gondolas 1 gondola
gone 2 go
goods 1 good
gorillas 1 gorilla
got 2 get
gotten 2 get
gourmets 1 gourmet
governed 2 govern
governing 2 govern
grabs 1 grab
grabs 2 grab
graced 2 grace
graces 1 grace
graces 2 grace
grader 3 grade
graders 1 grader
grades 1 grade
grades 2 grade
graduated 2 graduate
graduates 1 graduate
graduates 2 graduate
graduations 1 graduation
graffiti 1 graffito
grafting 2 graft
grams 1 gram
grandchildren 1 grandchild
granddaughters 1 granddaughter
grants 1 grant
grants 2 grant
grapes 1 grape
grappling 2 grapple
grasps 1 grasp
grasshoppers 1 grasshopper
graves 1 grave
graves 2 grave
grazing 2 graze
greater 3 great
greatest 3 great
greed 2 gree
greener 3 green
greeting 2 greet
grew 2 grow
grinders 1 grinder
grips 1 grip
grooves 1 groove
grossed 2 gross
grosses 1 gross
grosses 2 gross
grouched 2 grouch
ground 2 grind
groundhogs 1 groundhog
grounds 1 ground
groups 1 group
groups 2 group
growing 2 grow
grown 2 grow
grown-up 2 grow-up
grows 2 grow
guaranteed 2 guarantee
guarantees 1 guarantee
guarding 2 guard
guards 1 guard
guerrillas 1 guerrilla
guests 1 guest
guiding 2 guide
guitars 1 guitar
gummed 2 gum
gunned 2 gun
guns 1 gun
guys 1 guy
guys 2 guy
habitats 1 habitat
habits 1 habit
habits 2 habit
hacked 2 hack
hackers 1 hacker
hacking 2 hack
had 2 have
hailed 2 hail
hairballs 1 hairball
hairiest 3 hairy
hairpins 1 hairpin
hairs 1 hair
halos 1 halo
hamburgers 1 hamburger
handed 2 hand
handicapped 2 handicap
handled 2 handle
handles 1 handle
handling 2 handle
hands 1 hand
hands 2 hand
handwriting 2 handwrite
hanging 2 hang
happened 2 happen
happening 2 happen
happens 2 happen
harassed 2 harass
hardening 2 harden
hardest 3 hard
hardest 4 hard
harmonics 1 harmonic
has 1 ha
has 2 have
hatched 2 hatch
hated 2 hate
hates 1 hate
hats 1 hat
hats 2 hat
hauled 2 haul
haunted 2 haunt
haunts 1 haunt
having 2 have
hawks 1 hawk
headaches 1 headache
headed 2 head
heading 2 head
headlines 1 headline
headpieces 1 headpiece
heads 1 head
heads 2 head
healing 2 heal
healthier 3 healthy
healthiest 3 healthy
heard 2 hear
hearing 2 hear
hearings 1 hearing
hearts 1 heart
heated 2 heat
heating 2 heat
heavier 3 heavy
heaviest 3 heavy
heights 1 height
heists 1 heist
heists 2 heist
held 2 hold
helmets 1 helmet
helped 2 help
helping 2 help
helps 1 help
helps 2 help
hemispheres 1 hemisphere
hens 1 hen
heralded 2 herald
heralds 1 herald
heroes 1 hero
hiccups 1 hiccup
hiccups 2 hiccup
hid 2 hide
hidden 2 hide
hiding 2 hide
hieroglyphics 1 hieroglyphic
hieroglyphs 1 hieroglyph
higher 3 high
highest 3 high
highest-ranking 3 high-ranking
highways 1 highway
hijacked 2 hijack
hiking 2 hike
hills 1 hill
hinnys 1 hinny
hippodromes 1 hippodrome
his 1 hi
histones 1 histone
hits 1 hit
hits 2 hit
hitters 1 hitter
hitting 2 hit
hives 1 hive
hocks 1 hock
holding 2 hold
holds 1 hold
holds 2 hold
holes 1 hole
holes 2 hole
holidays 1 holiday
holidays 2 holiday
hollering 2 holler
homer 3 home
homes 1 home
homes 2 home
homogenized 2 homogenize
homosexuals 1 homosexual
honoring 2 honor
honors 1 honor
hoofs 1 hoof
hoops 1 hoop
hooters 1 hooter
hopping 2 hop
hops 1 hop
hops 2 hop
hormones 1 hormone
horned 2 horn
horns 1 horn
horns 2 horn
horoscopes 1 horoscope
horrors 1 horror
horses 1 horse
horses 2 horse
horseshoes 1 horseshoe
horseshoes 2 horseshoe
hospitals 1 hospital
hostages 1 hostage
hosted 2 host
hosting 2 host
hosts 1 host
hosts 2 host
hotdogs 1 hotdog
hotels 1 hotel
hotter 3 hot
hottest 3 hot
hounded 2 hound
hours 1 hour
houseflies 1 housefly
households 1 household
houseplants 1 houseplant
houses 1 house
houses 2 house
hubs 1 hub
humanities 1 humanity
humans 1 human
hummingbirds 1 hummingbird
humps 1 hump
humps 2 hump
hundreds 1 hundred
hunters 1 hunter
hunting 2 hunt
huntsmen 1 huntsman
hurdles 1 hurdle
hurled 2 hurl
hurricanes 1 hurricane
hurting 2 hurt
hurts 1 hurt
husbands 1 husband
huskies 1 husky
hustles 1 hustle
hymns 1 hymn
icicles 1 icicle
ideas 1 idea
identified 2 identify
idioms 1 idiom
ignores 2 ignore
illustrated 2 illustrate
illustrations 1 illustration
imitating 2 imitate
immigrants 1 immigrant
immigrated 2 immigrate
immortalized 2 immortalize
immortals 1 immortal
impacts 1 impact
impeached 2 impeach
imported 2 import
importers 1 importer
imposed 2 impose
impoverished 2 impoverish
imprisoned 2 imprison
improved 2 improve
inaugurated 2 inaugurate
incarcerated 2 incarcerate
inches 1 inch
inches 2 inch
incisors 1 incisor
inclined 2 incline
included 2 include
includes 2 include
including 2 include
incorporated 2 incorporate
incorporates 2 incorporate
increased 2 increase
incubates 2 incubate
indicates 2 indicate
indicted 2 indict
indictments 1 indictment
individuals 1 individual
induced 2 induce
inducted 2 induct
industrialized 2 industrialize
infants 1 infant
inferred 2 infer
inflamed 2 inflame
influenced 2 influence
influences 1 influence
influences 2 influence
ingested 2 ingest
ingredients 1 ingredient
inhabitants 1 inhabitant
inhabited 2 inhabit
inhaling 2 inhale
inherited 2 inherit
inhibitors 1 inhibitor
initials 1 initial
injections 1 injection
injured 2 injure
injuries 1 injury
innings 1 inning
inoculations 1 inoculation
inscribed 2 inscribe
insects 1 insect
inspectors 1 inspector
inspired 2 inspire
installed 2 instal
instituted 2 institute
instructions 1 instruction
instruments 1 instrument
insured 2 insure
insures 2 insure
integrated 2 integrate
intentions 1 intention
interest 3 inter
interested 2 interest
interesting 2 interest
interpreted 2 interpret
interred 2 inter
interrupted 2 interrupt
interventions 1 intervention
intestines 1 intestine
introduced 2 introduce
invaded 2 invade
invaders 1 invader
invented 2 invent
inventing 2 invent
inventions 1 invention
inventors 1 inventor
invertebrates 1 invertebrate
investing 2 invest
invited 2 invite
invoked 2 invoke
involved 2 involve
involving 2 involve
irons 1 iron
is 2 be
islands 1 island
issued 2 issue
issues 1 issue
issues 2 issue
itched 2 itch
itching 2 itch
items 1 item
jackets 1 jacket
jacks 1 jack
jackstraws 1 jackstraw
jeans 1 jean
jerks 1 jerk
jeroboams 1 jeroboam
jets 1 jet
jets 2 jet
jewels 1 jewel
jewels 2 jewel
jibs 1 jib
jobs 1 job
jobs 2 job
jockeys 1 jockey
jogging 2 jog
joined 2 join
joining 2 join
joins 1 join
joins 2 join
jokers 1 joker
jokes 1 joke
jokes 2 joke
jowls 1 jowl
judged 2 judge
judges 1 judge
judges 2 judge
juices 1 juice
jumped 2 jump
jumping 2 jump
jumps 1 jump
jumps 2 jump
justifies 2 justify
kangaroos 1 kangaroo
kayoed 2 kayo
keeping 2 keep
keeps 1 keep
keeps 2 keep
kept 2 keep
keys 1 key
keys 2 key
kicked 2 kick
kickers 1 kicker
kicking 2 kick
kidnaped 2 kidnap
kidnaping 2 kidnap
kidnapped 2 kidnap
kidnapping 2 kidnap
kids 1 kid
kids 2 kid
killed 2 kill
killing 2 kill
kills 1 kill
kills 2 kill
kilograms 1 kilogram
kilometers 1 kilometer
kinds 1 kind
kinfolks 1 kinfolk
kingdoms 1 kingdom
kings 1 king
kissed 2 kiss
kisses 1 kiss
kissing 2 kiss
kitchens 1 kitchen
kittens 1 kitten
kittens 2 kitten
kittiwakes 1 kittiwake
knees 1 knee
knighted 2 knight
knights 1 knight
knitting 2 knit
knives 1 knife
knocked 2 knock
knocking 2 knock
known 2 know
knows 2 know
knuckles 1 knuckle
kopecks 1 kopeck
labels 1 label
labels 2 label
lacking 2 lack
ladies 1 lady
ladybugs 1 ladybug
laid 2 lay
lakes 1 lake
lambs 1 lamb
laments 1 lament
laments 2 lament
laminated 2 laminate
lamps 1 lamp
landed 2 land
landing 2 land
lanes 1 lane
languages 1 language
lapped 2 lap
laps 1 lap
laps 2 lap
larger 3 large
largest 3 large
lasers 1 laser
lasted 2 last
later 3 late
latest 3 late
latitudes 1 latitude
launched 2 launch
launches 1 launch
lavatories 1 lavatory
lawmakers 1 lawmaker
laws 1 law
lawyers 1 lawyer
lay 2 lie
layers 1 layer
layers 2 layer
lays 1 lay
lays 2 lay
laziest 3 lazy
leaders 1 leader
leading 2 lead
leads 1 lead
leads 2 lead
leagues 1 league
leagues 2 league
leaked 2 leak
leaking 2 leak
learned 2 learn
learning 2 learn
leaves 1 leaf
leaves 2 leave
leaving 2 leave
led 2 lead
left 2 leave
left-handers 1 left-hander
leftovers 1 leftover
legalized 2 legalize
legitimized 2 legitimize
legs 1 leg
legumes 1 legume
lends 2 lend
lengths 1 length
lenses 1 lens
lepta 1 lepton
lesser 3 less
lets 1 let
lets 2 let
letters 1 letter
letters 2 letter
levels 1 level
levels 2 level
liberated 2 liberate
liberties 1 liberty
libraries 1 library
lice 1 louse
licensed 2 license
licenses 1 license
licking 2 lick
licks 1 lick
licks 2 lick
lies 1 lie
lies 2 lie
life-forms 1 life-form
lifeboats 1 lifeboat
lifted 2 lift
lifts 1 lift
lifts 2 lift
ligaments 1 ligament
light-years 1 light-year
lighter 3 light
lights 1 light
lights 2 light
likenesses 1 likeness
likes 2 like
limited 2 limit
limits 1 limit
lined 2 line
liners 1 liner
lines 1 line
lines 2 line
linked 2 link
links 1 link
links 2 link
lions 1 lion
lipids 1 lipid
lips 1 lip
lips 2 lip
liquids 1 liquid
liquors 1 liquor
listed 2 list
listeners 1 listener
listening 2 listen
listing 2 list
listings 1 listing
lists 1 list
lists 2 list
lit 2 light
liter 3 lit
liters 1 liter
lived 2 live
liver 3 live
livers 1 liver
lives 1 life
lives 2 live
living 2 live
lizards 1 lizard
llamas 1 llama
loaded 2 load
loans 1 loan
locales 1 locale
locals 1 local
located 2 locate
locations 1 location
lockers 1 locker
locks 1 lock
logarithms 1 logarithm
loneliest 3 lonely
longer 3 long
longest 3 long
longest-lasting 3 long-lasting
longest-lived 3 long-lived
longest-standing 3 long-standing
looked 2 look
looked-at 2 look-at
looking 2 look
looks 1 look
looser 3 loose
lords 1 lord
loses 2 lose
losing 2 lose
losingest 3 losing
lost 2 lose
lots 1 lot
loved 2 love
lovers 1 lover
loves 1 love
loves 2 love
lower 3 low
lowest 3 low
loyalists 1 loyalist
lubricants 1 lubricant
lubricated 2 lubricate
luckiest 3 lucky
lungs 1 lung
lures 1 lur
lures 2 lure
lurks 2 lurk
lying 2 lie
lyrics 1 lyric
lyrics 2 lyric
machines 1 machine
machines 2 machine
madder 3 mad
made 2 make
magazines 1 magazine
magicians 1 magician
magnets 1 magnet
magnifying 2 magnify
magpies 1 magpie
maidens 1 maiden
maids 1 maid
mailed 2 mail
mailing 2 mail
maintaining 2 maintain
makers 1 maker
makes 1 make
makes 2 make
making 2 make
males 1 male
malls 1 mall
mammals 1 mammal
managed 2 manage
managers 1 manager
manages 2 manage
manatees 1 manatee
manned 2 man
manufactured 2 manufacture
manufacturers 1 manufacturer
manufactures 1 manufacture
manufacturing 2 manufacture
manuscripts 1 manuscript
maps 1 map
maps 2 map
marathons 1 marathon
marbles 1 marble
marbles 2 marble
marched 2 march
marked 2 mark
marketed 2 market
marketing 2 market
markets 1 market
marking 2 mark
markings 1 marking
marks 1 mark
marks 2 mark
marooned 2 maroon
marriages 1 marriage
married 2 marry
marries 2 marry
marrying 2 marry
marshes 1 marsh
marshmallows 1 marshmallow
martinis 1 martini
martyred 2 martyr
martyrs 1 martyr
martyrs 2 martyr
mascots 1 mascot
masked 2 mask
masqueraded 2 masquerade
masses 1 mass
masses 2 mass
masters 1 master
masters 2 master
mastiffs 1 mastiff
masts 1 mast
matches 1 match
matches 2 match
materials 1 material
mates 1 mate
mates 2 mate
mating 2 mate
meals 1 meal
meanest 3 mean
meaning 2 mean
meanings 1 meaning
means 1 mean
means 2 mean
meant 2 mean
measured 2 measure
measurements 1 measurement
measures 1 measure
measures 2 measure
measuring 2 measure
mechanics 1 mechanic
medals 1 medal
medals 2 medal
media 1 medium
meeting 2 meet
meets 1 meet
meets 2 meet
melanocytes 1 melanocyte
melons 1 melon
melted 2 melt
melting 2 melt
melts 1 melt
members 1 member
memoirs 1 memoir
memorials 1 memorial
memories 1 memory
men 1 man
mens 1 men
mentioned 2 mention
mentions 1 mention
mercenaries 1 mercenary
merged 2 merge
mermaids 1 mermaid
messages 1 message
met 2 meet
metals 1 metal
metals 2 metal
meteorologists 1 meteorologist
meteors 1 meteor
meters 1 meter
meters 2 meter
methods 1 method
mice 1 mouse
microbes 1 microbe
microfossils 1 microfossil
microns 1 micron
microphones 1 microphone
microprocessors 1 microprocessor
microwaves 1 microwave
middling 2 middle
midwives 1 midwife
might 2 may
migraines 1 migraine
migrates 2 migrate
miles 1 mile
milked 2 milk
milking 2 milk
millennia 1 millennium
milligrams 1 milligram
millimeters 1 millimeter
millions 1 million
milliseconds 1 millisecond
minded 2 mind
mined 2 mine
minerals 1 mineral
mining 2 mine
ministers 1 minister
minted 2 mint
mints 1 mint
mints 2 mint
minutes 1 minute
mirrors 1 mirror
mirrors 2 mirror
missed 2 miss
misses 1 miss
misses 2 miss
missiles 1 missile
missing 2 miss
missions 1 mission
misspells 2 misspell
mistaken 2 mistake
misused 2 misuse
mitochondria 1 mitochondrion
mixed 2 mix
mixing 2 mix
moaned 2 moan
moats 1 moat
mobs 1 mob
moccasins 1 moccasin
modeling 2 model
models 1 model
models 2 model
modems 1 modem
moderated 2 moderate
molars 1 molar
molecules 1 molecule
moles 1 mole
molten 2 melt
monarchs 1 monarch
monkeys 1 monkey
monkeys 2 monkey
monks 1 monk
monopolies 1 monopoly
monsoons 1 monsoon
monsters 1 monster
monstrosities 1 monstrosity
months 1 month
monuments 1 monument
moons 1 moon
moons 2 moon
morals 1 moral
mornings 1 morning
mortgages 1 mortgage
mortgages 2 mortgage
mosques 1 mosque
mosquitoes 1 mosquito
mosquitos 1 mosquito
mosses 1 moss
mothers 1 mother
moths 1 moth
motorcycles 1 motorcycle
mountains 1 mountain
mounted 2 mount
mourning 2 mourn
mousetraps 1 mousetrap
mouths 1 mouth
moved 2 move
moves 1 move
moves 2 move
movies 1 movie
moving 2 move
mules 1 mule
multiplexer 3 multiplex
multiplying 2 multiply
mummified 2 mummify
munching 2 munch
murdered 2 murder
murderers 1 murderer
murdering 2 murder
murders 1 murder
murders 2 murder
muscles 1 muscle
muscles 2 muscle
mushrooms 1 mushroom
musicals 1 musical
muslims 1 muslim
mutineers 1 mutineer
mysteries 1 mystery
myths 1 myth
named 2 name
names 1 name
names 2 name
naming 2 name
nanometers 1 nanometer
narrated 2 narrate
narrates 2 narrate
narrowest 3 narrow
nationalities 1 nationality
nationals 1 national
nations 1 nation
natives 1 native
naturals 1 natural
navigated 2 navigate
nearest 3 near
necklaces 1 necklace
neckties 1 necktie
needed 2 need
needles 1 needle
needs 1 need
needs 2 need
neighboring 2 neighbor
neighbors 1 neighbor
nephews 1 nephew
nesting 2 nest
nestled 2 nestle
nests 1 nest
networking 2 network
networks 1 network
neurons 1 neuron
neutered 2 neuter
neutrinos 1 neutrino
neutrons 1 neutron
newborns 1 newborn
newspapers 1 newspaper
newsstands 1 newsstand
nickels 1 nickel
nickels 2 nickel
nicknamed 2 nickname
nicknames 1 nickname
nicknames 2 nickname
nictitating 2 nictitate
nightclubs 1 nightclub
nines 1 nine
nipples 1 nipple
nitrates 1 nitrate
no-hitters 1 no-hitter
nodes 1 node
nodes 2 nod
noggins 1 noggin
nomads 1 nomad
nominated 2 nominate
nominations 1 nomination
nominees 1 nominee
noodles 1 noodle
nooks 1 nook
noses 1 nose
noses 2 nose
noted 2 note
notes 1 note
notes 2 note
nouns 1 noun
novels 1 novel
number 3 numb
numbered 2 number
numbering 2 number
numbers 1 number
numbers 2 number
numerals 1 numeral
nursing 2 nurse
nutrients 1 nutrient
nuts 1 nut
nuts 2 nut
oars 1 oar
objects 1 object
objects 2 object
observes 2 observe
observing 2 observe
obsessed 2 obsess
obstructed 2 obstruct
obtained 2 obtain
occupations 1 occupation
occupied 2 occupy
occupies 2 occupy
occupying 2 occupy
occurred 2 occur
occurring 2 occur
occurs 2 occur
oceans 1 ocean
odors 1 odor
offenses 1 offense
offer 3 off
offered 2 offer
offers 1 offer
offers 2 offer
officers 1 officer
officers 2 officer
offices 1 office
officials 1 official
oilmen 1 oilman
oilseeds 1 oilseed
older 3 old
oldest 3 old
olives 1 olive
omitted 2 omit
ones 1 one
onions 1 onion
opened 2 open
opener 3 open
openers 1 opener
opening 2 open
openings 1 opening
opens 1 open
opens 2 open
operated 2 operate
operates 2 operate
operating 2 operate
operations 1 operation
opportunities 1 opportunity
opposed 2 oppose
optics 1 optic
options 1 option
oranges 1 orange
orbiting 2 orbit
orbits 1 orbit
ordered 2 order
ordering 2 order
orders 1 order
orders 2 order
organelles 1 organelle
organisms 1 organism
organizations 1 organization
organized 2 organize
organs 1 organ
oriented 2 orient
originated 2 originate
origins 1 origin
ornaments 1 ornament
orphanages 1 orphanage
ostriches 1 ostrich
otters 1 otter
ounces 1 ounce
outer 3 out
outlasts 2 outlast
outskirts 1 outskirt
outstanding 2 outstand
ovaries 1 ovary
ovens 1 oven
overalls 1 overall
overcooked 2 overcook
overlooking 2 overlook
overlooks 1 overlook
overlooks 2 overlook
overpaid 2 overpay
overprints 1 overprint
overthrown 2 overthrow
owls 1 owl
owned 2 own
owner 3 own
owners 1 owner
owns 2 own
oysters 1 oyster
oysters 2 oyster
pacers 1 pacer
packages 1 package
packages 2 package
packed 2 pack
packs 1 pack
packs 2 pack
paddling 2 paddle
pads 1 pad
pads 2 pad
pages 1 page
pages 2 page
paid 2 pay
painted 2 paint
painters 1 painter
painting 2 paint
paintings 1 painting
pairs 1 pair
pairs 2 pair
palms 1 palm
pandas 1 panda
panels 1 panel
panicked 2 panic
panned 2 pan
panties 1 pantie
pants 1 pant
pants 2 pant
papers 1 paper
parachuted 2 parachute
parachutes 1 parachute
paralyzed 2 paralyze
parasites 1 parasite
pardoned 2 pardon
parents 1 parent
parents 2 parent
parkas 1 parka
parking 2 park
parks 1 park
parks 2 park
parlayed 2 parlay
parodies 1 parody
participants 1 participant
particles 1 particle
parties 1 party
parties 2 party
partisans 1 partisan
partners 1 partner
partners 2 partner
parts 1 part
parts 2 part
pas 1 pa
passages 1 passage
passed 2 pass
passengers 1 passenger
passes 1 pass
passing 2 pass
passwords 1 password
patented 2 patent
patents 1 patent
patents 2 patent
pathogens 1 pathogen
patients 1 patient
patrolled 2 patrol
patrols 1 patrol
pats 1 pat
pats 2 pat
patterns 1 pattern
pawns 1 pawn
paws 1 paw
paws 2 paw
paying 2 pay
pays 1 pay
pays 2 pay
peacocks 1 peacock
peaked 2 peak
peanuts 1 peanut
peas 1 pea
peasants 1 peasant
pease 1 pea
pecks 1 peck
pedals 1 pedal
pedestrians 1 pedestrian
pediatricians 1 pediatrician
peeling 2 peel
peers 1 peer
penalized 2 penalize
pencils 1 pencil
pendulums 1 pendulum
penguins 1 penguin
penned 2 pen
pens 1 pen
pens 2 pen
peppermints 1 peppermint
percentages 1 percentage
perched 2 perch
perfected 2 perfect
perfecting 2 perfect
performances 1 performance
performed 2 perform
performers 1 performer
performing 2 perform
performs 2 perform
periods 1 period
permits 1 permit
permitted 2 permit
personae 1 persona
personalities 1 personality
personas 1 persona
persons 1 person
persuaded 2 persuade
pertaining 2 pertain
pertains 2 pertain
perukes 1 peruke
pesetas 1 peseta
pesos 1 peso
petals 1 petal
petrified 2 petrify
pets 1 pet
pets 2 pet
pharmacists 1 pharmacist
phases 1 phase
phases 2 phase
philosophized 2 philosophize
phobias 1 phobia
phones 1 phone
phones 2 phone
photographed 2 photograph
photographs 1 photograph
photons 1 photon
photos 1 photo
phrases 1 phrase
phrasing 2 phrase
phylums 1 phylum
physicians 1 physician
physics 1 physic
physics 2 physic
pianos 1 piano
picas 1 pica
picked 2 pick
picking 2 pick
pickled 2 pickle
pickles 1 pickle
pickles 2 pickle
picks 1 pick
pictured 2 picture
pictures 1 picture
pictures 2 picture
pieces 1 piece
pieces 2 piece
piercing 2 pierce
pigeons 1 pigeon
pigs 1 pig
pigs 2 pig
pilgrims 1 pilgrim
pillars 1 pillar
pills 1 pill
piloted 2 pilot
pilots 1 pilot
pimples 1 pimple
pincers 1 pincer
pinching 2 pinch
pineapples 1 pineapple
pined 2 pine
pins 1 pin
pins 2 pin
pints 1 pint
pioneering 2 pioneer
pips 1 pip
pitched 2 pitch
pitchers 1 pitcher
pitches 1 pitch
pitching 2 pitch
pits 1 pit
pitted 2 pit
pizzas 1 pizza
placed 2 place
places 1 place
places 2 place
plagued 2 plague
plagues 1 plague
plains 1 plain
planes 1 plane
planes 2 plane
planets 1 planet
planned 2 plan
plans 1 plan
plans 2 plan
planted 2 plant
planting 2 plant
plants 1 plant
plants 2 plant
plastics 1 plastic
platelets 1 platelet
plates 1 plate
plates 2 plate
played 2 play
player 3 play
players 1 player
playing 2 play
plays 1 play
plays 2 play
pledged 2 pledge
plops 1 plop
plugging 2 plug
plugs 1 plug
plugs 2 plug
plums 1 plum
pockets 1 pocket
pods 1 pod
poems 1 poem
pointed 2 point
pointing 2 point
points 1 point
points 2 point
points-of-view 1 point-of-view
poised 2 poise
poisoned 2 poison
poisoning 2 poison
poles 1 pole
poles 2 pole
politicians 1 politician
polluted 2 pollute
polyesters 1 polyester
polyhedra 1 polyhedron
polymers 1 polymer
ponies 1 pony
pools 1 pool
pools 2 pool
poorest 3 poor
popes 1 pope
popes 2 pop
popularized 2 popularize
populated 2 populate
populating 2 populate
populations 1 population
portals 1 portal
porter 3 port
portraits 1 portrait
portrayed 2 portray
portraying 2 portray
portrays 2 portray
ports 1 port
ports 2 port
posed 2 pose
positions 1 position
positions 2 position
possessed 2 possess
postcards 1 postcard
posted 2 post
poster 3 post
posters 1 poster
postponements 1 postponement
posts 1 post
potatoes 1 potato
pothooks 1 pothook
pounds 1 pound
pounds 2 pound
poured 2 pour
pouring 2 pour
pours 2 pour
powdered 2 powder
powered 2 power
powers 1 power
powers 2 power
practiced 2 practice
practices 1 practice
practices 2 practice
praises 1 praise
pranks 1 prank
pranks 2 prank
praying 2 pray
preached 2 preach
preaches 2 preach
preceded 2 precede
precedes 2 precede
precipices 1 precipice
predators 1 predator
predicted 2 predict
predicting 2 predict
predictions 1 prediction
preferred 2 prefer
prefers 2 prefer
premiered 2 premiere
premieres 1 premiere
prepared 2 prepare
presented 2 present
presents 1 present
presents 2 present
preserved 2 preserve
presided 2 preside
presidents 1 president
pressed 2 press
pressured 2 pressure
prettiest 3 pretty
prevailing 2 prevail
prevents 2 prevent
prices 1 price
prices 2 price
priests 1 priest
primates 1 primate
primes 1 prime
primitives 1 primitive
principles 1 principle
printed 2 print
printer 3 print
printing 2 print
prints 1 print
prisoners 1 prisoner
prisons 1 prison
probed 2 probe
probing 2 probe
problems 1 problem
procedures 1 procedure
processed 2 process
processing 2 process
processors 1 processor
proclaimed 2 proclaim
produced 2 produce
producers 1 producer
produces 1 produce
produces 2 produce
producing 2 produce
productions 1 production
products 1 product
professionals 1 professional
professions 1 profession
programmers 1 programmer
programming 2 program
programs 1 program
programs 2 program
prohibited 2 prohibit
prohibiting 2 prohibit
projectiles 1 projectile
projects 1 project
projects 2 project
promised 2 promise
promises 1 promise
promises 2 promise
promising 2 promise
promoted 2 promote
promoters 1 promoter
promotes 2 promote
prompted 2 prompt
prongs 1 prong
pronounced 2 pronounce
pronouns 1 pronoun
propelled 2 propel
propellers 1 propeller
propels 2 propel
properties 1 property
prophecies 1 prophecy
prophets 1 prophet
proposals 1 proposal
proposed 2 propose
proposing 2 propose
pros 1 pro
prosecuted 2 prosecute
prosecuting 2 prosecute
prostitutes 1 prostitute
protecting 2 protect
protects 2 protect
proteins 1 protein
protesting 2 protest
protons 1 proton
proved 2 prove
proves 2 prove
provided 2 provide
providers 1 provider
provides 2 provide
providing 2 provide
provinces 1 province
proving 2 prove
prunes 1 prune
prunes 2 prune
pseudonyms 1 pseudonym
pterodactyls 1 pterodactyl
published 2 publish
publishers 1 publisher
publishes 2 publish
publishing 2 publish
pubs 1 pub
pubs 2 pub
pulled 2 pull
pulling 2 pull
pulls 1 pull
pumping 2 pump
pumpkins 1 pumpkin
pumps 1 pump
puppies 1 puppy
purchased 2 purchase
pureeing 2 puree
purified 2 purify
purposes 1 purpose
purposes 2 purpose
pursued 2 pursue
pushed 2 push
pushes 1 push
pushes 2 push
pussies 1 pussy
puts 1 put
puts 2 put
putting 2 put
putts 1 putt
putts 2 putt
puzzles 1 puzzle
puzzles 2 puzzle
pyramids 1 pyramid
pyramids 2 pyramid
qualia 1 quale
qualifications 1 qualification
qualifying 2 qualify
qualities 1 quality
quarterbacked 2 quarterback
quarterbacks 1 quarterback
quarters 1 quarter
quarts 1 quart
quasars 1 quasar
quatrains 1 quatrain
queries 1 query
questions 1 question
questions 2 question
quicker 3 quick
quickest 3 quick
quills 1 quill
quilts 1 quilt
quoted 2 quote
quotes 1 quote
quotes 2 quote
rabbits 1 rabbit
rabbits 2 rabbit
raced 2 race
races 1 race
races 2 race
racing 2 race
radicals 1 radical
radishes 1 radish
raided 2 raid
railroads 1 railroad
railroads 2 railroad
rails 1 rail
railways 1 railway
rainiest 3 rainy
rains 1 rain
rains 2 rain
raised 2 raise
raises 1 raise
raising 2 raise
raisins 1 raisin
rallied 2 rally
rallying 2 rally
ran 2 run
ranges 1 range
ranges 2 range
ranked 2 rank
ranking 2 rank
rankings 1 ranking
ranks 1 rank
ranks 2 rank
rarest 3 rare
raspberries 1 raspberry
rated 2 rate
rates 1 rate
ratified 2 ratify
rating 2 rate
ratings 1 rating
rats 1 rat
rats 2 rat
ravens 1 raven
rays 1 ray
rays 2 ray
razed 2 raze
re-elected 2 re-elect
re-surfaced 2 re-surface
re-used 2 re-use
reached 2 reach
reaches 1 reach
reaches 2 reach
reactions 1 reaction
reader 3 read
readers 1 reader
reading 2 read
reads 1 read
reams 1 ream
reared 2 rear
rearranged 2 rearrange
reasoning 2 reason
reasons 1 reason
reasons 2 reason
rebels 1 rebel
rebounds 1 rebound
rebounds 2 rebound
recalled 2 recall
receding 2 recede
receipts 1 receipt
receipts 2 receipt
received 2 receive
receives 2 receive
receiving 2 receive
receptions 1 reception
recharged 2 recharge
recipes 1 recipe
recipients 1 recipient
recitals 1 recital
reckoning 2 reckon
reclining 2 recline
recognized 2 recognize
recommended 2 recommend
recorded 2 record
recorder 3 record
recording 2 record
records 1 record
records 2 record
recounted 2 recount
recounts 1 recount
recounts 2 recount
recruited 2 recruit
recycled 2 recycle
recycling 2 recycle
redecorated 2 redecorate
redheads 1 redhead
redwoods 1 redwood
reefs 1 reef
reefs 2 reef
referees 1 referee
referenced 2 reference
referred 2 refer
referring 2 refer
refined 2 refine
reflecting 2 reflect
reflectors 1 reflector
refreshing 2 refresh
refrigerators 1 refrigerator
refugees 1 refugee
refused 2 refuse
refusing 2 refuse
regained 2 regain
regarded 2 regard
regarding 2 regard
regards 1 regard
regards 2 regard
registered 2 register
regulations 1 regulation
reigned 2 reign
reigning 2 reign
reincarnated 2 reincarnate
rejected 2 reject
related 2 relate
relates 2 relate
relating 2 relate
relations 1 relation
relatives 1 relative
relaxing 2 relax
released 2 release
releases 1 release
religions 1 religion
relinquished 2 relinquish
remained 2 remain
remains 2 remain
remembers 2 remember
removed 2 remove
removing 2 remove
renamed 2 rename
renounced 2 renounce
rent 2 rend
rents 1 rent
repealed 2 repeal
repeated 2 repeat
repeating 2 repeat
repeats 1 repeat
replaced 2 replace
replacing 2 replace
reporting 2 report
represented 2 represent
represents 2 represent
reptiles 1 reptile
republics 1 republic
reputed 2 repute
requested 2 request
required 2 require
requirements 1 requirement
requires 2 require
rescued 2 rescue
researchers 1 researcher
resembled 2 resemble
resembles 2 resemble
reserved 2 reserve
residents 1 resident
resigned 2 resign
resolutions 1 resolution
resorts 1 resort
resources 1 resource
respected 2 respect
responsibilities 1 responsibility
restaurants 1 restaurant
resting 2 rest
restored 2 restore
resulted 2 result
results 1 result
results 2 result
resumes 1 resume
resurrected 2 resurrect
retailer 3 retail
retailers 1 retailer
retarded 2 retard
retired 2 retire
retires 2 retire
retrieved 2 retrieve
returned 2 return
returns 1 return
reunited 2 reunite
revealed 2 reveal
revelations 1 revelation
revenues 1 revenue
revered 2 revere
reviews 1 review
reviews 2 review
revolutionaries 1 revolutionary
revolutions 1 revolution
revolving 2 revolve
rhymes 1 rhyme
rhymes 2 rhyme
rhyming 2 rhyme
ribs 1 rib
ribs 2 rib
richest 3 rich
riddled 2 riddle
rider 3 rid
riders 1 rider
rides 1 ride
ridges 1 ridge
ridges 2 ridge
riding 2 ride
right-handers 1 right-hander
rights 1 right
rights 2 right
rims 1 rim
rings 1 ring
rings 2 ring
riots 1 riot
riots 2 riot
risen 2 rise
rises 1 rise
rises 2 rise
rising 2 rise
rites 1 rite
rivers 1 river
roads 1 road
roasts 1 roast
roasts 2 roast
robbed 2 rob
robbers 1 robber
robes 1 robe
robes 2 robe
robots 1 robot
rocks 1 rock
rocks 2 rock
rode 2 ride
rodents 1 rodent
roles 1 role
rolling 2 roll
rolls 1 roll
romances 1 romance
roofs 1 roof
rooftops 1 rooftop
rookies 1 rookie
roommates 1 roommate
rooms 1 room
rooms 2 room
roosters 1 rooster
roots 1 root
roots 2 root
rose 2 rise
roses 1 rose
rotates 2 rotate
rotating 2 rotate
rounded 2 round
rounds 1 round
rounds 2 round
routes 1 route
routines 1 routine
rowing 2 row
rows 1 row
rows 2 row
rugs 1 rug
ruins 1 ruin
ruins 2 ruin
ruled 2 rule
rulers 1 ruler
rules 1 rule
rules 2 rule
ruling 2 rule
rumors 1 rumor
rung 2 ring
runners 1 runner
running 2 run
runs 1 run
runs 2 run
rushed 2 rush
rushing 2 rush
rusting 2 rust
saddled 2 saddle
safest 3 safe
said 2 say
sailed 2 sail
sailing 2 sail
sailors 1 sailor
saints 1 saint
salads 1 salad
salaries 1 salary
salaries 2 salary
sales 1 sale
salespeople 1 salesperson
saloons 1 saloon
salts 1 salt
samples 1 sample
samples 2 sample
sandwiches 1 sandwich
sang 2 sing
sank 2 sink
sardines 1 sardine
sat 2 sit
satellites 1 satellite
satellites 2 satellite
satirized 2 satirize
saved 2 save
savers 1 saver
saves 1 save
saves 2 save
saving 2 save
savings 1 saving
saw 2 see
saying 2 say
sayings 1 saying
says 1 say
says 2 say
scaled 2 scale
scales 1 scale
scalping 2 scalp
scanners 1 scanner
scapulas 1 scapula
scared 2 scare
scars 1 scar
scars 2 scar
scattered 2 scatter
scenes 1 scene
scheduled 2 schedule
schematics 1 schematic
schillings 1 schilling
scholarships 1 scholarship
schoolhouses 1 schoolhouse
schooling 2 school
schools 1 school
schools 2 school
sciences 1 science
scientists 1 scientist
scissors 2 scissor
scones 1 scone
scoops 1 scoop
scoops 2 scoop
scooters 1 scooter
scored 2 score
scorer 3 score
scores 1 score
scores 2 score
scoring 2 score
scorpions 1 scorpion
scratched 2 scratch
scratches 1 scratch
scratching 2 scratch
screening 2 screen
screenplays 1 screenplay
screens 1 screen
scripts 1 script
scrolls 1 scroll
sculls 1 scull
sculpted 2 sculpt
scutes 1 scute
sealed 2 seal
seals 1 seal
seams 1 seam
seams 2 seam
searching 2 search
seas 1 sea
seasoning 2 season
seasons 1 season
seasons 2 season
seated 2 seat
seats 1 seat
seats 2 seat
seceded 2 secede
seconds 1 second
seconds 2 second
secrets 1 secret
sections 1 section
secured 2 secure
securities 1 security
seeds 1 seed
seeds 2 seed
seeing 2 see
seeking 2 seek
seen 2 see
sees 1 see
sees 2 see
segments 1 segment
segments 2 segment
seized 2 seize
selected 2 select
selecting 2 select
selling 2 sell
sells 1 sell
sells 2 sell
semicircles 1 semicircle
semiconductors 1 semiconductor
senators 1 senator
sending 2 send
sends 2 send
seniors 1 senior
senses 1 sense
senses 2 sense
sent 2 send
sentenced 2 sentence
sentences 1 sentence
separated 2 separate
separates 1 separate
separates 2 separate
sequencing 2 sequence
served 2 serve
servers 1 server
serves 1 serve
services 1 service
services 2 service
serving 2 serve
sessions 1 session
sets 1 set
setting 2 set
settled 2 settle
settlers 1 settler
seventies 1 seventy
sewed 2 sew
sewn 2 sew
sexiest 3 sexy
shadows 1 shadow
shakes 1 shake
shambles 1 shamble
shaped 2 shape
shapes 1 shape
shapes 2 shape
shared 2 share
shares 1 share
shares 2 share
sharks 1 shark
sharks 2 shark
sharps 1 sharp
shaved 2 shave
shaving 2 shave
sheeps 1 sheep
sheets 1 sheet
shells 1 shell
shelves 1 shelf
shelves 2 shelve
shields 1 shield
shiest 3 shy
shillings 1 shilling
shining 2 shine
shipping 2 ship
ships 1 ship
ships 2 ship
shipwrecked 2 shipwreck
shirts 1 shirt
shirts 2 shirt
shocked 2 shock
shoelaces 1 shoelace
shoes 1 shoe
shoes 2 shoe
shoguns 1 shogun
shook 2 shake
shooting 2 shoot
shootings 1 shooting
shoplifts 2 shoplift
shopping 2 shop
shops 1 shop
shores 1 shore
shores 2 shore
shorter 3 short
shortest 3 short
shorts 1 short
shot 2 shoot
shots 1 shot
shots 2 shot
shoulders 1 shoulder
shouts 1 shout
shouts 2 shout
showed 2 show
showers 1 shower
showing 2 show
shown 2 show
shows 1 show
shows 2 show
shredded 2 shred
shrines 1 shrine
shrink-wrapped 2 shrink-wrap
shrinks 1 shrink
shrinks 2 shrink
shrubs 1 shrub
shunning 2 shun
siblings 1 sibling
sideburns 1 sideburn
sided 2 side
sides 1 side
sides 2 side
sighted 2 sight
sighting 2 sight
signals 1 signal
signals 2 signal
signed 2 sign
signer 3 sign
signifying 2 signify
signing 2 sign
signs 1 sign
signs 2 sign
silver-plated 2 silver-plate
similarities 1 similarity
simpler 3 simple
simplest 3 simple
singers 1 singer
singing 2 sing
singles 1 single
singles 2 single
sings 2 sing
sinking 2 sink
sinning 2 sin
sins 1 sin
sins 2 sin
sired 2 sire
sisters 1 sister
sites 1 site
sites 2 site
sits 2 sit
sitting 2 sit
sizes 1 size
sizes 2 size
skateboarders 1 skateboarder
skateboarding 2 skateboard
skaters 1 skater
skates 1 skate
skating 2 skate
skeletons 1 skeleton
skies 1 sky
skiing 2 ski
skills 1 skill
skins 1 skin
skins 2 skin
skipped 2 skip
skits 1 skit
skittles 1 skittle
skunks 1 skunk
skunks 2 skunk
skyscrapers 1 skyscraper
slammed 2 slam
slams 1 slam
slapping 2 slap
slaughtered 2 slaughter
slaves 1 slave
slaying 2 slay
sleds 1 sled
sleds 2 sled
sleepers 1 sleeper
sleeping 2 sleep
sleeps 1 sleep
sliced 2 slice
slides 1 slide
slides 2 slide
slipcovers 1 slipcover
slits 1 slit
slopes 1 slope
slopes 2 slope
slowest 3 slow
slows 2 slow
slugs 1 slug
smacked 2 smack
smaller 3 small
smallest 3 small
smarter 3 smart
smartest 3 smart
smelliest 3 smelly
smelling 2 smell
smells 1 smell
smokers 1 smoker
smoking 2 smoke
smothering 2 smother
smuggled 2 smuggle
snails 1 snail
snails 2 snail
snakes 1 snake
snakes 2 snake
snapped 2 snap
snatches 1 snatch
sneezes 1 sneeze
sneezing 2 sneeze
sniffing 2 sniff
snoring 2 snore
snowballs 1 snowball
snowiest 3 snowy
snowmobiles 1 snowmobile
snows 1 snow
snows 2 snow
soaring 2 soar
sobbing 2 sob
socks 1 sock
socks 2 sock
softens 2 soften
softest 3 soft
soiling 2 soil
sojourned 2 sojourn
sold 2 sell
soldiers 1 soldier
soldiers 2 soldier
solids 1 solid
solutions 1 solution
solved 2 solve
solves 2 solve
songs 1 song
sonnets 1 sonnet
sonnets 2 sonnet
sons 1 son
sores 1 sore
sought 2 seek
sounded 2 sound
sounds 1 sound
sounds 2 sound
sources 1 source
spaces 1 space
spaces 2 space
spaniels 1 spaniel
spanked 2 spank
spanned 2 span
sparkles 1 sparkle
sparkling 2 sparkle
sparring 2 spar
spas 1 spa
spawned 2 spawn
speaking 2 speak
speaks 2 speak
spears 1 spear
specialized 2 specialize
specializing 2 specialize
species 1 specie
specks 1 speck
spectators 1 spectator
speeches 1 speech
speedier 3 speedy
speeds 1 speed
spelled 2 spell
spelling 2 spell
spells 1 spell
spelunkers 1 spelunker
spelunking 2 spelunk
spending 2 spend
spheres 1 sphere
spices 1 spice
spiders 1 spider
spiked 2 spike
spikes 1 spike
spilled 2 spill
spills 1 spill
spills 2 spill
spinning 2 spin
spins 1 spin
spins 2 spin
spiracles 1 spiracle
spirits 1 spirit
splintering 2 splinter
splints 1 splint
splints 2 splint
splits 1 split
splitting 2 split
spoiled 2 spoil
spoke 2 speak
spoken 2 speak
sponsored 2 sponsor
sponsors 1 sponsor
spoofed 2 spoof
spoons 1 spoon
spores 1 spore
sported 2 sport
sporting 2 sport
sports 1 sport
sports 2 sport
sportsmen 1 sportsman
spots 1 spot
spots 2 spot
spotted 2 spot
spouting 2 spout
sprained 2 sprain
sprang 2 spring
sprawling 2 sprawl
sprayed 2 spray
spreading 2 spread
springs 1 spring
sprinkles 1 sprinkle
sprints 1 sprint
sprints 2 sprint
sprouted 2 sprout
sprouts 1 sprout
spurns 2 spurn
spying 2 spy
squared 2 square
squares 1 square
squares 2 square
squats 1 squat
squirrels 1 squirrel
stabbed 2 stab
stadiums 1 stadium
staged 2 stage
stages 1 stage
stained 2 stain
stains 1 stain
stains 2 stain
stakes 1 stake
stallions 1 stallion
stamped 2 stamp
stamps 1 stamp
stamps 2 stamp
standardized 2 standardize
standards 1 standard
standing 2 stand
stands 1 stand
stands 2 stand
starred 2 star
starring 2 star
stars 1 star
stars 2 star
started 2 start
starting 2 start
starts 1 start
stashed 2 stash
stated 2 state
states 1 state
states 2 state
stationed 2 station
stations 1 station
stations 2 station
statistics 1 statistic
statues 1 statue
stayed 2 stay
stealing 2 steal
steals 1 steal
steals 2 steal
steeped 2 steep
steepest 3 steep
steeples 1 steeple
steering 2 steer
stepped 2 step
steps 1 step
steps 2 step
stereotyped 2 stereotype
steroids 1 steroid
stickers 1 sticker
sticks 1 stick
sticks 2 stick
stilts 1 stilt
stimulated 2 stimulate
stingers 1 stinger
stings 1 sting
stings 2 sting
stirring 2 stir
stitches 1 stitch
stitches 2 stitch
stockholders 1 stockholder
stockings 1 stocking
stocks 1 stock
stocks 2 stock
stokes 2 stoke
stole 2 steal
stolen 2 steal
stomachaches 1 stomachache
stomachs 1 stomach
stones 1 stone
stooping 2 stoop
stopped 2 stop
stops 1 stop
stops 2 stop
stored 2 store
stores 1 store
stores 2 store
stories 1 story
stories 2 story
stormed 2 storm
storms 1 storm
storms 2 storm
straights 1 straight
strains 1 strain
strains 2 strain
straits 1 strait
strands 1 strand
stranger 3 strange
strangers 1 stranger
strategies 1 strategy
strawberries 1 strawberry
streaked 2 streak
streakers 1 streaker
streets 1 street
stretched 2 stretch
stretches 1 stretch
stretches 2 stretch
stretching 2 stretch
strides 1 stride
strides 2 stride
strikeouts 1 strikeout
strikes 1 strike
strikes 2 strike
striking 2 strike
stringed 2 string
strings 1 string
strings 2 string
striped 2 stripe
stripes 1 stripe
stripes 2 stripe
stripped 2 strip
strips 1 strip
strips 2 strip
striving 2 strive
strokes 1 stroke
strokes 2 stroke
strongest 3 strong
struck 2 strike
structured 2 structure
structures 1 structure
stuck 2 stick
students 1 student
studes 2 stud
studios 1 studio
studying 2 study
stuffed 2 stuff
stumps 1 stump
stumps 2 stump
styles 1 style
styles 2 style
subjected 2 subject
subjects 1 subject
subjects 2 subject
submarines 1 submarine
submerged 2 submerge
subscribers 1 subscriber
subsidiaries 1 subsidiary
substances 1 substance
substitutes 1 substitute
substitutions 1 substitution
subtitled 2 subtitle
succeeded 2 succeed
successes 1 success
sucks 1 suck
sued 2 sue
suffered 2 suffer
suffering 2 suffer
suffers 2 suffer
suggested 2 suggest
suicides 1 suicide
suites 1 suite
suites 2 suit
suits 1 suit
sunburned 2 sunburn
sundaes 1 sundae
sung 2 sing
sunk 2 sink
sunken 2 sink
sunniest 3 sunny
suns 1 sun
sunsets 1 sunset
sunspots 1 sunspot
super-powers 1 super-power
supermarkets 1 supermarket
superpowers 1 superpower
supplied 2 supply
supplies 1 supply
supplies 2 supply
supporting 2 support
supports 1 support
supports 2 support
supposed 2 suppose
surfaces 1 surface
surfers 1 surfer
surfing 2 surf
surnames 1 surname
surpassed 2 surpass
surpassing 2 surpass
surprised 2 surprise
surrendered 2 surrender
surrounded 2 surround
surrounds 1 surround
surrounds 2 surround
surveys 1 survey
survived 2 survive
surviving 2 survive
survivors 1 survivor
suspended 2 suspend
suspenders 1 suspender
swallows 1 swallow
swapped 2 swap
swears 2 swear
sweatshops 1 sweatshop
sweepstakes 1 sweepstake
sweeteners 1 sweetener
sweeter 3 sweet
sweetest 3 sweet
swept 2 sweep
swimming 2 swim
swims 1 swim
swims 2 swim
swinging 2 swing
switched 2 switch
switching 2 switch
sworn 2 swear
syllables 1 syllable
symbolized 2 symbolize
symbolizes 2 symbolize
symbols 1 symbol
symbols 2 symbol
symphonies 1 symphony
symposiums 1 symposium
symptoms 1 symptom
synagogues 1 synagogue
syndicated 2 syndicate
systems 1 system
t-shirts 1 t-shirt
tabled 2 table
tables 1 table
tables 2 table
tabs 1 tab
tabs 2 tab
tabulates 2 tabulate
tactics 1 tactic
tadpoles 1 tadpole
tags 1 tag
tags 2 tag
tailbacks 1 tailback
tailoring 2 tailor
tails 1 tail
tails 2 tail
taken 2 take
takes 1 take
takes 2 take
taking 2 take
talents 1 talent
tales 1 tale
talking 2 talk
talks 1 talk
talks 2 talk
taller 3 tall
tallest 3 tall
tamed 2 tame
tanners 1 tanner
tannins 1 tannin
tap-dancing 2 tap-dance
taped 2 tape
tapes 1 tape
targeted 2 target
targets 1 target
tarnished 2 tarnish
tastes 1 taste
tasting 2 taste
tattooed 2 tattoo
taught 2 teach
taxes 1 tax
taxes 2 tax
taxicabs 1 taxicab
taxpayers 1 taxpayer
teachers 1 teacher
teaches 1 teach
teaching 2 teach
teams 1 team
teams 2 team
tears 1 tear
tears 2 tear
teaspoons 1 teaspoon
teats 1 teat
techniques 1 technique
teenager 3 teenage
teenagers 1 teenager
teeth 1 tooth
telephones 1 telephone
telephones 2 telephone
telescopes 1 telescope
televised 2 televise
tells 1 tell
tells 2 tell
temperatures 1 temperature
templates 1 template
temples 1 temple
tenants 1 tenant
tendons 1 tendon
tends 2 tend
tenses 1 tense
tenses 2 tense
tentacles 1 tentacle
tenths 1 tenth
termed 2 term
terminals 1 terminal
termites 1 termite
terms 1 term
terms 2 term
terrified 2 terrify
territories 1 territory
terrorized 2 terrorize
tested 2 test
testicles 1 testicle
testified 2 testify
testing 2 test
tests 1 test
tests 2 test
textiles 1 textile
texts 1 text
thank-yous 1 thank-you
theaters 1 theater
theatres 1 theatre
thefts 1 theft
themes 1 theme
theories 1 theory
thermometers 1 thermometer
thesauri 1 thesaurus
theses 1 thesis
thicker 3 thick
thickest 3 thick
thieves 1 thief
thieves 2 thieve
thighs 1 thigh
things 1 thing
thinking 2 think
thinks 1 think
thinks 2 think
thinner 3 thin
thinnest 3 thin
thorns 1 thorn
thought 2 think
threatened 2 threaten
threatens 2 threaten
thrilled 2 thrill
thrillers 1 thriller
throwing 2 throw
thrown 2 throw
throws 1 throw
thumbs 1 thumb
thunderclouds 1 thundercloud
thunderstorms 1 thunderstorm
tickets 1 ticket
tickets 2 ticket
ticking 2 tick
tides 1 tide
tides 2 tide
tied 2 tie
ties 1 tie
tighter 3 tight
tiles 1 tile
tiles 2 tile
tilts 1 tilt
times 1 time
times 2 time
timing 2 time
tines 1 tine
tines 2 tin
tins 1 tin
tips 1 tip
tired 2 tire
titled 2 title
titles 1 title
titles 2 title
toads 1 toad
todays 1 today
toenails 1 toenail
toes 1 toe
toes 2 toe
toilets 1 toilet
tokens 1 token
told 2 tell
tolling 2 toll
tombs 1 tomb
tons 1 ton
tonsils 1 tonsil
took 2 take
tools 1 tool
tools 2 tool
topped 2 top
toppling 2 topple
tops 1 top
tornadoes 1 tornado
tornados 1 tornado
torpedoed 2 torpedo
torpedoing 2 torpedo
tossed 2 toss
totaled 2 total
totaling 2 total
totalled 2 total
touchbacks 1 touchback
touchdowns 1 touchdown
touched 2 touch
touches 1 touch
touches 2 touch
touching 2 touch
toughest 3 tough
touring 2 tour
tournaments 1 tournament
tours 1 tour
touted 2 tout
towers 1 tower
towers 2 tower
townies 1 townie
towns 1 town
toys 1 toy
toys 2 toy
traces 1 trace
traces 2 trace
tractors 1 tractor
traded 2 trade
trading 2 trade
traditions 1 tradition
trained 2 train
trainers 1 trainer
training 2 train
trains 1 train
trains 2 train
traits 1 trait
tramped 2 tramp
tranquilizers 1 tranquilizer
transfusions 1 transfusion
transistors 1 transistor
translated 2 translate
translations 1 translation
transmits 2 transmit
transmitted 2 transmit
transplanted 2 transplant
transplants 1 transplant
transplants 2 transplant
transported 2 transport
transporting 2 transport
trapped 2 trap
traveled 2 travel
travelers 1 traveler
traveling 2 travel
travelling 2 travel
travels 1 travel
travels 2 travel
traversed 2 traverse
treated 2 treat
treaties 1 treaty
treating 2 treat
treatments 1 treatment
trees 1 tree
trees 2 tree
trembling 2 tremble
trends 1 trend
trends 2 trend
trials 1 trial
tribes 1 tribe
tricked 2 trick
tricks 1 trick
tried 2 try
triggered 2 trigger
triglycerides 1 triglyceride
trips 1 trip
trips 2 trip
troopers 1 trooper
troops 1 troop
troops 2 troop
trotters 1 trotter
troubled 2 trouble
trousers 1 trouser
trucks 1 truck
trucks 2 truck
trusted 2 trust
trustees 1 trustee
truths 1 truth
trying 2 try
tubes 1 tube
tubs 1 tub
tumbled 2 tumble
tumbles 1 tumble
tumbling 2 tumble
tumors 1 tumor
tunes 1 tune
tunnels 1 tunnel
turkeys 1 turkey
turned 2 turn
turning 2 turn
turnips 1 turnip
turns 1 turn
turns 2 turn
turtles 1 turtle
tusked 2 tusk
tusks 1 tusk
tusks 2 tusk
tutored 2 tutor
tutors 1 tutor
twanged 2 twang
tweezers 1 tweezer
twenties 1 twenty
twins 1 twin
twins 2 twin
twisted 2 twist
tycoons 1 tycoon
tying 2 tie
typed 2 type
types 1 type
types 2 type
typewriters 1 typewriter
typhoons 1 typhoon
typing 2 type
umbrellas 1 umbrella
umpires 1 umpire
unarmed 2 unarm
undergarments 1 undergarment
understanding 2 understand
understood 2 understand
unicorns 1 unicorn
unified 2 unify
uniforms 1 uniform
united 2 unite
uniting 2 unite
universities 1 university
unleashed 2 unleash
untying 2 untie
unveiled 2 unveil
updated 2 update
upped 2 up
uppers 1 upper
uprising 2 uprise
ups 2 up
urged 2 urge
urges 1 urge
used 2 use
users 1 user
uses 1 use
uses 2 use
using 2 use
usurped 2 usurp
utensils 1 utensil
utilities 1 utility
uttered 2 utter
vacations 1 vacation
vaccinations 1 vaccination
values 1 value
values 2 value
vampires 1 vampire
variables 1 variable
variations 1 variation
varies 2 vary
varieties 1 variety
vats 1 vat
vegetables 1 vegetable
vehicles 1 vehicle
veins 1 vein
veins 2 vein
vendors 1 vendor
venturing 2 venture
verses 1 verse
versions 1 version
vertebrae 1 vertebra
vertebrates 1 vertebrate
vessels 1 vessel
vests 1 vest
vests 2 vest
veterans 1 veteran
victims 1 victim
victories 1 victory
videos 1 video
viewers 1 viewer
viewing 2 view
views 1 view
villains 1 villain
villi 1 villus
violins 1 violin
virgins 1 virgin
virtues 1 virtue
viruses 1 virus
visions 1 vision
visited 2 visit
visiting 2 visit
visitors 1 visitor
visits 1 visit
vitae 1 vita
vitamins 1 vitamin
vodkas 1 vodka
voices 1 voice
volcanoes 1 volcano
voltages 1 voltage
volumes 1 volume
volunteering 2 volunteer
vomiting 2 vomit
voted 2 vote
votes 1 vote
votes 2 vote
voting 2 vote
vowels 1 vowel
voyages 1 voyage
voyages 2 voyage
waged 2 wage
waiting 2 wait
waits 1 wait
walked 2 walk
walking 2 walk
walls 1 wall
wanted 2 want
wants 1 want
wants 2 want
wards 1 ward
warmest 3 warm
warming 2 warm
warned 2 warn
warriors 1 warrior
wars 1 war
wars 2 war
warts 1 wart
was 2 be
washed 2 wash
washing 2 wash
wasps 1 wasp
watchers 1 watcher
watches 1 watch
watches 2 watch
watching 2 watch
waterfalls 1 waterfall
waters 1 water
waterways 1 waterway
watts 1 watt
waved 2 wave
wavelengths 1 wavelength
waves 1 wave
waves 2 wave
ways 1 way
weakest 3 weak
weaknesses 1 weakness
wealthiest 3 wealthy
weapons 1 weapon
wearing 2 wear
wears 1 wear
wears 2 wear
weasels 1 weasel
webbed 2 web
wedding 2 wed
weddings 1 wedding
wedged 2 wedge
weed 2 wee
weeks 1 week
weevils 1 weevil
weighed 2 weigh
weighing 2 weigh
weighs 2 weigh
weights 1 weight
weirdest 3 weird
welcomed 2 welcome
welding 2 weld
went 2 go
were 2 be
westerns 1 western
wettest 3 wet
whales 1 whale
whales 2 whale
wheelbarrows 1 wheelbarrow
wheels 1 wheel
whiskers 1 whisker
whiskers 2 whisker
whiskeys 1 whiskey
whooping 2 whoop
widest 3 wide
wielded 2 wield
wifes 1 wife
wigs 1 wig
willing 2 will
windiest 3 windy
windmills 1 windmill
windows 1 window
winds 1 wind
winds 2 wind
wineries 1 winery
wines 1 wine
wines 2 wine
winged 2 wing
winging 2 wing
wings 1 wing
wings 2 wing
winners 1 winner
winning 2 win
wins 1 win
wipers 1 wiper
wired 2 wire
wires 1 wire
wires 2 wire
wished 2 wish
witches 1 witch
witches 2 witch
withers 2 wither
witnesses 1 witness
witnesses 2 witness
wives 1 wife
wives 2 wive
woke 2 wake
wolves 1 wolf
women 1 woman
won 2 win
wonders 1 wonder
wonders 2 wonder
woodpeckers 1 woodpecker
words 1 word
words 2 word
wore 2 wear
worked 2 work
workers 1 worker
working 2 work
works 1 work
works 2 work
workshops 1 workshop
worlds 1 world
worms 1 worm
worms 2 worm
worn 2 wear
wound 2 wind
wounded 2 wound
wounds 1 wound
wrapped 2 wrap
wreaks 2 wreak
wrestled 2 wrestle
wrestles 1 wrestle
wrestling 2 wrestle
wrinkles 1 wrinkle
wrinkles 2 wrinkle
writers 1 writer
writes 2 write
writing 2 write
writings 1 writing
written 2 write
wrote 2 write
x-rays 1 x-ray
x-rays 2 x-ray
xerophytes 1 xerophyte
yachting 2 yacht
yachts 1 yacht
yards 1 yard
yearns 2 yearn
years 1 year
yielded 2 yield
yields 1 yield
yields 2 yield
yo-yos 1 yo-yo
yodeling 2 yodel
younger 3 young
youngest 3 young
youngsters 1 youngster
youths 1 youth
zebras 1 zebra
zeroes 1 zero
zeros 1 zero
zeros 2 zero
zippers 1 zipper
zones 1 zone
zones 2 zone
zoos 1 zoo
